<!doctype html public "-//w3c//dtd html 4.0 transitional//en">
<html><head>
<title>Static Call Graph - [.\Object\AIS_Tranceiver2_Prj.axf]</title></head>
<body><HR>
<H1>Static Call Graph for image .\Object\AIS_Tranceiver2_Prj.axf</H1><HR>
<BR><P>#&#060CALLGRAPH&#062# ARM Linker, 5060183: Last Updated: Tue Sep 20 11:04:46 2016
<BR><P>
<H3>Maximum Stack Usage =       1000 bytes + Unknown(Cycles, Untraceable Function Pointers)</H3><H3>
Call chain for Maximum Stack Depth:</H3>
main &rArr; GetCOMMMess &rArr; UartMsgProcess &rArr; FlashWrite &rArr; strtoul &rArr; _strtoul
<P>
<H3>
Mutually Recursive functions
</H3> <LI><a href="#[3]">MemManageException</a>&nbsp;&nbsp;&nbsp;&rArr;&nbsp;&nbsp;&nbsp;<a href="#[3]">MemManageException</a><BR>
 <LI><a href="#[4]">BusFaultException</a>&nbsp;&nbsp;&nbsp;&rArr;&nbsp;&nbsp;&nbsp;<a href="#[4]">BusFaultException</a><BR>
 <LI><a href="#[5]">UsageFaultException</a>&nbsp;&nbsp;&nbsp;&rArr;&nbsp;&nbsp;&nbsp;<a href="#[5]">UsageFaultException</a><BR>
</UL>
<P>
<H3>
Function Pointers
</H3><UL>
 <LI><a href="#[1c]">ADC1_2_IRQHandler</a> from stm32f10x_it.o(.text) referenced from stm32f10x_startup.o(RESET)
 <LI><a href="#[39]">ADC3_IRQHandler</a> from stm32f10x_it.o(.text) referenced from stm32f10x_startup.o(RESET)
 <LI><a href="#[4]">BusFaultException</a> from stm32f10x_it.o(.text) referenced from stm32f10x_startup.o(RESET)
 <LI><a href="#[1f]">CAN_RX1_IRQHandler</a> from stm32f10x_it.o(.text) referenced from stm32f10x_startup.o(RESET)
 <LI><a href="#[20]">CAN_SCE_IRQHandler</a> from stm32f10x_it.o(.text) referenced from stm32f10x_startup.o(RESET)
 <LI><a href="#[15]">DMA1_Channel1_IRQHandler</a> from stm32f10x_it.o(.text) referenced from stm32f10x_startup.o(RESET)
 <LI><a href="#[16]">DMA1_Channel2_IRQHandler</a> from stm32f10x_it.o(.text) referenced from stm32f10x_startup.o(RESET)
 <LI><a href="#[17]">DMA1_Channel3_IRQHandler</a> from stm32f10x_it.o(.text) referenced from stm32f10x_startup.o(RESET)
 <LI><a href="#[18]">DMA1_Channel4_IRQHandler</a> from stm32f10x_it.o(.text) referenced from stm32f10x_startup.o(RESET)
 <LI><a href="#[19]">DMA1_Channel5_IRQHandler</a> from stm32f10x_it.o(.text) referenced from stm32f10x_startup.o(RESET)
 <LI><a href="#[1a]">DMA1_Channel6_IRQHandler</a> from stm32f10x_it.o(.text) referenced from stm32f10x_startup.o(RESET)
 <LI><a href="#[1b]">DMA1_Channel7_IRQHandler</a> from stm32f10x_it.o(.text) referenced from stm32f10x_startup.o(RESET)
 <LI><a href="#[42]">DMA2_Channel1_IRQHandler</a> from stm32f10x_it.o(.text) referenced from stm32f10x_startup.o(RESET)
 <LI><a href="#[43]">DMA2_Channel2_IRQHandler</a> from stm32f10x_it.o(.text) referenced from stm32f10x_startup.o(RESET)
 <LI><a href="#[44]">DMA2_Channel3_IRQHandler</a> from stm32f10x_it.o(.text) referenced from stm32f10x_startup.o(RESET)
 <LI><a href="#[45]">DMA2_Channel4_5_IRQHandler</a> from stm32f10x_it.o(.text) referenced from stm32f10x_startup.o(RESET)
 <LI><a href="#[7]">DebugMonitor</a> from stm32f10x_it.o(.text) referenced from stm32f10x_startup.o(RESET)
 <LI><a href="#[10]">EXTI0_IRQHandler</a> from stm32f10x_it.o(.text) referenced from stm32f10x_startup.o(RESET)
 <LI><a href="#[32]">EXTI15_10_IRQHandler</a> from stm32f10x_it.o(.text) referenced from stm32f10x_startup.o(RESET)
 <LI><a href="#[11]">EXTI1_IRQHandler</a> from stm32f10x_it.o(.text) referenced from stm32f10x_startup.o(RESET)
 <LI><a href="#[12]">EXTI2_IRQHandler</a> from stm32f10x_it.o(.text) referenced from stm32f10x_startup.o(RESET)
 <LI><a href="#[13]">EXTI3_IRQHandler</a> from stm32f10x_it.o(.text) referenced from stm32f10x_startup.o(RESET)
 <LI><a href="#[14]">EXTI4_IRQHandler</a> from stm32f10x_it.o(.text) referenced from stm32f10x_startup.o(RESET)
 <LI><a href="#[21]">EXTI9_5_IRQHandler</a> from stm32f10x_it.o(.text) referenced from stm32f10x_startup.o(RESET)
 <LI><a href="#[e]">FLASH_IRQHandler</a> from stm32f10x_it.o(.text) referenced from stm32f10x_startup.o(RESET)
 <LI><a href="#[3a]">FSMC_IRQHandler</a> from stm32f10x_it.o(.text) referenced from stm32f10x_startup.o(RESET)
 <LI><a href="#[2]">HardFaultException</a> from stm32f10x_it.o(.text) referenced from stm32f10x_startup.o(RESET)
 <LI><a href="#[2a]">I2C1_ER_IRQHandler</a> from stm32f10x_it.o(.text) referenced from stm32f10x_startup.o(RESET)
 <LI><a href="#[29]">I2C1_EV_IRQHandler</a> from stm32f10x_it.o(.text) referenced from stm32f10x_startup.o(RESET)
 <LI><a href="#[2c]">I2C2_ER_IRQHandler</a> from stm32f10x_it.o(.text) referenced from stm32f10x_startup.o(RESET)
 <LI><a href="#[2b]">I2C2_EV_IRQHandler</a> from stm32f10x_it.o(.text) referenced from stm32f10x_startup.o(RESET)
 <LI><a href="#[3]">MemManageException</a> from stm32f10x_it.o(.text) referenced from stm32f10x_startup.o(RESET)
 <LI><a href="#[1]">NMIException</a> from stm32f10x_it.o(.text) referenced from stm32f10x_startup.o(RESET)
 <LI><a href="#[b]">PVD_IRQHandler</a> from stm32f10x_it.o(.text) referenced from stm32f10x_startup.o(RESET)
 <LI><a href="#[8]">PendSVC</a> from stm32f10x_it.o(.text) referenced from stm32f10x_startup.o(RESET)
 <LI><a href="#[f]">RCC_IRQHandler</a> from stm32f10x_it.o(.text) referenced from stm32f10x_startup.o(RESET)
 <LI><a href="#[33]">RTCAlarm_IRQHandler</a> from stm32f10x_it.o(.text) referenced from stm32f10x_startup.o(RESET)
 <LI><a href="#[d]">RTC_IRQHandler</a> from stm32f10x_it.o(.text) referenced from stm32f10x_startup.o(RESET)
 <LI><a href="#[0]">Reset_Handler</a> from stm32f10x_startup.o(.text) referenced from stm32f10x_startup.o(RESET)
 <LI><a href="#[3b]">SDIO_IRQHandler</a> from stm32f10x_it.o(.text) referenced from stm32f10x_startup.o(RESET)
 <LI><a href="#[2d]">SPI1_IRQHandler</a> from stm32f10x_it.o(.text) referenced from stm32f10x_startup.o(RESET)
 <LI><a href="#[2e]">SPI2_IRQHandler</a> from stm32f10x_it.o(.text) referenced from stm32f10x_startup.o(RESET)
 <LI><a href="#[3d]">SPI3_IRQHandler</a> from stm32f10x_it.o(.text) referenced from stm32f10x_startup.o(RESET)
 <LI><a href="#[6]">SVCHandler</a> from stm32f10x_it.o(.text) referenced from stm32f10x_startup.o(RESET)
 <LI><a href="#[9]">SysTickHandler</a> from stm32f10x_it.o(.text) referenced from stm32f10x_startup.o(RESET)
 <LI><a href="#[c]">TAMPER_IRQHandler</a> from stm32f10x_it.o(.text) referenced from stm32f10x_startup.o(RESET)
 <LI><a href="#[22]">TIM1_BRK_IRQHandler</a> from stm32f10x_it.o(.text) referenced from stm32f10x_startup.o(RESET)
 <LI><a href="#[25]">TIM1_CC_IRQHandler</a> from stm32f10x_it.o(.text) referenced from stm32f10x_startup.o(RESET)
 <LI><a href="#[24]">TIM1_TRG_COM_IRQHandler</a> from stm32f10x_it.o(.text) referenced from stm32f10x_startup.o(RESET)
 <LI><a href="#[23]">TIM1_UP_IRQHandler</a> from stm32f10x_it.o(.text) referenced from stm32f10x_startup.o(RESET)
 <LI><a href="#[26]">TIM2_IRQHandler</a> from stm32f10x_it.o(.text) referenced from stm32f10x_startup.o(RESET)
 <LI><a href="#[27]">TIM3_IRQHandler</a> from stm32f10x_it.o(.text) referenced from stm32f10x_startup.o(RESET)
 <LI><a href="#[28]">TIM4_IRQHandler</a> from stm32f10x_it.o(.text) referenced from stm32f10x_startup.o(RESET)
 <LI><a href="#[3c]">TIM5_IRQHandler</a> from stm32f10x_it.o(.text) referenced from stm32f10x_startup.o(RESET)
 <LI><a href="#[40]">TIM6_IRQHandler</a> from stm32f10x_it.o(.text) referenced from stm32f10x_startup.o(RESET)
 <LI><a href="#[41]">TIM7_IRQHandler</a> from stm32f10x_it.o(.text) referenced from stm32f10x_startup.o(RESET)
 <LI><a href="#[35]">TIM8_BRK_IRQHandler</a> from stm32f10x_it.o(.text) referenced from stm32f10x_startup.o(RESET)
 <LI><a href="#[38]">TIM8_CC_IRQHandler</a> from stm32f10x_it.o(.text) referenced from stm32f10x_startup.o(RESET)
 <LI><a href="#[37]">TIM8_TRG_COM_IRQHandler</a> from stm32f10x_it.o(.text) referenced from stm32f10x_startup.o(RESET)
 <LI><a href="#[36]">TIM8_UP_IRQHandler</a> from stm32f10x_it.o(.text) referenced from stm32f10x_startup.o(RESET)
 <LI><a href="#[3e]">UART4_IRQHandler</a> from stm32f10x_it.o(.text) referenced from stm32f10x_startup.o(RESET)
 <LI><a href="#[3f]">UART5_IRQHandler</a> from stm32f10x_it.o(.text) referenced from stm32f10x_startup.o(RESET)
 <LI><a href="#[2f]">USART1_IRQHandler</a> from stm32f10x_it.o(.text) referenced from stm32f10x_startup.o(RESET)
 <LI><a href="#[30]">USART2_IRQHandler</a> from stm32f10x_it.o(.text) referenced from stm32f10x_startup.o(RESET)
 <LI><a href="#[31]">USART3_IRQHandler</a> from stm32f10x_it.o(.text) referenced from stm32f10x_startup.o(RESET)
 <LI><a href="#[34]">USBWakeUp_IRQHandler</a> from stm32f10x_it.o(.text) referenced from stm32f10x_startup.o(RESET)
 <LI><a href="#[1d]">USB_HP_CAN_TX_IRQHandler</a> from stm32f10x_it.o(.text) referenced from stm32f10x_startup.o(RESET)
 <LI><a href="#[1e]">USB_LP_CAN_RX0_IRQHandler</a> from stm32f10x_it.o(.text) referenced from stm32f10x_startup.o(RESET)
 <LI><a href="#[5]">UsageFaultException</a> from stm32f10x_it.o(.text) referenced from stm32f10x_startup.o(RESET)
 <LI><a href="#[a]">WWDG_IRQHandler</a> from stm32f10x_it.o(.text) referenced from stm32f10x_startup.o(RESET)
 <LI><a href="#[47]">__main</a> from entry.o(.ARM.Collect$$$$00000000) referenced from stm32f10x_startup.o(.text)
 <LI><a href="#[49]">_sbackspace</a> from _sgetc.o(.text) referenced from strtod.o(.text)
 <LI><a href="#[48]">_sgetc</a> from _sgetc.o(.text) referenced from strtod.o(.text)
 <LI><a href="#[4b]">_sputc</a> from printfa.o(i._sputc) referenced from printfa.o(i.__0sprintf)
 <LI><a href="#[4b]">_sputc</a> from printfa.o(i._sputc) referenced from printfa.o(i.__0vsprintf)
 <LI><a href="#[4a]">isspace</a> from isspace_o.o(.text) referenced from strtod.o(.text)
 <LI><a href="#[46]">main</a> from main.o(.text) referenced from entry9a.o(.ARM.Collect$$$$0000000B)
</UL>
<P>
<H3>
Global Symbols
</H3>
<P><STRONG><a name="[47]"></a>__main</STRONG> (Thumb, 0 bytes, Stack size unknown bytes, entry.o(.ARM.Collect$$$$00000000))
<BR>[Address Reference Count : 1]<UL><LI> stm32f10x_startup.o(.text)
</UL>
<P><STRONG><a name="[3cd]"></a>_main_stk</STRONG> (Thumb, 0 bytes, Stack size unknown bytes, entry2.o(.ARM.Collect$$$$00000001))

<P><STRONG><a name="[4c]"></a>_main_scatterload</STRONG> (Thumb, 0 bytes, Stack size unknown bytes, entry5.o(.ARM.Collect$$$$00000004))
<BR><BR>[Calls]<UL><LI><a href="#[4d]">&gt;&gt;</a>&nbsp;&nbsp;&nbsp;__scatterload
</UL>

<P><STRONG><a name="[3b4]"></a>__main_after_scatterload</STRONG> (Thumb, 0 bytes, Stack size unknown bytes, entry5.o(.ARM.Collect$$$$00000004))
<BR><BR>[Called By]<UL><LI><a href="#[4d]">&gt;&gt;</a>&nbsp;&nbsp;&nbsp;__scatterload
</UL>

<P><STRONG><a name="[3ce]"></a>_main_clock</STRONG> (Thumb, 0 bytes, Stack size unknown bytes, entry7b.o(.ARM.Collect$$$$00000008))

<P><STRONG><a name="[3cf]"></a>_main_cpp_init</STRONG> (Thumb, 0 bytes, Stack size unknown bytes, entry8b.o(.ARM.Collect$$$$0000000A))

<P><STRONG><a name="[3d0]"></a>_main_init</STRONG> (Thumb, 0 bytes, Stack size unknown bytes, entry9a.o(.ARM.Collect$$$$0000000B))

<P><STRONG><a name="[3d1]"></a>__rt_final_cpp</STRONG> (Thumb, 0 bytes, Stack size unknown bytes, entry10a.o(.ARM.Collect$$$$0000000D))

<P><STRONG><a name="[3d2]"></a>__rt_final_exit</STRONG> (Thumb, 0 bytes, Stack size unknown bytes, entry11a.o(.ARM.Collect$$$$0000000F))

<P><STRONG><a name="[81]"></a>wait</STRONG> (Thumb, 2 bytes, Stack size 0 bytes, stm32f10x_it.o(.emb_text))
<BR><BR>[Called By]<UL><LI><a href="#[2]">&gt;&gt;</a>&nbsp;&nbsp;&nbsp;HardFaultException
</UL>

<P><STRONG><a name="[4e]"></a>EnableRtcInterrupt</STRONG> (Thumb, 34 bytes, Stack size 8 bytes, stm32f10x_target.o(.text), UNUSED)
<BR><BR>[Calls]<UL><LI><a href="#[4f]">&gt;&gt;</a>&nbsp;&nbsp;&nbsp;NVIC_Init
</UL>

<P><STRONG><a name="[50]"></a>Clock_Configuration</STRONG> (Thumb, 78 bytes, Stack size 8 bytes, stm32f10x_target.o(.text))
<BR><BR>[Stack]<UL><LI>Max Depth = 8<LI>Call Chain = Clock_Configuration
</UL>
<BR>[Calls]<UL><LI><a href="#[52]">&gt;&gt;</a>&nbsp;&nbsp;&nbsp;RCC_APB2PeriphClockCmd
<LI><a href="#[53]">&gt;&gt;</a>&nbsp;&nbsp;&nbsp;RCC_APB1PeriphClockCmd
<LI><a href="#[51]">&gt;&gt;</a>&nbsp;&nbsp;&nbsp;RCC_AHBPeriphClockCmd
</UL>
<BR>[Called By]<UL><LI><a href="#[65]">&gt;&gt;</a>&nbsp;&nbsp;&nbsp;Target_Periph_Init
</UL>

<P><STRONG><a name="[54]"></a>SYSCLKConfig_STOP</STRONG> (Thumb, 58 bytes, Stack size 8 bytes, stm32f10x_target.o(.text), UNUSED)
<BR><BR>[Calls]<UL><LI><a href="#[56]">&gt;&gt;</a>&nbsp;&nbsp;&nbsp;RCC_WaitForHSEStartUp
<LI><a href="#[59]">&gt;&gt;</a>&nbsp;&nbsp;&nbsp;RCC_SYSCLKConfig
<LI><a href="#[57]">&gt;&gt;</a>&nbsp;&nbsp;&nbsp;RCC_PLLCmd
<LI><a href="#[55]">&gt;&gt;</a>&nbsp;&nbsp;&nbsp;RCC_HSEConfig
<LI><a href="#[5a]">&gt;&gt;</a>&nbsp;&nbsp;&nbsp;RCC_GetSYSCLKSource
<LI><a href="#[58]">&gt;&gt;</a>&nbsp;&nbsp;&nbsp;RCC_GetFlagStatus
</UL>
<BR>[Called By]<UL><LI><a href="#[5b]">&gt;&gt;</a>&nbsp;&nbsp;&nbsp;EnterStopMod
</UL>

<P><STRONG><a name="[5b]"></a>EnterStopMod</STRONG> (Thumb, 16 bytes, Stack size 8 bytes, stm32f10x_target.o(.text), UNUSED)
<BR><BR>[Calls]<UL><LI><a href="#[5c]">&gt;&gt;</a>&nbsp;&nbsp;&nbsp;PWR_EnterSTOPMode
<LI><a href="#[54]">&gt;&gt;</a>&nbsp;&nbsp;&nbsp;SYSCLKConfig_STOP
</UL>
<BR>[Called By]<UL><LI><a href="#[25c]">&gt;&gt;</a>&nbsp;&nbsp;&nbsp;BatteryTestCtrlLowFreq
</UL>

<P><STRONG><a name="[5d]"></a>EnterStandbyMod</STRONG> (Thumb, 18 bytes, Stack size 8 bytes, stm32f10x_target.o(.text), UNUSED)
<BR><BR>[Calls]<UL><LI><a href="#[5e]">&gt;&gt;</a>&nbsp;&nbsp;&nbsp;SaveBKP_DRPara
<LI><a href="#[5f]">&gt;&gt;</a>&nbsp;&nbsp;&nbsp;SaveBKP_DRData
<LI><a href="#[60]">&gt;&gt;</a>&nbsp;&nbsp;&nbsp;NVIC_GenerateSystemReset
</UL>

<P><STRONG><a name="[61]"></a>MCU_DebugConfig</STRONG> (Thumb, 8 bytes, Stack size 0 bytes, stm32f10x_target.o(.text))
<BR><BR>[Calls]<UL><LI><a href="#[62]">&gt;&gt;</a>&nbsp;&nbsp;&nbsp;DBGMCU_Config
</UL>
<BR>[Called By]<UL><LI><a href="#[63]">&gt;&gt;</a>&nbsp;&nbsp;&nbsp;Target_SysClock_Init
</UL>

<P><STRONG><a name="[63]"></a>Target_SysClock_Init</STRONG> (Thumb, 12 bytes, Stack size 8 bytes, stm32f10x_target.o(.text))
<BR><BR>[Stack]<UL><LI>Max Depth = 28<LI>Call Chain = Target_SysClock_Init &rArr; RCC_Configuration &rArr; RCC_WaitForHSEStartUp
</UL>
<BR>[Calls]<UL><LI><a href="#[61]">&gt;&gt;</a>&nbsp;&nbsp;&nbsp;MCU_DebugConfig
<LI><a href="#[64]">&gt;&gt;</a>&nbsp;&nbsp;&nbsp;RCC_Configuration
</UL>
<BR>[Called By]<UL><LI><a href="#[73]">&gt;&gt;</a>&nbsp;&nbsp;&nbsp;Target_Init
<LI><a href="#[22b]">&gt;&gt;</a>&nbsp;&nbsp;&nbsp;PowerUpProcess
</UL>

<P><STRONG><a name="[65]"></a>Target_Periph_Init</STRONG> (Thumb, 78 bytes, Stack size 8 bytes, stm32f10x_target.o(.text))
<BR><BR>[Stack]<UL><LI>Max Depth = 264<LI>Call Chain = Target_Periph_Init &rArr; SI446X_ModuleInit &rArr; SI446X_RxCfg &rArr; SI446X_GpioPinCfg &rArr; SI446X_GPIO_PIN_CFG &rArr; SI446X_ReadResponse &rArr; SI446X_WaitCts &rArr; SI446X_SPI_ExchangeByte &rArr; GPIO_SPI2_ExchangeByte
</UL>
<BR>[Calls]<UL><LI><a href="#[71]">&gt;&gt;</a>&nbsp;&nbsp;&nbsp;SI446X_ModuleInit
<LI><a href="#[66]">&gt;&gt;</a>&nbsp;&nbsp;&nbsp;RTCConfigurationPart1
<LI><a href="#[70]">&gt;&gt;</a>&nbsp;&nbsp;&nbsp;PTT_OBJ_INIT
<LI><a href="#[6f]">&gt;&gt;</a>&nbsp;&nbsp;&nbsp;PTT_Init_IO
<LI><a href="#[67]">&gt;&gt;</a>&nbsp;&nbsp;&nbsp;NVIC_DeInit
<LI><a href="#[68]">&gt;&gt;</a>&nbsp;&nbsp;&nbsp;Initia_wdg
<LI><a href="#[6d]">&gt;&gt;</a>&nbsp;&nbsp;&nbsp;Initia_RFPower
<LI><a href="#[69]">&gt;&gt;</a>&nbsp;&nbsp;&nbsp;InitiaLED
<LI><a href="#[6b]">&gt;&gt;</a>&nbsp;&nbsp;&nbsp;InitTim2
<LI><a href="#[6e]">&gt;&gt;</a>&nbsp;&nbsp;&nbsp;InitRxTx
<LI><a href="#[6a]">&gt;&gt;</a>&nbsp;&nbsp;&nbsp;InitCommStruc
<LI><a href="#[6c]">&gt;&gt;</a>&nbsp;&nbsp;&nbsp;I2C_EE_Init
<LI><a href="#[50]">&gt;&gt;</a>&nbsp;&nbsp;&nbsp;Clock_Configuration
<LI><a href="#[72]">&gt;&gt;</a>&nbsp;&nbsp;&nbsp;NVIC_Configuration
</UL>
<BR>[Called By]<UL><LI><a href="#[73]">&gt;&gt;</a>&nbsp;&nbsp;&nbsp;Target_Init
<LI><a href="#[22b]">&gt;&gt;</a>&nbsp;&nbsp;&nbsp;PowerUpProcess
</UL>

<P><STRONG><a name="[73]"></a>Target_Init</STRONG> (Thumb, 16 bytes, Stack size 8 bytes, stm32f10x_target.o(.text), UNUSED)
<BR><BR>[Calls]<UL><LI><a href="#[74]">&gt;&gt;</a>&nbsp;&nbsp;&nbsp;InitPowerCtrl
<LI><a href="#[65]">&gt;&gt;</a>&nbsp;&nbsp;&nbsp;Target_Periph_Init
<LI><a href="#[63]">&gt;&gt;</a>&nbsp;&nbsp;&nbsp;Target_SysClock_Init
</UL>

<P><STRONG><a name="[75]"></a>BSP_CPU_ClkFreq</STRONG> (Thumb, 14 bytes, Stack size 8 bytes, stm32f10x_target.o(.text), UNUSED)
<BR><BR>[Calls]<UL><LI><a href="#[76]">&gt;&gt;</a>&nbsp;&nbsp;&nbsp;RCC_GetClocksFreq
</UL>

<P><STRONG><a name="[1]"></a>NMIException</STRONG> (Thumb, 2 bytes, Stack size 0 bytes, stm32f10x_it.o(.text))
<BR>[Address Reference Count : 1]<UL><LI> stm32f10x_startup.o(RESET)
</UL>
<P><STRONG><a name="[3d3]"></a>NMI_Handler</STRONG> (Thumb, 0 bytes, Stack size 0 bytes, stm32f10x_it.o(.text), UNUSED)

<P><STRONG><a name="[2]"></a>HardFaultException</STRONG> (Thumb, 8 bytes, Stack size 0 bytes, stm32f10x_it.o(.text))
<BR><BR>[Calls]<UL><LI><a href="#[81]">&gt;&gt;</a>&nbsp;&nbsp;&nbsp;wait
</UL>
<BR>[Address Reference Count : 1]<UL><LI> stm32f10x_startup.o(RESET)
</UL>
<P><STRONG><a name="[3d4]"></a>HardFault_Handler</STRONG> (Thumb, 0 bytes, Stack size 0 bytes, stm32f10x_it.o(.text), UNUSED)

<P><STRONG><a name="[3]"></a>MemManageException</STRONG> (Thumb, 8 bytes, Stack size 0 bytes, stm32f10x_it.o(.text))
<BR><BR>[Stack]<UL><LI>Max Depth = 168 + In Cycle
<LI>Call Chain = MemManageException &rArr;  MemManageException (Cycle)
</UL>
<BR>[Calls]<UL><LI><a href="#[82]">&gt;&gt;</a>&nbsp;&nbsp;&nbsp;UartResponseMsg
<LI><a href="#[3]">&gt;&gt;</a>&nbsp;&nbsp;&nbsp;MemManageException
</UL>
<BR>[Called By]<UL><LI><a href="#[3]">&gt;&gt;</a>&nbsp;&nbsp;&nbsp;MemManageException
</UL>
<BR>[Address Reference Count : 1]<UL><LI> stm32f10x_startup.o(RESET)
</UL>
<P><STRONG><a name="[3d5]"></a>MemManage_Handler</STRONG> (Thumb, 0 bytes, Stack size 0 bytes, stm32f10x_it.o(.text), UNUSED)

<P><STRONG><a name="[4]"></a>BusFaultException</STRONG> (Thumb, 8 bytes, Stack size 0 bytes, stm32f10x_it.o(.text))
<BR><BR>[Stack]<UL><LI>Max Depth = 168 + In Cycle
<LI>Call Chain = BusFaultException &rArr;  BusFaultException (Cycle)
</UL>
<BR>[Calls]<UL><LI><a href="#[82]">&gt;&gt;</a>&nbsp;&nbsp;&nbsp;UartResponseMsg
<LI><a href="#[4]">&gt;&gt;</a>&nbsp;&nbsp;&nbsp;BusFaultException
</UL>
<BR>[Called By]<UL><LI><a href="#[4]">&gt;&gt;</a>&nbsp;&nbsp;&nbsp;BusFaultException
</UL>
<BR>[Address Reference Count : 1]<UL><LI> stm32f10x_startup.o(RESET)
</UL>
<P><STRONG><a name="[3d6]"></a>BusFault_Handler</STRONG> (Thumb, 0 bytes, Stack size 0 bytes, stm32f10x_it.o(.text), UNUSED)

<P><STRONG><a name="[5]"></a>UsageFaultException</STRONG> (Thumb, 8 bytes, Stack size 0 bytes, stm32f10x_it.o(.text))
<BR><BR>[Stack]<UL><LI>Max Depth = 168 + In Cycle
<LI>Call Chain = UsageFaultException &rArr;  UsageFaultException (Cycle)
</UL>
<BR>[Calls]<UL><LI><a href="#[82]">&gt;&gt;</a>&nbsp;&nbsp;&nbsp;UartResponseMsg
<LI><a href="#[5]">&gt;&gt;</a>&nbsp;&nbsp;&nbsp;UsageFaultException
</UL>
<BR>[Called By]<UL><LI><a href="#[5]">&gt;&gt;</a>&nbsp;&nbsp;&nbsp;UsageFaultException
</UL>
<BR>[Address Reference Count : 1]<UL><LI> stm32f10x_startup.o(RESET)
</UL>
<P><STRONG><a name="[3d7]"></a>UsageFault_Handler</STRONG> (Thumb, 0 bytes, Stack size 0 bytes, stm32f10x_it.o(.text), UNUSED)

<P><STRONG><a name="[3d8]"></a>DebugMon_Handler</STRONG> (Thumb, 0 bytes, Stack size 0 bytes, stm32f10x_it.o(.text), UNUSED)

<P><STRONG><a name="[7]"></a>DebugMonitor</STRONG> (Thumb, 2 bytes, Stack size 0 bytes, stm32f10x_it.o(.text))
<BR>[Address Reference Count : 1]<UL><LI> stm32f10x_startup.o(RESET)
</UL>
<P><STRONG><a name="[6]"></a>SVCHandler</STRONG> (Thumb, 2 bytes, Stack size 0 bytes, stm32f10x_it.o(.text))
<BR>[Address Reference Count : 1]<UL><LI> stm32f10x_startup.o(RESET)
</UL>
<P><STRONG><a name="[3d9]"></a>SVC_Handler</STRONG> (Thumb, 0 bytes, Stack size 0 bytes, stm32f10x_it.o(.text), UNUSED)

<P><STRONG><a name="[8]"></a>PendSVC</STRONG> (Thumb, 2 bytes, Stack size 0 bytes, stm32f10x_it.o(.text))
<BR>[Address Reference Count : 1]<UL><LI> stm32f10x_startup.o(RESET)
</UL>
<P><STRONG><a name="[3da]"></a>PendSV_Handler</STRONG> (Thumb, 0 bytes, Stack size 0 bytes, stm32f10x_it.o(.text), UNUSED)

<P><STRONG><a name="[9]"></a>SysTickHandler</STRONG> (Thumb, 2 bytes, Stack size 0 bytes, stm32f10x_it.o(.text))
<BR>[Address Reference Count : 1]<UL><LI> stm32f10x_startup.o(RESET)
</UL>
<P><STRONG><a name="[3db]"></a>SysTick_Handler</STRONG> (Thumb, 0 bytes, Stack size 0 bytes, stm32f10x_it.o(.text), UNUSED)

<P><STRONG><a name="[a]"></a>WWDG_IRQHandler</STRONG> (Thumb, 2 bytes, Stack size 0 bytes, stm32f10x_it.o(.text))
<BR>[Address Reference Count : 1]<UL><LI> stm32f10x_startup.o(RESET)
</UL>
<P><STRONG><a name="[b]"></a>PVD_IRQHandler</STRONG> (Thumb, 2 bytes, Stack size 0 bytes, stm32f10x_it.o(.text))
<BR>[Address Reference Count : 1]<UL><LI> stm32f10x_startup.o(RESET)
</UL>
<P><STRONG><a name="[c]"></a>TAMPER_IRQHandler</STRONG> (Thumb, 2 bytes, Stack size 0 bytes, stm32f10x_it.o(.text))
<BR>[Address Reference Count : 1]<UL><LI> stm32f10x_startup.o(RESET)
</UL>
<P><STRONG><a name="[d]"></a>RTC_IRQHandler</STRONG> (Thumb, 2 bytes, Stack size 0 bytes, stm32f10x_it.o(.text))
<BR>[Address Reference Count : 1]<UL><LI> stm32f10x_startup.o(RESET)
</UL>
<P><STRONG><a name="[e]"></a>FLASH_IRQHandler</STRONG> (Thumb, 2 bytes, Stack size 0 bytes, stm32f10x_it.o(.text))
<BR>[Address Reference Count : 1]<UL><LI> stm32f10x_startup.o(RESET)
</UL>
<P><STRONG><a name="[f]"></a>RCC_IRQHandler</STRONG> (Thumb, 2 bytes, Stack size 0 bytes, stm32f10x_it.o(.text))
<BR>[Address Reference Count : 1]<UL><LI> stm32f10x_startup.o(RESET)
</UL>
<P><STRONG><a name="[10]"></a>EXTI0_IRQHandler</STRONG> (Thumb, 2 bytes, Stack size 0 bytes, stm32f10x_it.o(.text))
<BR>[Address Reference Count : 1]<UL><LI> stm32f10x_startup.o(RESET)
</UL>
<P><STRONG><a name="[11]"></a>EXTI1_IRQHandler</STRONG> (Thumb, 4 bytes, Stack size 0 bytes, stm32f10x_it.o(.text))
<BR><BR>[Stack]<UL><LI>Max Depth = 16<LI>Call Chain = EXTI1_IRQHandler &rArr; Exti1_Int
</UL>
<BR>[Calls]<UL><LI><a href="#[83]">&gt;&gt;</a>&nbsp;&nbsp;&nbsp;Exti1_Int
</UL>
<BR>[Address Reference Count : 1]<UL><LI> stm32f10x_startup.o(RESET)
</UL>
<P><STRONG><a name="[12]"></a>EXTI2_IRQHandler</STRONG> (Thumb, 2 bytes, Stack size 0 bytes, stm32f10x_it.o(.text))
<BR>[Address Reference Count : 1]<UL><LI> stm32f10x_startup.o(RESET)
</UL>
<P><STRONG><a name="[13]"></a>EXTI3_IRQHandler</STRONG> (Thumb, 2 bytes, Stack size 0 bytes, stm32f10x_it.o(.text))
<BR>[Address Reference Count : 1]<UL><LI> stm32f10x_startup.o(RESET)
</UL>
<P><STRONG><a name="[14]"></a>EXTI4_IRQHandler</STRONG> (Thumb, 2 bytes, Stack size 0 bytes, stm32f10x_it.o(.text))
<BR>[Address Reference Count : 1]<UL><LI> stm32f10x_startup.o(RESET)
</UL>
<P><STRONG><a name="[15]"></a>DMA1_Channel1_IRQHandler</STRONG> (Thumb, 4 bytes, Stack size 0 bytes, stm32f10x_it.o(.text))
<BR><BR>[Stack]<UL><LI>Max Depth = 8<LI>Call Chain = DMA1_Channel1_IRQHandler &rArr; DMA_ADC1_ISR
</UL>
<BR>[Calls]<UL><LI><a href="#[84]">&gt;&gt;</a>&nbsp;&nbsp;&nbsp;DMA_ADC1_ISR
</UL>
<BR>[Address Reference Count : 1]<UL><LI> stm32f10x_startup.o(RESET)
</UL>
<P><STRONG><a name="[16]"></a>DMA1_Channel2_IRQHandler</STRONG> (Thumb, 2 bytes, Stack size 0 bytes, stm32f10x_it.o(.text))
<BR>[Address Reference Count : 1]<UL><LI> stm32f10x_startup.o(RESET)
</UL>
<P><STRONG><a name="[17]"></a>DMA1_Channel3_IRQHandler</STRONG> (Thumb, 2 bytes, Stack size 0 bytes, stm32f10x_it.o(.text))
<BR>[Address Reference Count : 1]<UL><LI> stm32f10x_startup.o(RESET)
</UL>
<P><STRONG><a name="[18]"></a>DMA1_Channel4_IRQHandler</STRONG> (Thumb, 2 bytes, Stack size 0 bytes, stm32f10x_it.o(.text))
<BR>[Address Reference Count : 1]<UL><LI> stm32f10x_startup.o(RESET)
</UL>
<P><STRONG><a name="[19]"></a>DMA1_Channel5_IRQHandler</STRONG> (Thumb, 2 bytes, Stack size 0 bytes, stm32f10x_it.o(.text))
<BR>[Address Reference Count : 1]<UL><LI> stm32f10x_startup.o(RESET)
</UL>
<P><STRONG><a name="[1a]"></a>DMA1_Channel6_IRQHandler</STRONG> (Thumb, 2 bytes, Stack size 0 bytes, stm32f10x_it.o(.text))
<BR>[Address Reference Count : 1]<UL><LI> stm32f10x_startup.o(RESET)
</UL>
<P><STRONG><a name="[1b]"></a>DMA1_Channel7_IRQHandler</STRONG> (Thumb, 2 bytes, Stack size 0 bytes, stm32f10x_it.o(.text))
<BR>[Address Reference Count : 1]<UL><LI> stm32f10x_startup.o(RESET)
</UL>
<P><STRONG><a name="[1c]"></a>ADC1_2_IRQHandler</STRONG> (Thumb, 4 bytes, Stack size 0 bytes, stm32f10x_it.o(.text))
<BR><BR>[Calls]<UL><LI><a href="#[85]">&gt;&gt;</a>&nbsp;&nbsp;&nbsp;ADC1IntProcess
</UL>
<BR>[Address Reference Count : 1]<UL><LI> stm32f10x_startup.o(RESET)
</UL>
<P><STRONG><a name="[1d]"></a>USB_HP_CAN_TX_IRQHandler</STRONG> (Thumb, 2 bytes, Stack size 0 bytes, stm32f10x_it.o(.text))
<BR>[Address Reference Count : 1]<UL><LI> stm32f10x_startup.o(RESET)
</UL>
<P><STRONG><a name="[1e]"></a>USB_LP_CAN_RX0_IRQHandler</STRONG> (Thumb, 2 bytes, Stack size 0 bytes, stm32f10x_it.o(.text))
<BR>[Address Reference Count : 1]<UL><LI> stm32f10x_startup.o(RESET)
</UL>
<P><STRONG><a name="[1f]"></a>CAN_RX1_IRQHandler</STRONG> (Thumb, 2 bytes, Stack size 0 bytes, stm32f10x_it.o(.text))
<BR>[Address Reference Count : 1]<UL><LI> stm32f10x_startup.o(RESET)
</UL>
<P><STRONG><a name="[20]"></a>CAN_SCE_IRQHandler</STRONG> (Thumb, 2 bytes, Stack size 0 bytes, stm32f10x_it.o(.text))
<BR>[Address Reference Count : 1]<UL><LI> stm32f10x_startup.o(RESET)
</UL>
<P><STRONG><a name="[21]"></a>EXTI9_5_IRQHandler</STRONG> (Thumb, 2 bytes, Stack size 0 bytes, stm32f10x_it.o(.text))
<BR>[Address Reference Count : 1]<UL><LI> stm32f10x_startup.o(RESET)
</UL>
<P><STRONG><a name="[22]"></a>TIM1_BRK_IRQHandler</STRONG> (Thumb, 2 bytes, Stack size 0 bytes, stm32f10x_it.o(.text))
<BR>[Address Reference Count : 1]<UL><LI> stm32f10x_startup.o(RESET)
</UL>
<P><STRONG><a name="[23]"></a>TIM1_UP_IRQHandler</STRONG> (Thumb, 2 bytes, Stack size 0 bytes, stm32f10x_it.o(.text))
<BR>[Address Reference Count : 1]<UL><LI> stm32f10x_startup.o(RESET)
</UL>
<P><STRONG><a name="[24]"></a>TIM1_TRG_COM_IRQHandler</STRONG> (Thumb, 2 bytes, Stack size 0 bytes, stm32f10x_it.o(.text))
<BR>[Address Reference Count : 1]<UL><LI> stm32f10x_startup.o(RESET)
</UL>
<P><STRONG><a name="[25]"></a>TIM1_CC_IRQHandler</STRONG> (Thumb, 2 bytes, Stack size 0 bytes, stm32f10x_it.o(.text))
<BR>[Address Reference Count : 1]<UL><LI> stm32f10x_startup.o(RESET)
</UL>
<P><STRONG><a name="[26]"></a>TIM2_IRQHandler</STRONG> (Thumb, 4 bytes, Stack size 0 bytes, stm32f10x_it.o(.text))
<BR><BR>[Stack]<UL><LI>Max Depth = 72<LI>Call Chain = TIM2_IRQHandler &rArr; Tim2Interrupt &rArr; PTT_Timer_Service &rArr; PTT_TX_Control
</UL>
<BR>[Calls]<UL><LI><a href="#[86]">&gt;&gt;</a>&nbsp;&nbsp;&nbsp;Tim2Interrupt
</UL>
<BR>[Address Reference Count : 1]<UL><LI> stm32f10x_startup.o(RESET)
</UL>
<P><STRONG><a name="[27]"></a>TIM3_IRQHandler</STRONG> (Thumb, 2 bytes, Stack size 0 bytes, stm32f10x_it.o(.text))
<BR>[Address Reference Count : 1]<UL><LI> stm32f10x_startup.o(RESET)
</UL>
<P><STRONG><a name="[28]"></a>TIM4_IRQHandler</STRONG> (Thumb, 2 bytes, Stack size 0 bytes, stm32f10x_it.o(.text))
<BR>[Address Reference Count : 1]<UL><LI> stm32f10x_startup.o(RESET)
</UL>
<P><STRONG><a name="[29]"></a>I2C1_EV_IRQHandler</STRONG> (Thumb, 2 bytes, Stack size 0 bytes, stm32f10x_it.o(.text))
<BR>[Address Reference Count : 1]<UL><LI> stm32f10x_startup.o(RESET)
</UL>
<P><STRONG><a name="[2a]"></a>I2C1_ER_IRQHandler</STRONG> (Thumb, 2 bytes, Stack size 0 bytes, stm32f10x_it.o(.text))
<BR>[Address Reference Count : 1]<UL><LI> stm32f10x_startup.o(RESET)
</UL>
<P><STRONG><a name="[2b]"></a>I2C2_EV_IRQHandler</STRONG> (Thumb, 2 bytes, Stack size 0 bytes, stm32f10x_it.o(.text))
<BR>[Address Reference Count : 1]<UL><LI> stm32f10x_startup.o(RESET)
</UL>
<P><STRONG><a name="[2c]"></a>I2C2_ER_IRQHandler</STRONG> (Thumb, 2 bytes, Stack size 0 bytes, stm32f10x_it.o(.text))
<BR>[Address Reference Count : 1]<UL><LI> stm32f10x_startup.o(RESET)
</UL>
<P><STRONG><a name="[2d]"></a>SPI1_IRQHandler</STRONG> (Thumb, 2 bytes, Stack size 0 bytes, stm32f10x_it.o(.text))
<BR>[Address Reference Count : 1]<UL><LI> stm32f10x_startup.o(RESET)
</UL>
<P><STRONG><a name="[2e]"></a>SPI2_IRQHandler</STRONG> (Thumb, 2 bytes, Stack size 0 bytes, stm32f10x_it.o(.text))
<BR>[Address Reference Count : 1]<UL><LI> stm32f10x_startup.o(RESET)
</UL>
<P><STRONG><a name="[2f]"></a>USART1_IRQHandler</STRONG> (Thumb, 4 bytes, Stack size 0 bytes, stm32f10x_it.o(.text))
<BR><BR>[Stack]<UL><LI>Max Depth = 40<LI>Call Chain = USART1_IRQHandler &rArr; Usart1Interrupt &rArr; UartTxIntProcess &rArr; USART_ITConfig
</UL>
<BR>[Calls]<UL><LI><a href="#[87]">&gt;&gt;</a>&nbsp;&nbsp;&nbsp;Usart1Interrupt
</UL>
<BR>[Address Reference Count : 1]<UL><LI> stm32f10x_startup.o(RESET)
</UL>
<P><STRONG><a name="[30]"></a>USART2_IRQHandler</STRONG> (Thumb, 4 bytes, Stack size 0 bytes, stm32f10x_it.o(.text))
<BR><BR>[Stack]<UL><LI>Max Depth = 48<LI>Call Chain = USART2_IRQHandler &rArr; Usart2Interrupt &rArr; UartTxIntProcess &rArr; USART_ITConfig
</UL>
<BR>[Calls]<UL><LI><a href="#[88]">&gt;&gt;</a>&nbsp;&nbsp;&nbsp;Usart2Interrupt
</UL>
<BR>[Address Reference Count : 1]<UL><LI> stm32f10x_startup.o(RESET)
</UL>
<P><STRONG><a name="[31]"></a>USART3_IRQHandler</STRONG> (Thumb, 2 bytes, Stack size 0 bytes, stm32f10x_it.o(.text))
<BR>[Address Reference Count : 1]<UL><LI> stm32f10x_startup.o(RESET)
</UL>
<P><STRONG><a name="[32]"></a>EXTI15_10_IRQHandler</STRONG> (Thumb, 14 bytes, Stack size 8 bytes, stm32f10x_it.o(.text))
<BR><BR>[Stack]<UL><LI>Max Depth = 64<LI>Call Chain = EXTI15_10_IRQHandler &rArr; SI446X_B_TxRxClockIRQS &rArr; TRCTRL_TxDataClockISR &rArr; RF_PowerDown &rArr; SetDAC1Val &rArr; DAC_SetChannel1Data
</UL>
<BR>[Calls]<UL><LI><a href="#[8a]">&gt;&gt;</a>&nbsp;&nbsp;&nbsp;SI446X_B_TxRxClockIRQS
<LI><a href="#[89]">&gt;&gt;</a>&nbsp;&nbsp;&nbsp;SI446X_A_TxRxClockIRQS
</UL>
<BR>[Address Reference Count : 1]<UL><LI> stm32f10x_startup.o(RESET)
</UL>
<P><STRONG><a name="[33]"></a>RTCAlarm_IRQHandler</STRONG> (Thumb, 4 bytes, Stack size 0 bytes, stm32f10x_it.o(.text))
<BR><BR>[Stack]<UL><LI>Max Depth = 152<LI>Call Chain = RTCAlarm_IRQHandler &rArr; RTCAlarmInt &rArr; CalcuSleepSpan &rArr; __aeabi_dmul &rArr; _double_epilogue &rArr; _double_round
</UL>
<BR>[Calls]<UL><LI><a href="#[8b]">&gt;&gt;</a>&nbsp;&nbsp;&nbsp;RTCAlarmInt
</UL>
<BR>[Address Reference Count : 1]<UL><LI> stm32f10x_startup.o(RESET)
</UL>
<P><STRONG><a name="[34]"></a>USBWakeUp_IRQHandler</STRONG> (Thumb, 2 bytes, Stack size 0 bytes, stm32f10x_it.o(.text))
<BR>[Address Reference Count : 1]<UL><LI> stm32f10x_startup.o(RESET)
</UL>
<P><STRONG><a name="[35]"></a>TIM8_BRK_IRQHandler</STRONG> (Thumb, 2 bytes, Stack size 0 bytes, stm32f10x_it.o(.text))
<BR>[Address Reference Count : 1]<UL><LI> stm32f10x_startup.o(RESET)
</UL>
<P><STRONG><a name="[36]"></a>TIM8_UP_IRQHandler</STRONG> (Thumb, 2 bytes, Stack size 0 bytes, stm32f10x_it.o(.text))
<BR>[Address Reference Count : 1]<UL><LI> stm32f10x_startup.o(RESET)
</UL>
<P><STRONG><a name="[37]"></a>TIM8_TRG_COM_IRQHandler</STRONG> (Thumb, 2 bytes, Stack size 0 bytes, stm32f10x_it.o(.text))
<BR>[Address Reference Count : 1]<UL><LI> stm32f10x_startup.o(RESET)
</UL>
<P><STRONG><a name="[38]"></a>TIM8_CC_IRQHandler</STRONG> (Thumb, 2 bytes, Stack size 0 bytes, stm32f10x_it.o(.text))
<BR>[Address Reference Count : 1]<UL><LI> stm32f10x_startup.o(RESET)
</UL>
<P><STRONG><a name="[39]"></a>ADC3_IRQHandler</STRONG> (Thumb, 2 bytes, Stack size 0 bytes, stm32f10x_it.o(.text))
<BR>[Address Reference Count : 1]<UL><LI> stm32f10x_startup.o(RESET)
</UL>
<P><STRONG><a name="[3a]"></a>FSMC_IRQHandler</STRONG> (Thumb, 2 bytes, Stack size 0 bytes, stm32f10x_it.o(.text))
<BR>[Address Reference Count : 1]<UL><LI> stm32f10x_startup.o(RESET)
</UL>
<P><STRONG><a name="[3b]"></a>SDIO_IRQHandler</STRONG> (Thumb, 2 bytes, Stack size 0 bytes, stm32f10x_it.o(.text))
<BR>[Address Reference Count : 1]<UL><LI> stm32f10x_startup.o(RESET)
</UL>
<P><STRONG><a name="[3c]"></a>TIM5_IRQHandler</STRONG> (Thumb, 2 bytes, Stack size 0 bytes, stm32f10x_it.o(.text))
<BR>[Address Reference Count : 1]<UL><LI> stm32f10x_startup.o(RESET)
</UL>
<P><STRONG><a name="[3d]"></a>SPI3_IRQHandler</STRONG> (Thumb, 2 bytes, Stack size 0 bytes, stm32f10x_it.o(.text))
<BR>[Address Reference Count : 1]<UL><LI> stm32f10x_startup.o(RESET)
</UL>
<P><STRONG><a name="[3e]"></a>UART4_IRQHandler</STRONG> (Thumb, 2 bytes, Stack size 0 bytes, stm32f10x_it.o(.text))
<BR>[Address Reference Count : 1]<UL><LI> stm32f10x_startup.o(RESET)
</UL>
<P><STRONG><a name="[3f]"></a>UART5_IRQHandler</STRONG> (Thumb, 2 bytes, Stack size 0 bytes, stm32f10x_it.o(.text))
<BR>[Address Reference Count : 1]<UL><LI> stm32f10x_startup.o(RESET)
</UL>
<P><STRONG><a name="[40]"></a>TIM6_IRQHandler</STRONG> (Thumb, 2 bytes, Stack size 0 bytes, stm32f10x_it.o(.text))
<BR>[Address Reference Count : 1]<UL><LI> stm32f10x_startup.o(RESET)
</UL>
<P><STRONG><a name="[41]"></a>TIM7_IRQHandler</STRONG> (Thumb, 2 bytes, Stack size 0 bytes, stm32f10x_it.o(.text))
<BR>[Address Reference Count : 1]<UL><LI> stm32f10x_startup.o(RESET)
</UL>
<P><STRONG><a name="[42]"></a>DMA2_Channel1_IRQHandler</STRONG> (Thumb, 2 bytes, Stack size 0 bytes, stm32f10x_it.o(.text))
<BR>[Address Reference Count : 1]<UL><LI> stm32f10x_startup.o(RESET)
</UL>
<P><STRONG><a name="[43]"></a>DMA2_Channel2_IRQHandler</STRONG> (Thumb, 2 bytes, Stack size 0 bytes, stm32f10x_it.o(.text))
<BR>[Address Reference Count : 1]<UL><LI> stm32f10x_startup.o(RESET)
</UL>
<P><STRONG><a name="[44]"></a>DMA2_Channel3_IRQHandler</STRONG> (Thumb, 2 bytes, Stack size 0 bytes, stm32f10x_it.o(.text))
<BR>[Address Reference Count : 1]<UL><LI> stm32f10x_startup.o(RESET)
</UL>
<P><STRONG><a name="[45]"></a>DMA2_Channel4_5_IRQHandler</STRONG> (Thumb, 2 bytes, Stack size 0 bytes, stm32f10x_it.o(.text))
<BR>[Address Reference Count : 1]<UL><LI> stm32f10x_startup.o(RESET)
</UL>
<P><STRONG><a name="[0]"></a>Reset_Handler</STRONG> (Thumb, 4 bytes, Stack size 0 bytes, stm32f10x_startup.o(.text))
<BR>[Address Reference Count : 1]<UL><LI> stm32f10x_startup.o(RESET)
</UL>
<P><STRONG><a name="[8c]"></a>IO_Ctrl</STRONG> (Thumb, 204 bytes, Stack size 16 bytes, ioctrl.o(.text))
<BR><BR>[Stack]<UL><LI>Max Depth = 24<LI>Call Chain = IO_Ctrl &rArr; Delay_ms
</UL>
<BR>[Calls]<UL><LI><a href="#[91]">&gt;&gt;</a>&nbsp;&nbsp;&nbsp;SetGpsPulseEn
<LI><a href="#[8e]">&gt;&gt;</a>&nbsp;&nbsp;&nbsp;ResetGpsPulseEn
<LI><a href="#[8f]">&gt;&gt;</a>&nbsp;&nbsp;&nbsp;GPIO_SetBits
<LI><a href="#[8d]">&gt;&gt;</a>&nbsp;&nbsp;&nbsp;GPIO_ResetBits
<LI><a href="#[90]">&gt;&gt;</a>&nbsp;&nbsp;&nbsp;Delay_ms
</UL>
<BR>[Called By]<UL><LI><a href="#[228]">&gt;&gt;</a>&nbsp;&nbsp;&nbsp;LedCtrl
<LI><a href="#[227]">&gt;&gt;</a>&nbsp;&nbsp;&nbsp;LEDAllLight
<LI><a href="#[226]">&gt;&gt;</a>&nbsp;&nbsp;&nbsp;LEDAllDown
<LI><a href="#[203]">&gt;&gt;</a>&nbsp;&nbsp;&nbsp;LEDInit
<LI><a href="#[214]">&gt;&gt;</a>&nbsp;&nbsp;&nbsp;GPS_SelfCheck
<LI><a href="#[207]">&gt;&gt;</a>&nbsp;&nbsp;&nbsp;GpsPowerUp
<LI><a href="#[205]">&gt;&gt;</a>&nbsp;&nbsp;&nbsp;GpsPowerDown
<LI><a href="#[1fa]">&gt;&gt;</a>&nbsp;&nbsp;&nbsp;IniGpsPara
</UL>

<P><STRONG><a name="[3dc]"></a>IO_Write</STRONG> (Thumb, 2 bytes, Stack size 0 bytes, ioctrl.o(.text), UNUSED)

<P><STRONG><a name="[92]"></a>Para_Save</STRONG> (Thumb, 204 bytes, Stack size 64 bytes, parastorage.o(.text))
<BR><BR>[Stack]<UL><LI>Max Depth = 144<LI>Call Chain = Para_Save &rArr; strtoul &rArr; _strtoul
</UL>
<BR>[Calls]<UL><LI><a href="#[95]">&gt;&gt;</a>&nbsp;&nbsp;&nbsp;I2C_EE_BufferWrite
<LI><a href="#[93]">&gt;&gt;</a>&nbsp;&nbsp;&nbsp;EEpromChkSum
<LI><a href="#[94]">&gt;&gt;</a>&nbsp;&nbsp;&nbsp;strtoul
</UL>
<BR>[Called By]<UL><LI><a href="#[9b]">&gt;&gt;</a>&nbsp;&nbsp;&nbsp;Para_CloseTimeSave
<LI><a href="#[9a]">&gt;&gt;</a>&nbsp;&nbsp;&nbsp;Para_OpenTimeSave
<LI><a href="#[22b]">&gt;&gt;</a>&nbsp;&nbsp;&nbsp;PowerUpProcess
<LI><a href="#[202]">&gt;&gt;</a>&nbsp;&nbsp;&nbsp;GpsCtrlProcess
<LI><a href="#[26d]">&gt;&gt;</a>&nbsp;&nbsp;&nbsp;UartMsgProcess
</UL>

<P><STRONG><a name="[96]"></a>Para_DefaultRead</STRONG> (Thumb, 80 bytes, Stack size 16 bytes, parastorage.o(.text))
<BR><BR>[Stack]<UL><LI>Max Depth = 40<LI>Call Chain = Para_DefaultRead &rArr; __2sprintf
</UL>
<BR>[Calls]<UL><LI><a href="#[97]">&gt;&gt;</a>&nbsp;&nbsp;&nbsp;__2sprintf
</UL>
<BR>[Called By]<UL><LI><a href="#[98]">&gt;&gt;</a>&nbsp;&nbsp;&nbsp;Para_Read
</UL>

<P><STRONG><a name="[98]"></a>Para_Read</STRONG> (Thumb, 278 bytes, Stack size 88 bytes, parastorage.o(.text))
<BR><BR>[Stack]<UL><LI>Max Depth = 128<LI>Call Chain = Para_Read &rArr; Para_DefaultRead &rArr; __2sprintf
</UL>
<BR>[Calls]<UL><LI><a href="#[99]">&gt;&gt;</a>&nbsp;&nbsp;&nbsp;I2C_EE_BufferRead
<LI><a href="#[93]">&gt;&gt;</a>&nbsp;&nbsp;&nbsp;EEpromChkSum
<LI><a href="#[96]">&gt;&gt;</a>&nbsp;&nbsp;&nbsp;Para_DefaultRead
<LI><a href="#[97]">&gt;&gt;</a>&nbsp;&nbsp;&nbsp;__2sprintf
</UL>
<BR>[Called By]<UL><LI><a href="#[9c]">&gt;&gt;</a>&nbsp;&nbsp;&nbsp;IniEEPROM_Para
<LI><a href="#[22b]">&gt;&gt;</a>&nbsp;&nbsp;&nbsp;PowerUpProcess
<LI><a href="#[202]">&gt;&gt;</a>&nbsp;&nbsp;&nbsp;GpsCtrlProcess
<LI><a href="#[26d]">&gt;&gt;</a>&nbsp;&nbsp;&nbsp;UartMsgProcess
</UL>

<P><STRONG><a name="[9a]"></a>Para_OpenTimeSave</STRONG> (Thumb, 12 bytes, Stack size 0 bytes, parastorage.o(.text))
<BR><BR>[Stack]<UL><LI>Max Depth = 144<LI>Call Chain = Para_OpenTimeSave &rArr; Para_Save &rArr; strtoul &rArr; _strtoul
</UL>
<BR>[Calls]<UL><LI><a href="#[92]">&gt;&gt;</a>&nbsp;&nbsp;&nbsp;Para_Save
</UL>
<BR>[Called By]<UL><LI><a href="#[22b]">&gt;&gt;</a>&nbsp;&nbsp;&nbsp;PowerUpProcess
<LI><a href="#[202]">&gt;&gt;</a>&nbsp;&nbsp;&nbsp;GpsCtrlProcess
</UL>

<P><STRONG><a name="[9b]"></a>Para_CloseTimeSave</STRONG> (Thumb, 12 bytes, Stack size 0 bytes, parastorage.o(.text))
<BR><BR>[Stack]<UL><LI>Max Depth = 144<LI>Call Chain = Para_CloseTimeSave &rArr; Para_Save &rArr; strtoul &rArr; _strtoul
</UL>
<BR>[Calls]<UL><LI><a href="#[92]">&gt;&gt;</a>&nbsp;&nbsp;&nbsp;Para_Save
</UL>
<BR>[Called By]<UL><LI><a href="#[234]">&gt;&gt;</a>&nbsp;&nbsp;&nbsp;TASK_TaskProcess
<LI><a href="#[22b]">&gt;&gt;</a>&nbsp;&nbsp;&nbsp;PowerUpProcess
<LI><a href="#[202]">&gt;&gt;</a>&nbsp;&nbsp;&nbsp;GpsCtrlProcess
</UL>

<P><STRONG><a name="[9c]"></a>IniEEPROM_Para</STRONG> (Thumb, 672 bytes, Stack size 56 bytes, parastorage.o(.text))
<BR><BR>[Stack]<UL><LI>Max Depth = 448<LI>Call Chain = IniEEPROM_Para &rArr; FlashWrite &rArr; strtoul &rArr; _strtoul
</UL>
<BR>[Calls]<UL><LI><a href="#[a0]">&gt;&gt;</a>&nbsp;&nbsp;&nbsp;FlashWrite
<LI><a href="#[9d]">&gt;&gt;</a>&nbsp;&nbsp;&nbsp;FlashRead
<LI><a href="#[98]">&gt;&gt;</a>&nbsp;&nbsp;&nbsp;Para_Read
<LI><a href="#[9e]">&gt;&gt;</a>&nbsp;&nbsp;&nbsp;atol
<LI><a href="#[97]">&gt;&gt;</a>&nbsp;&nbsp;&nbsp;__2sprintf
<LI><a href="#[a1]">&gt;&gt;</a>&nbsp;&nbsp;&nbsp;strcpy
<LI><a href="#[9f]">&gt;&gt;</a>&nbsp;&nbsp;&nbsp;strlen
<LI><a href="#[a2]">&gt;&gt;</a>&nbsp;&nbsp;&nbsp;strncpy
<LI><a href="#[a3]">&gt;&gt;</a>&nbsp;&nbsp;&nbsp;srand
</UL>
<BR>[Called By]<UL><LI><a href="#[218]">&gt;&gt;</a>&nbsp;&nbsp;&nbsp;Parameter_Init
</UL>

<P><STRONG><a name="[a4]"></a>RxTxCtrl</STRONG> (Thumb, 18 bytes, Stack size 0 bytes, rxtxctrl.o(.text))
<BR><BR>[Stack]<UL><LI>Max Depth = 8<LI>Call Chain = RxTxCtrl &rArr; RxTxSwitch
</UL>
<BR>[Calls]<UL><LI><a href="#[a5]">&gt;&gt;</a>&nbsp;&nbsp;&nbsp;RxTxSwitch
</UL>
<BR>[Called By]<UL><LI><a href="#[24e]">&gt;&gt;</a>&nbsp;&nbsp;&nbsp;TEST_TxTestInit
<LI><a href="#[1de]">&gt;&gt;</a>&nbsp;&nbsp;&nbsp;TRCTRL_TransmitProcess
<LI><a href="#[26d]">&gt;&gt;</a>&nbsp;&nbsp;&nbsp;UartMsgProcess
<LI><a href="#[39f]">&gt;&gt;</a>&nbsp;&nbsp;&nbsp;PTT_MainPower_Check
</UL>

<P><STRONG><a name="[a7]"></a>LocalClockStateCtrlProcess</STRONG> (Thumb, 18 bytes, Stack size 0 bytes, systemtick.o(.text), UNUSED)
<BR><BR>[Called By]<UL><LI><a href="#[a6]">&gt;&gt;</a>&nbsp;&nbsp;&nbsp;init_systermtick
</UL>

<P><STRONG><a name="[a6]"></a>init_systermtick</STRONG> (Thumb, 2 bytes, Stack size 0 bytes, systemtick.o(.text), UNUSED)
<BR><BR>[Calls]<UL><LI><a href="#[a7]">&gt;&gt;</a>&nbsp;&nbsp;&nbsp;LocalClockStateCtrlProcess
</UL>

<P><STRONG><a name="[188]"></a>GetLocalClockTickProcess</STRONG> (Thumb, 6 bytes, Stack size 0 bytes, systemtick.o(.text))
<BR><BR>[Called By]<UL><LI><a href="#[261]">&gt;&gt;</a>&nbsp;&nbsp;&nbsp;SleepTestCtrl
<LI><a href="#[259]">&gt;&gt;</a>&nbsp;&nbsp;&nbsp;Testing_TestMain
<LI><a href="#[22a]">&gt;&gt;</a>&nbsp;&nbsp;&nbsp;LEDReadFileProcess
<LI><a href="#[229]">&gt;&gt;</a>&nbsp;&nbsp;&nbsp;LEDCtrlProcess
<LI><a href="#[214]">&gt;&gt;</a>&nbsp;&nbsp;&nbsp;GPS_SelfCheck
<LI><a href="#[206]">&gt;&gt;</a>&nbsp;&nbsp;&nbsp;GpsCtrlProcess_MsgTest
<LI><a href="#[202]">&gt;&gt;</a>&nbsp;&nbsp;&nbsp;GpsCtrlProcess
<LI><a href="#[1e0]">&gt;&gt;</a>&nbsp;&nbsp;&nbsp;RtcClockChoice
<LI><a href="#[1de]">&gt;&gt;</a>&nbsp;&nbsp;&nbsp;TRCTRL_TransmitProcess
<LI><a href="#[1a6]">&gt;&gt;</a>&nbsp;&nbsp;&nbsp;TDMA_Schedule
<LI><a href="#[199]">&gt;&gt;</a>&nbsp;&nbsp;&nbsp;SOTDMA_ScheduleDual
<LI><a href="#[186]">&gt;&gt;</a>&nbsp;&nbsp;&nbsp;SOTDMA_Schedule
<LI><a href="#[305]">&gt;&gt;</a>&nbsp;&nbsp;&nbsp;PinPulseDown
<LI><a href="#[2b7]">&gt;&gt;</a>&nbsp;&nbsp;&nbsp;TASK_SingleTaskIsTimeout
<LI><a href="#[2b6]">&gt;&gt;</a>&nbsp;&nbsp;&nbsp;TASK_PeriodTaskIsTimeout
<LI><a href="#[2b3]">&gt;&gt;</a>&nbsp;&nbsp;&nbsp;RFL_SelfCheck
<LI><a href="#[29d]">&gt;&gt;</a>&nbsp;&nbsp;&nbsp;TRCTRL_TxTestCtrl
<LI><a href="#[288]">&gt;&gt;</a>&nbsp;&nbsp;&nbsp;UBX_UBXPrtCommCtrlProcess
</UL>

<P><STRONG><a name="[187]"></a>SetTimePeriodProcess</STRONG> (Thumb, 34 bytes, Stack size 0 bytes, systemtick.o(.text))
<BR><BR>[Called By]<UL><LI><a href="#[261]">&gt;&gt;</a>&nbsp;&nbsp;&nbsp;SleepTestCtrl
<LI><a href="#[259]">&gt;&gt;</a>&nbsp;&nbsp;&nbsp;Testing_TestMain
<LI><a href="#[256]">&gt;&gt;</a>&nbsp;&nbsp;&nbsp;IniTestingPara
<LI><a href="#[24c]">&gt;&gt;</a>&nbsp;&nbsp;&nbsp;SetUsartFlg
<LI><a href="#[22a]">&gt;&gt;</a>&nbsp;&nbsp;&nbsp;LEDReadFileProcess
<LI><a href="#[229]">&gt;&gt;</a>&nbsp;&nbsp;&nbsp;LEDCtrlProcess
<LI><a href="#[21a]">&gt;&gt;</a>&nbsp;&nbsp;&nbsp;InitaLEDCtrlPara
<LI><a href="#[204]">&gt;&gt;</a>&nbsp;&nbsp;&nbsp;TASK_TaskTimEnable
<LI><a href="#[214]">&gt;&gt;</a>&nbsp;&nbsp;&nbsp;GPS_SelfCheck
<LI><a href="#[206]">&gt;&gt;</a>&nbsp;&nbsp;&nbsp;GpsCtrlProcess_MsgTest
<LI><a href="#[202]">&gt;&gt;</a>&nbsp;&nbsp;&nbsp;GpsCtrlProcess
<LI><a href="#[1f9]">&gt;&gt;</a>&nbsp;&nbsp;&nbsp;IniGpsCtrlStru
<LI><a href="#[1df]">&gt;&gt;</a>&nbsp;&nbsp;&nbsp;InitTimAdjust
<LI><a href="#[1de]">&gt;&gt;</a>&nbsp;&nbsp;&nbsp;TRCTRL_TransmitProcess
<LI><a href="#[1a6]">&gt;&gt;</a>&nbsp;&nbsp;&nbsp;TDMA_Schedule
<LI><a href="#[1a4]">&gt;&gt;</a>&nbsp;&nbsp;&nbsp;TDMA_TdmaSchedStructInit
<LI><a href="#[199]">&gt;&gt;</a>&nbsp;&nbsp;&nbsp;SOTDMA_ScheduleDual
<LI><a href="#[186]">&gt;&gt;</a>&nbsp;&nbsp;&nbsp;SOTDMA_Schedule
<LI><a href="#[2b7]">&gt;&gt;</a>&nbsp;&nbsp;&nbsp;TASK_SingleTaskIsTimeout
<LI><a href="#[2b6]">&gt;&gt;</a>&nbsp;&nbsp;&nbsp;TASK_PeriodTaskIsTimeout
<LI><a href="#[2b3]">&gt;&gt;</a>&nbsp;&nbsp;&nbsp;RFL_SelfCheck
<LI><a href="#[29d]">&gt;&gt;</a>&nbsp;&nbsp;&nbsp;TRCTRL_TxTestCtrl
<LI><a href="#[288]">&gt;&gt;</a>&nbsp;&nbsp;&nbsp;UBX_UBXPrtCommCtrlProcess
</UL>

<P><STRONG><a name="[22d]"></a>LocalClockCtrlMainProcess</STRONG> (Thumb, 32 bytes, Stack size 0 bytes, systemtick.o(.text))
<BR><BR>[Called By]<UL><LI><a href="#[46]">&gt;&gt;</a>&nbsp;&nbsp;&nbsp;main
</UL>

<P><STRONG><a name="[ce]"></a>DLS_InstFrameFifoStructInit</STRONG> (Thumb, 38 bytes, Stack size 0 bytes, datalinkservice.o(.text))
<BR><BR>[Called By]<UL><LI><a href="#[cd]">&gt;&gt;</a>&nbsp;&nbsp;&nbsp;DLS_ModuleInit
</UL>

<P><STRONG><a name="[a8]"></a>DLS_InstPacketProbeStructInit</STRONG> (Thumb, 18 bytes, Stack size 8 bytes, datalinkservice.o(.text))
<BR><BR>[Stack]<UL><LI>Max Depth = 8<LI>Call Chain = DLS_InstPacketProbeStructInit
</UL>
<BR>[Calls]<UL><LI><a href="#[a9]">&gt;&gt;</a>&nbsp;&nbsp;&nbsp;DLS_PacketProbeStructInit
</UL>
<BR>[Called By]<UL><LI><a href="#[cd]">&gt;&gt;</a>&nbsp;&nbsp;&nbsp;DLS_ModuleInit
</UL>

<P><STRONG><a name="[ac]"></a>DLS_InstBitStreamPutBit</STRONG> (Thumb, 18 bytes, Stack size 0 bytes, datalinkservice.o(.text))
<BR><BR>[Stack]<UL><LI>Max Depth = 16<LI>Call Chain = DLS_InstBitStreamPutBit &rArr; DLS_BitStreamPutBit
</UL>
<BR>[Calls]<UL><LI><a href="#[aa]">&gt;&gt;</a>&nbsp;&nbsp;&nbsp;DLS_BitStreamPutBit
</UL>
<BR>[Called By]<UL><LI><a href="#[8a]">&gt;&gt;</a>&nbsp;&nbsp;&nbsp;SI446X_B_TxRxClockIRQS
<LI><a href="#[89]">&gt;&gt;</a>&nbsp;&nbsp;&nbsp;SI446X_A_TxRxClockIRQS
</UL>

<P><STRONG><a name="[ad]"></a>DLS_InstBitStreamGetBit</STRONG> (Thumb, 18 bytes, Stack size 0 bytes, datalinkservice.o(.text), UNUSED)
<BR><BR>[Calls]<UL><LI><a href="#[ae]">&gt;&gt;</a>&nbsp;&nbsp;&nbsp;DLS_BitStreamGetBit
</UL>

<P><STRONG><a name="[b2]"></a>DLS_Inst1FrameRxFifoEnque</STRONG> (Thumb, 6 bytes, Stack size 0 bytes, datalinkservice.o(.text), UNUSED)
<BR><BR>[Calls]<UL><LI><a href="#[b3]">&gt;&gt;</a>&nbsp;&nbsp;&nbsp;DLS_FrameRxFifoEnque
</UL>

<P><STRONG><a name="[b4]"></a>DLS_Inst2FrameRxFifoEnque</STRONG> (Thumb, 6 bytes, Stack size 0 bytes, datalinkservice.o(.text), UNUSED)
<BR><BR>[Calls]<UL><LI><a href="#[b3]">&gt;&gt;</a>&nbsp;&nbsp;&nbsp;DLS_FrameRxFifoEnque
</UL>

<P><STRONG><a name="[e4]"></a>DLS_InstFrameTxFifoEnque</STRONG> (Thumb, 102 bytes, Stack size 20 bytes, datalinkservice.o(.text))
<BR><BR>[Stack]<UL><LI>Max Depth = 20<LI>Call Chain = DLS_InstFrameTxFifoEnque
</UL>
<BR>[Called By]<UL><LI><a href="#[e3]">&gt;&gt;</a>&nbsp;&nbsp;&nbsp;LME_BinMsgTxFifoPortOut
</UL>

<P><STRONG><a name="[b5]"></a>DLS_Inst1FrameRxFifoDeque</STRONG> (Thumb, 6 bytes, Stack size 0 bytes, datalinkservice.o(.text))
<BR><BR>[Stack]<UL><LI>Max Depth = 8<LI>Call Chain = DLS_Inst1FrameRxFifoDeque &rArr; DLS_FrameRxFifoDeque
</UL>
<BR>[Calls]<UL><LI><a href="#[b6]">&gt;&gt;</a>&nbsp;&nbsp;&nbsp;DLS_FrameRxFifoDeque
</UL>
<BR>[Called By]<UL><LI><a href="#[dc]">&gt;&gt;</a>&nbsp;&nbsp;&nbsp;LME_BinMsgRxFifoPortIn
</UL>

<P><STRONG><a name="[b7]"></a>DLS_Inst2FrameRxFifoDeque</STRONG> (Thumb, 6 bytes, Stack size 0 bytes, datalinkservice.o(.text))
<BR><BR>[Stack]<UL><LI>Max Depth = 8<LI>Call Chain = DLS_Inst2FrameRxFifoDeque &rArr; DLS_FrameRxFifoDeque
</UL>
<BR>[Calls]<UL><LI><a href="#[b6]">&gt;&gt;</a>&nbsp;&nbsp;&nbsp;DLS_FrameRxFifoDeque
</UL>
<BR>[Called By]<UL><LI><a href="#[dc]">&gt;&gt;</a>&nbsp;&nbsp;&nbsp;LME_BinMsgRxFifoPortIn
</UL>

<P><STRONG><a name="[2a3]"></a>DLS_InstFrameTxFifoDeque</STRONG> (Thumb, 92 bytes, Stack size 12 bytes, datalinkservice.o(.text))
<BR><BR>[Stack]<UL><LI>Max Depth = 12<LI>Call Chain = DLS_InstFrameTxFifoDeque
</UL>
<BR>[Called By]<UL><LI><a href="#[1de]">&gt;&gt;</a>&nbsp;&nbsp;&nbsp;TRCTRL_TransmitProcess
</UL>

<P><STRONG><a name="[c0]"></a>DLS_InstPacketProbeProcess</STRONG> (Thumb, 22 bytes, Stack size 8 bytes, datalinkservice.o(.text))
<BR><BR>[Stack]<UL><LI>Max Depth = 96<LI>Call Chain = DLS_InstPacketProbeProcess &rArr; DLS_PacketProbeProcess &rArr; DLS_BitStreamGetFrame &rArr; DLS_BitStreamGetBitQuantity
</UL>
<BR>[Calls]<UL><LI><a href="#[b8]">&gt;&gt;</a>&nbsp;&nbsp;&nbsp;DLS_PacketProbeProcess
</UL>
<BR>[Called By]<UL><LI><a href="#[46]">&gt;&gt;</a>&nbsp;&nbsp;&nbsp;main
<LI><a href="#[1dd]">&gt;&gt;</a>&nbsp;&nbsp;&nbsp;AisMain
</UL>

<P><STRONG><a name="[c1]"></a>DLS_FrameCrcCheck</STRONG> (Thumb, 68 bytes, Stack size 24 bytes, datalinkservice.o(.text))
<BR><BR>[Stack]<UL><LI>Max Depth = 36<LI>Call Chain = DLS_FrameCrcCheck &rArr; AIS_Cal_CRC16
</UL>
<BR>[Calls]<UL><LI><a href="#[c2]">&gt;&gt;</a>&nbsp;&nbsp;&nbsp;AIS_Cal_CRC16
<LI><a href="#[bc]">&gt;&gt;</a>&nbsp;&nbsp;&nbsp;__aeabi_memclr
</UL>
<BR>[Called By]<UL><LI><a href="#[cc]">&gt;&gt;</a>&nbsp;&nbsp;&nbsp;DLS_FrameBuildTest2
<LI><a href="#[cb]">&gt;&gt;</a>&nbsp;&nbsp;&nbsp;DLS_FrameBuildTest
<LI><a href="#[ca]">&gt;&gt;</a>&nbsp;&nbsp;&nbsp;DLS_FrameBuild
</UL>

<P><STRONG><a name="[c3]"></a>DLS_FrameBitStuff</STRONG> (Thumb, 210 bytes, Stack size 32 bytes, datalinkservice.o(.text))
<BR><BR>[Stack]<UL><LI>Max Depth = 32<LI>Call Chain = DLS_FrameBitStuff
</UL>
<BR>[Calls]<UL><LI><a href="#[bc]">&gt;&gt;</a>&nbsp;&nbsp;&nbsp;__aeabi_memclr
</UL>
<BR>[Called By]<UL><LI><a href="#[cc]">&gt;&gt;</a>&nbsp;&nbsp;&nbsp;DLS_FrameBuildTest2
<LI><a href="#[cb]">&gt;&gt;</a>&nbsp;&nbsp;&nbsp;DLS_FrameBuildTest
<LI><a href="#[ca]">&gt;&gt;</a>&nbsp;&nbsp;&nbsp;DLS_FrameBuild
</UL>

<P><STRONG><a name="[c4]"></a>DLS_FrameBitDestuff</STRONG> (Thumb, 210 bytes, Stack size 32 bytes, datalinkservice.o(.text), UNUSED)
<BR><BR>[Calls]<UL><LI><a href="#[bc]">&gt;&gt;</a>&nbsp;&nbsp;&nbsp;__aeabi_memclr
</UL>

<P><STRONG><a name="[c5]"></a>DLS_FrameDataPack</STRONG> (Thumb, 176 bytes, Stack size 24 bytes, datalinkservice.o(.text))
<BR><BR>[Stack]<UL><LI>Max Depth = 24<LI>Call Chain = DLS_FrameDataPack
</UL>
<BR>[Calls]<UL><LI><a href="#[bc]">&gt;&gt;</a>&nbsp;&nbsp;&nbsp;__aeabi_memclr
</UL>
<BR>[Called By]<UL><LI><a href="#[cc]">&gt;&gt;</a>&nbsp;&nbsp;&nbsp;DLS_FrameBuildTest2
<LI><a href="#[ca]">&gt;&gt;</a>&nbsp;&nbsp;&nbsp;DLS_FrameBuild
</UL>

<P><STRONG><a name="[c6]"></a>DLS_FrameDataPack1</STRONG> (Thumb, 240 bytes, Stack size 24 bytes, datalinkservice.o(.text))
<BR><BR>[Stack]<UL><LI>Max Depth = 24<LI>Call Chain = DLS_FrameDataPack1
</UL>
<BR>[Calls]<UL><LI><a href="#[bc]">&gt;&gt;</a>&nbsp;&nbsp;&nbsp;__aeabi_memclr
</UL>
<BR>[Called By]<UL><LI><a href="#[cb]">&gt;&gt;</a>&nbsp;&nbsp;&nbsp;DLS_FrameBuildTest
</UL>

<P><STRONG><a name="[c7]"></a>DLS_FrameDataDepack</STRONG> (Thumb, 126 bytes, Stack size 32 bytes, datalinkservice.o(.text), UNUSED)
<BR><BR>[Calls]<UL><LI><a href="#[bc]">&gt;&gt;</a>&nbsp;&nbsp;&nbsp;__aeabi_memclr
</UL>

<P><STRONG><a name="[c8]"></a>DLS_FrameNrziCode</STRONG> (Thumb, 180 bytes, Stack size 24 bytes, datalinkservice.o(.text))
<BR><BR>[Stack]<UL><LI>Max Depth = 24<LI>Call Chain = DLS_FrameNrziCode
</UL>
<BR>[Calls]<UL><LI><a href="#[bc]">&gt;&gt;</a>&nbsp;&nbsp;&nbsp;__aeabi_memclr
</UL>
<BR>[Called By]<UL><LI><a href="#[ca]">&gt;&gt;</a>&nbsp;&nbsp;&nbsp;DLS_FrameBuild
</UL>

<P><STRONG><a name="[c9]"></a>DLS_FrameNrziDecode</STRONG> (Thumb, 148 bytes, Stack size 32 bytes, datalinkservice.o(.text), UNUSED)
<BR><BR>[Calls]<UL><LI><a href="#[bc]">&gt;&gt;</a>&nbsp;&nbsp;&nbsp;__aeabi_memclr
</UL>

<P><STRONG><a name="[ca]"></a>DLS_FrameBuild</STRONG> (Thumb, 64 bytes, Stack size 16 bytes, datalinkservice.o(.text))
<BR><BR>[Stack]<UL><LI>Max Depth = 52<LI>Call Chain = DLS_FrameBuild &rArr; DLS_FrameCrcCheck &rArr; AIS_Cal_CRC16
</UL>
<BR>[Calls]<UL><LI><a href="#[c8]">&gt;&gt;</a>&nbsp;&nbsp;&nbsp;DLS_FrameNrziCode
<LI><a href="#[c5]">&gt;&gt;</a>&nbsp;&nbsp;&nbsp;DLS_FrameDataPack
<LI><a href="#[c3]">&gt;&gt;</a>&nbsp;&nbsp;&nbsp;DLS_FrameBitStuff
<LI><a href="#[c1]">&gt;&gt;</a>&nbsp;&nbsp;&nbsp;DLS_FrameCrcCheck
<LI><a href="#[bb]">&gt;&gt;</a>&nbsp;&nbsp;&nbsp;malloc
<LI><a href="#[bf]">&gt;&gt;</a>&nbsp;&nbsp;&nbsp;free
<LI><a href="#[bc]">&gt;&gt;</a>&nbsp;&nbsp;&nbsp;__aeabi_memclr
</UL>
<BR>[Called By]<UL><LI><a href="#[e3]">&gt;&gt;</a>&nbsp;&nbsp;&nbsp;LME_BinMsgTxFifoPortOut
</UL>

<P><STRONG><a name="[cb]"></a>DLS_FrameBuildTest</STRONG> (Thumb, 54 bytes, Stack size 16 bytes, datalinkservice.o(.text))
<BR><BR>[Stack]<UL><LI>Max Depth = 52<LI>Call Chain = DLS_FrameBuildTest &rArr; DLS_FrameCrcCheck &rArr; AIS_Cal_CRC16
</UL>
<BR>[Calls]<UL><LI><a href="#[c6]">&gt;&gt;</a>&nbsp;&nbsp;&nbsp;DLS_FrameDataPack1
<LI><a href="#[c3]">&gt;&gt;</a>&nbsp;&nbsp;&nbsp;DLS_FrameBitStuff
<LI><a href="#[c1]">&gt;&gt;</a>&nbsp;&nbsp;&nbsp;DLS_FrameCrcCheck
<LI><a href="#[bb]">&gt;&gt;</a>&nbsp;&nbsp;&nbsp;malloc
<LI><a href="#[bf]">&gt;&gt;</a>&nbsp;&nbsp;&nbsp;free
<LI><a href="#[bc]">&gt;&gt;</a>&nbsp;&nbsp;&nbsp;__aeabi_memclr
</UL>
<BR>[Called By]<UL><LI><a href="#[295]">&gt;&gt;</a>&nbsp;&nbsp;&nbsp;TRCTRL_TxTestSignalInit
</UL>

<P><STRONG><a name="[cc]"></a>DLS_FrameBuildTest2</STRONG> (Thumb, 54 bytes, Stack size 16 bytes, datalinkservice.o(.text), UNUSED)
<BR><BR>[Calls]<UL><LI><a href="#[c5]">&gt;&gt;</a>&nbsp;&nbsp;&nbsp;DLS_FrameDataPack
<LI><a href="#[c3]">&gt;&gt;</a>&nbsp;&nbsp;&nbsp;DLS_FrameBitStuff
<LI><a href="#[c1]">&gt;&gt;</a>&nbsp;&nbsp;&nbsp;DLS_FrameCrcCheck
<LI><a href="#[bb]">&gt;&gt;</a>&nbsp;&nbsp;&nbsp;malloc
<LI><a href="#[bf]">&gt;&gt;</a>&nbsp;&nbsp;&nbsp;free
<LI><a href="#[bc]">&gt;&gt;</a>&nbsp;&nbsp;&nbsp;__aeabi_memclr
</UL>

<P><STRONG><a name="[cd]"></a>DLS_ModuleInit</STRONG> (Thumb, 14 bytes, Stack size 8 bytes, datalinkservice.o(.text))
<BR><BR>[Stack]<UL><LI>Max Depth = 16<LI>Call Chain = DLS_ModuleInit &rArr; DLS_InstPacketProbeStructInit
</UL>
<BR>[Calls]<UL><LI><a href="#[a8]">&gt;&gt;</a>&nbsp;&nbsp;&nbsp;DLS_InstPacketProbeStructInit
<LI><a href="#[ce]">&gt;&gt;</a>&nbsp;&nbsp;&nbsp;DLS_InstFrameFifoStructInit
</UL>
<BR>[Called By]<UL><LI><a href="#[218]">&gt;&gt;</a>&nbsp;&nbsp;&nbsp;Parameter_Init
</UL>

<P><STRONG><a name="[d1]"></a>LME_InstBinMsgFifoStructInit</STRONG> (Thumb, 38 bytes, Stack size 0 bytes, linkmanagemententity.o(.text))
<BR><BR>[Called By]<UL><LI><a href="#[d0]">&gt;&gt;</a>&nbsp;&nbsp;&nbsp;LME_ModuleInit
</UL>

<P><STRONG><a name="[d0]"></a>LME_ModuleInit</STRONG> (Thumb, 2 bytes, Stack size 0 bytes, linkmanagemententity.o(.text))
<BR><BR>[Calls]<UL><LI><a href="#[d1]">&gt;&gt;</a>&nbsp;&nbsp;&nbsp;LME_InstBinMsgFifoStructInit
</UL>
<BR>[Called By]<UL><LI><a href="#[218]">&gt;&gt;</a>&nbsp;&nbsp;&nbsp;Parameter_Init
</UL>

<P><STRONG><a name="[d2]"></a>LME_Inst1BinMsgRxFifoEnque</STRONG> (Thumb, 6 bytes, Stack size 0 bytes, linkmanagemententity.o(.text), UNUSED)
<BR><BR>[Calls]<UL><LI><a href="#[d3]">&gt;&gt;</a>&nbsp;&nbsp;&nbsp;LME_BinMsgRxFifoEnque
</UL>

<P><STRONG><a name="[d4]"></a>LME_Inst2BinMsgRxFifoEnque</STRONG> (Thumb, 6 bytes, Stack size 0 bytes, linkmanagemententity.o(.text), UNUSED)
<BR><BR>[Calls]<UL><LI><a href="#[d3]">&gt;&gt;</a>&nbsp;&nbsp;&nbsp;LME_BinMsgRxFifoEnque
</UL>

<P><STRONG><a name="[d5]"></a>LME_InstBinMsgTxFifoEnque</STRONG> (Thumb, 6 bytes, Stack size 0 bytes, linkmanagemententity.o(.text), UNUSED)
<BR><BR>[Calls]<UL><LI><a href="#[d6]">&gt;&gt;</a>&nbsp;&nbsp;&nbsp;LME_BinMsgTxFifoEnque
</UL>

<P><STRONG><a name="[d7]"></a>LME_Inst1BinMsgRxFifoDeque</STRONG> (Thumb, 6 bytes, Stack size 0 bytes, linkmanagemententity.o(.text), UNUSED)
<BR><BR>[Calls]<UL><LI><a href="#[d8]">&gt;&gt;</a>&nbsp;&nbsp;&nbsp;LME_BinMsgRxFifoDeque
</UL>

<P><STRONG><a name="[d9]"></a>LME_Inst2BinMsgRxFifoDeque</STRONG> (Thumb, 6 bytes, Stack size 0 bytes, linkmanagemententity.o(.text), UNUSED)
<BR><BR>[Calls]<UL><LI><a href="#[d8]">&gt;&gt;</a>&nbsp;&nbsp;&nbsp;LME_BinMsgRxFifoDeque
</UL>

<P><STRONG><a name="[da]"></a>LME_InstBinMsgTxFifoDeque</STRONG> (Thumb, 6 bytes, Stack size 0 bytes, linkmanagemententity.o(.text), UNUSED)
<BR><BR>[Calls]<UL><LI><a href="#[db]">&gt;&gt;</a>&nbsp;&nbsp;&nbsp;LME_BinMsgTxFifoDeque
</UL>

<P><STRONG><a name="[dd]"></a>LME_InstBinMsgRxFifoPortIn</STRONG> (Thumb, 16 bytes, Stack size 8 bytes, linkmanagemententity.o(.text))
<BR><BR>[Stack]<UL><LI>Max Depth = 192<LI>Call Chain = LME_InstBinMsgRxFifoPortIn &rArr; LME_BinMsgRxFifoPortIn &rArr; UartResponseMsg &rArr; UartTxString &rArr; UartTxDataBuf &rArr; UartTxMainProcess &rArr; USART_ITConfig
</UL>
<BR>[Calls]<UL><LI><a href="#[dc]">&gt;&gt;</a>&nbsp;&nbsp;&nbsp;LME_BinMsgRxFifoPortIn
</UL>
<BR>[Called By]<UL><LI><a href="#[e9]">&gt;&gt;</a>&nbsp;&nbsp;&nbsp;LME_BinMsgPort
<LI><a href="#[46]">&gt;&gt;</a>&nbsp;&nbsp;&nbsp;main
</UL>

<P><STRONG><a name="[e2]"></a>LME_InstBinMsgRxFifoPortOut</STRONG> (Thumb, 16 bytes, Stack size 8 bytes, linkmanagemententity.o(.text))
<BR><BR>[Stack]<UL><LI>Max Depth = 304<LI>Call Chain = LME_InstBinMsgRxFifoPortOut &rArr; LME_BinMsgRxFifoPortOut &rArr; AISDI_BuildVDM &rArr; AISDI_SenEnque &rArr; AISDI_IsSenQueFull &rArr; debug_printf &rArr; UartTxString &rArr; UartTxDataBuf &rArr; UartTxMainProcess &rArr; USART_ITConfig
</UL>
<BR>[Calls]<UL><LI><a href="#[de]">&gt;&gt;</a>&nbsp;&nbsp;&nbsp;LME_BinMsgRxFifoPortOut
</UL>
<BR>[Called By]<UL><LI><a href="#[e9]">&gt;&gt;</a>&nbsp;&nbsp;&nbsp;LME_BinMsgPort
</UL>

<P><STRONG><a name="[e3]"></a>LME_BinMsgTxFifoPortOut</STRONG> (Thumb, 216 bytes, Stack size 16 bytes, linkmanagemententity.o(.text))
<BR><BR>[Stack]<UL><LI>Max Depth = 296<LI>Call Chain = LME_BinMsgTxFifoPortOut &rArr; AISDI_BuildVDO &rArr; AISDI_SenEnque &rArr; AISDI_IsSenQueFull &rArr; debug_printf &rArr; UartTxString &rArr; UartTxDataBuf &rArr; UartTxMainProcess &rArr; USART_ITConfig
</UL>
<BR>[Calls]<UL><LI><a href="#[e5]">&gt;&gt;</a>&nbsp;&nbsp;&nbsp;AISDI_BuildVDO
<LI><a href="#[db]">&gt;&gt;</a>&nbsp;&nbsp;&nbsp;LME_BinMsgTxFifoDeque
<LI><a href="#[ca]">&gt;&gt;</a>&nbsp;&nbsp;&nbsp;DLS_FrameBuild
<LI><a href="#[e4]">&gt;&gt;</a>&nbsp;&nbsp;&nbsp;DLS_InstFrameTxFifoEnque
<LI><a href="#[bb]">&gt;&gt;</a>&nbsp;&nbsp;&nbsp;malloc
<LI><a href="#[bf]">&gt;&gt;</a>&nbsp;&nbsp;&nbsp;free
<LI><a href="#[bc]">&gt;&gt;</a>&nbsp;&nbsp;&nbsp;__aeabi_memclr
<LI><a href="#[e0]">&gt;&gt;</a>&nbsp;&nbsp;&nbsp;__aeabi_memcpy
</UL>
<BR>[Called By]<UL><LI><a href="#[e9]">&gt;&gt;</a>&nbsp;&nbsp;&nbsp;LME_BinMsgPort
<LI><a href="#[e6]">&gt;&gt;</a>&nbsp;&nbsp;&nbsp;LME_InstBinMsgTxFifoPortOut
</UL>

<P><STRONG><a name="[e6]"></a>LME_InstBinMsgTxFifoPortOut</STRONG> (Thumb, 4 bytes, Stack size 0 bytes, linkmanagemententity.o(.text), UNUSED)
<BR><BR>[Calls]<UL><LI><a href="#[e3]">&gt;&gt;</a>&nbsp;&nbsp;&nbsp;LME_BinMsgTxFifoPortOut
</UL>

<P><STRONG><a name="[e7]"></a>LME_InstBinMsgTxFifoPortIn</STRONG> (Thumb, 96 bytes, Stack size 16 bytes, linkmanagemententity.o(.text))
<BR><BR>[Stack]<UL><LI>Max Depth = 40<LI>Call Chain = LME_InstBinMsgTxFifoPortIn &rArr; MSGMAN_TxMsgListGetElem &rArr; MSGMAN_MsgStaticListGetHead &rArr; MSGMAN_MsgCellStructCopy
</UL>
<BR>[Calls]<UL><LI><a href="#[e8]">&gt;&gt;</a>&nbsp;&nbsp;&nbsp;MSGMAN_TxMsgListGetElem
<LI><a href="#[d6]">&gt;&gt;</a>&nbsp;&nbsp;&nbsp;LME_BinMsgTxFifoEnque
<LI><a href="#[bb]">&gt;&gt;</a>&nbsp;&nbsp;&nbsp;malloc
<LI><a href="#[bf]">&gt;&gt;</a>&nbsp;&nbsp;&nbsp;free
<LI><a href="#[bd]">&gt;&gt;</a>&nbsp;&nbsp;&nbsp;__aeabi_memclr4
<LI><a href="#[bc]">&gt;&gt;</a>&nbsp;&nbsp;&nbsp;__aeabi_memclr
<LI><a href="#[e0]">&gt;&gt;</a>&nbsp;&nbsp;&nbsp;__aeabi_memcpy
</UL>
<BR>[Called By]<UL><LI><a href="#[e9]">&gt;&gt;</a>&nbsp;&nbsp;&nbsp;LME_BinMsgPort
</UL>

<P><STRONG><a name="[e9]"></a>LME_BinMsgPort</STRONG> (Thumb, 22 bytes, Stack size 8 bytes, linkmanagemententity.o(.text))
<BR><BR>[Stack]<UL><LI>Max Depth = 312<LI>Call Chain = LME_BinMsgPort &rArr; LME_InstBinMsgRxFifoPortOut &rArr; LME_BinMsgRxFifoPortOut &rArr; AISDI_BuildVDM &rArr; AISDI_SenEnque &rArr; AISDI_IsSenQueFull &rArr; debug_printf &rArr; UartTxString &rArr; UartTxDataBuf &rArr; UartTxMainProcess &rArr; USART_ITConfig
</UL>
<BR>[Calls]<UL><LI><a href="#[e7]">&gt;&gt;</a>&nbsp;&nbsp;&nbsp;LME_InstBinMsgTxFifoPortIn
<LI><a href="#[e3]">&gt;&gt;</a>&nbsp;&nbsp;&nbsp;LME_BinMsgTxFifoPortOut
<LI><a href="#[e2]">&gt;&gt;</a>&nbsp;&nbsp;&nbsp;LME_InstBinMsgRxFifoPortOut
<LI><a href="#[dd]">&gt;&gt;</a>&nbsp;&nbsp;&nbsp;LME_InstBinMsgRxFifoPortIn
</UL>
<BR>[Called By]<UL><LI><a href="#[46]">&gt;&gt;</a>&nbsp;&nbsp;&nbsp;main
<LI><a href="#[1dd]">&gt;&gt;</a>&nbsp;&nbsp;&nbsp;AisMain
</UL>

<P><STRONG><a name="[ea]"></a>PHY_InstNRZIStructInit</STRONG> (Thumb, 20 bytes, Stack size 8 bytes, physicallayer.o(.text))
<BR><BR>[Stack]<UL><LI>Max Depth = 8<LI>Call Chain = PHY_InstNRZIStructInit
</UL>
<BR>[Calls]<UL><LI><a href="#[eb]">&gt;&gt;</a>&nbsp;&nbsp;&nbsp;PHY_NRZIStructInit
</UL>
<BR>[Called By]<UL><LI><a href="#[f0]">&gt;&gt;</a>&nbsp;&nbsp;&nbsp;PHY_ModuleInit
</UL>

<P><STRONG><a name="[ec]"></a>PHY_InstNRZIDecodeStart</STRONG> (Thumb, 22 bytes, Stack size 0 bytes, physicallayer.o(.text))
<BR><BR>[Calls]<UL><LI><a href="#[ed]">&gt;&gt;</a>&nbsp;&nbsp;&nbsp;PHY_NRZIDecodeStart
</UL>
<BR>[Called By]<UL><LI><a href="#[f0]">&gt;&gt;</a>&nbsp;&nbsp;&nbsp;PHY_ModuleInit
</UL>

<P><STRONG><a name="[3dd]"></a>PHY_InstNRZIDecodeStop</STRONG> (Thumb, 20 bytes, Stack size 0 bytes, physicallayer.o(.text), UNUSED)

<P><STRONG><a name="[ee]"></a>PHY_InstNRZIDecode</STRONG> (Thumb, 22 bytes, Stack size 0 bytes, physicallayer.o(.text))
<BR><BR>[Calls]<UL><LI><a href="#[ef]">&gt;&gt;</a>&nbsp;&nbsp;&nbsp;PHY_NRZIDecode
</UL>
<BR>[Called By]<UL><LI><a href="#[8a]">&gt;&gt;</a>&nbsp;&nbsp;&nbsp;SI446X_B_TxRxClockIRQS
<LI><a href="#[89]">&gt;&gt;</a>&nbsp;&nbsp;&nbsp;SI446X_A_TxRxClockIRQS
</UL>

<P><STRONG><a name="[f0]"></a>PHY_ModuleInit</STRONG> (Thumb, 24 bytes, Stack size 8 bytes, physicallayer.o(.text))
<BR><BR>[Stack]<UL><LI>Max Depth = 16<LI>Call Chain = PHY_ModuleInit &rArr; PHY_InstNRZIStructInit
</UL>
<BR>[Calls]<UL><LI><a href="#[ec]">&gt;&gt;</a>&nbsp;&nbsp;&nbsp;PHY_InstNRZIDecodeStart
<LI><a href="#[ea]">&gt;&gt;</a>&nbsp;&nbsp;&nbsp;PHY_InstNRZIStructInit
</UL>
<BR>[Called By]<UL><LI><a href="#[218]">&gt;&gt;</a>&nbsp;&nbsp;&nbsp;Parameter_Init
</UL>

<P><STRONG><a name="[f1]"></a>InitGpsCell</STRONG> (Thumb, 6 bytes, Stack size 0 bytes, ais_msgmodu.o(.text))
<BR><BR>[Stack]<UL><LI>Max Depth = 8<LI>Call Chain = InitGpsCell &rArr; IniGpsMsgStru
</UL>
<BR>[Calls]<UL><LI><a href="#[f2]">&gt;&gt;</a>&nbsp;&nbsp;&nbsp;IniGpsMsgStru
</UL>
<BR>[Called By]<UL><LI><a href="#[218]">&gt;&gt;</a>&nbsp;&nbsp;&nbsp;Parameter_Init
</UL>

<P><STRONG><a name="[f4]"></a>bitmap_set_value_for_U8</STRONG> (Thumb, 246 bytes, Stack size 20 bytes, ais_msgmodu.o(.text))
<BR><BR>[Stack]<UL><LI>Max Depth = 20<LI>Call Chain = bitmap_set_value_for_U8
</UL>
<BR>[Called By]<UL><LI><a href="#[f3]">&gt;&gt;</a>&nbsp;&nbsp;&nbsp;bitmap_set_value
</UL>

<P><STRONG><a name="[f3]"></a>bitmap_set_value</STRONG> (Thumb, 98 bytes, Stack size 24 bytes, ais_msgmodu.o(.text))
<BR><BR>[Stack]<UL><LI>Max Depth = 44<LI>Call Chain = bitmap_set_value &rArr; bitmap_set_value_for_U8
</UL>
<BR>[Calls]<UL><LI><a href="#[f4]">&gt;&gt;</a>&nbsp;&nbsp;&nbsp;bitmap_set_value_for_U8
</UL>
<BR>[Called By]<UL><LI><a href="#[104]">&gt;&gt;</a>&nbsp;&nbsp;&nbsp;AISMSG_BuildMsg8
<LI><a href="#[102]">&gt;&gt;</a>&nbsp;&nbsp;&nbsp;AISMSG_BuildMsg7
<LI><a href="#[ff]">&gt;&gt;</a>&nbsp;&nbsp;&nbsp;AISMSG_BuildMsg6
<LI><a href="#[fc]">&gt;&gt;</a>&nbsp;&nbsp;&nbsp;AISMSG_BuildMsg5
<LI><a href="#[fa]">&gt;&gt;</a>&nbsp;&nbsp;&nbsp;AISMSG_BuildMsg3
<LI><a href="#[113]">&gt;&gt;</a>&nbsp;&nbsp;&nbsp;AISMSG_BuildMsg24B
<LI><a href="#[111]">&gt;&gt;</a>&nbsp;&nbsp;&nbsp;AISMSG_BuildMsg24A
<LI><a href="#[10f]">&gt;&gt;</a>&nbsp;&nbsp;&nbsp;AISMSG_BuildMsg19
<LI><a href="#[10c]">&gt;&gt;</a>&nbsp;&nbsp;&nbsp;AISMSG_BuildMsg18
<LI><a href="#[10a]">&gt;&gt;</a>&nbsp;&nbsp;&nbsp;AISMSG_BuildMsg14
<LI><a href="#[108]">&gt;&gt;</a>&nbsp;&nbsp;&nbsp;AISMSG_BuildMsg13
<LI><a href="#[106]">&gt;&gt;</a>&nbsp;&nbsp;&nbsp;AISMSG_BuildMsg12
<LI><a href="#[f8]">&gt;&gt;</a>&nbsp;&nbsp;&nbsp;AISMSG_BuildMsg1
<LI><a href="#[103]">&gt;&gt;</a>&nbsp;&nbsp;&nbsp;InitMsg8
<LI><a href="#[fd]">&gt;&gt;</a>&nbsp;&nbsp;&nbsp;InitMsg6
<LI><a href="#[150]">&gt;&gt;</a>&nbsp;&nbsp;&nbsp;AISMSG_BuildMsg27
<LI><a href="#[14f]">&gt;&gt;</a>&nbsp;&nbsp;&nbsp;AISMSG_BuildMsg26
<LI><a href="#[14e]">&gt;&gt;</a>&nbsp;&nbsp;&nbsp;AISMSG_BuildMsg25
<LI><a href="#[14d]">&gt;&gt;</a>&nbsp;&nbsp;&nbsp;AISMSG_BuildMsg23
<LI><a href="#[14c]">&gt;&gt;</a>&nbsp;&nbsp;&nbsp;AISMSG_BuildMsg22
<LI><a href="#[14b]">&gt;&gt;</a>&nbsp;&nbsp;&nbsp;AISMSG_BuildMsg21
<LI><a href="#[14a]">&gt;&gt;</a>&nbsp;&nbsp;&nbsp;AISMSG_BuildMsg20
<LI><a href="#[149]">&gt;&gt;</a>&nbsp;&nbsp;&nbsp;AISMSG_BuildMsg17
<LI><a href="#[148]">&gt;&gt;</a>&nbsp;&nbsp;&nbsp;AISMSG_BuildMsg16
<LI><a href="#[147]">&gt;&gt;</a>&nbsp;&nbsp;&nbsp;AISMSG_BuildMsg15
<LI><a href="#[146]">&gt;&gt;</a>&nbsp;&nbsp;&nbsp;AISMSG_BuildMsg11
<LI><a href="#[145]">&gt;&gt;</a>&nbsp;&nbsp;&nbsp;AISMSG_BuildMsg10
<LI><a href="#[144]">&gt;&gt;</a>&nbsp;&nbsp;&nbsp;AISMSG_BuildMsg9
<LI><a href="#[143]">&gt;&gt;</a>&nbsp;&nbsp;&nbsp;AISMSG_BuildMsg4
<LI><a href="#[142]">&gt;&gt;</a>&nbsp;&nbsp;&nbsp;AISMSG_BuildMsg2
</UL>

<P><STRONG><a name="[f6]"></a>bitmap_get_value_for_U8</STRONG> (Thumb, 124 bytes, Stack size 16 bytes, ais_msgmodu.o(.text))
<BR><BR>[Stack]<UL><LI>Max Depth = 16<LI>Call Chain = bitmap_get_value_for_U8
</UL>
<BR>[Called By]<UL><LI><a href="#[f5]">&gt;&gt;</a>&nbsp;&nbsp;&nbsp;bitmap_get_value
<LI><a href="#[e5]">&gt;&gt;</a>&nbsp;&nbsp;&nbsp;AISDI_BuildVDO
<LI><a href="#[df]">&gt;&gt;</a>&nbsp;&nbsp;&nbsp;AISDI_BuildVDM
</UL>

<P><STRONG><a name="[f5]"></a>bitmap_get_value</STRONG> (Thumb, 120 bytes, Stack size 24 bytes, ais_msgmodu.o(.text))
<BR><BR>[Stack]<UL><LI>Max Depth = 40<LI>Call Chain = bitmap_get_value &rArr; bitmap_get_value_for_U8
</UL>
<BR>[Calls]<UL><LI><a href="#[f6]">&gt;&gt;</a>&nbsp;&nbsp;&nbsp;bitmap_get_value_for_U8
</UL>
<BR>[Called By]<UL><LI><a href="#[16b]">&gt;&gt;</a>&nbsp;&nbsp;&nbsp;AISMSG_ParseMsg24A
<LI><a href="#[16a]">&gt;&gt;</a>&nbsp;&nbsp;&nbsp;AISMSG_ParseMsg14
<LI><a href="#[169]">&gt;&gt;</a>&nbsp;&nbsp;&nbsp;AISMSG_ParseMsg10
<LI><a href="#[166]">&gt;&gt;</a>&nbsp;&nbsp;&nbsp;AISMSG_ParseMsg27
<LI><a href="#[165]">&gt;&gt;</a>&nbsp;&nbsp;&nbsp;AISMSG_ParseMsg26
<LI><a href="#[164]">&gt;&gt;</a>&nbsp;&nbsp;&nbsp;AISMSG_ParseMsg25
<LI><a href="#[163]">&gt;&gt;</a>&nbsp;&nbsp;&nbsp;AISMSG_ParseMsg24B
<LI><a href="#[162]">&gt;&gt;</a>&nbsp;&nbsp;&nbsp;AISMSG_ParseMsg23
<LI><a href="#[161]">&gt;&gt;</a>&nbsp;&nbsp;&nbsp;AISMSG_ParseMsg22
<LI><a href="#[160]">&gt;&gt;</a>&nbsp;&nbsp;&nbsp;AISMSG_ParseMsg21
<LI><a href="#[15f]">&gt;&gt;</a>&nbsp;&nbsp;&nbsp;AISMSG_ParseMsg20
<LI><a href="#[15e]">&gt;&gt;</a>&nbsp;&nbsp;&nbsp;AISMSG_ParseMsg19
<LI><a href="#[15d]">&gt;&gt;</a>&nbsp;&nbsp;&nbsp;AISMSG_ParseMsg18
<LI><a href="#[15c]">&gt;&gt;</a>&nbsp;&nbsp;&nbsp;AISMSG_ParseMsg17
<LI><a href="#[15b]">&gt;&gt;</a>&nbsp;&nbsp;&nbsp;AISMSG_ParseMsg16
<LI><a href="#[15a]">&gt;&gt;</a>&nbsp;&nbsp;&nbsp;AISMSG_ParseMsg15
<LI><a href="#[159]">&gt;&gt;</a>&nbsp;&nbsp;&nbsp;AISMSG_ParseMsg12
<LI><a href="#[158]">&gt;&gt;</a>&nbsp;&nbsp;&nbsp;AISMSG_ParseMsg9
<LI><a href="#[157]">&gt;&gt;</a>&nbsp;&nbsp;&nbsp;AISMSG_ParseMsg8
<LI><a href="#[156]">&gt;&gt;</a>&nbsp;&nbsp;&nbsp;AISMSG_ParseMsg7_13
<LI><a href="#[155]">&gt;&gt;</a>&nbsp;&nbsp;&nbsp;AISMSG_ParseMsg6
<LI><a href="#[154]">&gt;&gt;</a>&nbsp;&nbsp;&nbsp;AISMSG_ParseMsg5
<LI><a href="#[153]">&gt;&gt;</a>&nbsp;&nbsp;&nbsp;AISMSG_ParseMsg4_11
<LI><a href="#[152]">&gt;&gt;</a>&nbsp;&nbsp;&nbsp;AISMSG_ParseMsg3
<LI><a href="#[151]">&gt;&gt;</a>&nbsp;&nbsp;&nbsp;AISMSG_ParseMsg1_2
</UL>

<P><STRONG><a name="[f7]"></a>InitMsg1</STRONG> (Thumb, 114 bytes, Stack size 48 bytes, ais_msgmodu.o(.text))
<BR><BR>[Stack]<UL><LI>Max Depth = 116<LI>Call Chain = InitMsg1 &rArr; AISMSG_BuildMsg1 &rArr; bitmap_set_value &rArr; bitmap_set_value_for_U8
</UL>
<BR>[Calls]<UL><LI><a href="#[f8]">&gt;&gt;</a>&nbsp;&nbsp;&nbsp;AISMSG_BuildMsg1
</UL>
<BR>[Called By]<UL><LI><a href="#[185]">&gt;&gt;</a>&nbsp;&nbsp;&nbsp;SendMsg1
</UL>

<P><STRONG><a name="[f9]"></a>InitMsg3</STRONG> (Thumb, 116 bytes, Stack size 48 bytes, ais_msgmodu.o(.text))
<BR><BR>[Stack]<UL><LI>Max Depth = 116<LI>Call Chain = InitMsg3 &rArr; AISMSG_BuildMsg3 &rArr; bitmap_set_value &rArr; bitmap_set_value_for_U8
</UL>
<BR>[Calls]<UL><LI><a href="#[fa]">&gt;&gt;</a>&nbsp;&nbsp;&nbsp;AISMSG_BuildMsg3
</UL>
<BR>[Called By]<UL><LI><a href="#[183]">&gt;&gt;</a>&nbsp;&nbsp;&nbsp;SendMsg3
</UL>

<P><STRONG><a name="[fb]"></a>InitMsg5</STRONG> (Thumb, 176 bytes, Stack size 88 bytes, ais_msgmodu.o(.text))
<BR><BR>[Stack]<UL><LI>Max Depth = 164<LI>Call Chain = InitMsg5 &rArr; AISMSG_BuildMsg5 &rArr; bitmap_set_value &rArr; bitmap_set_value_for_U8
</UL>
<BR>[Calls]<UL><LI><a href="#[fc]">&gt;&gt;</a>&nbsp;&nbsp;&nbsp;AISMSG_BuildMsg5
<LI><a href="#[a2]">&gt;&gt;</a>&nbsp;&nbsp;&nbsp;strncpy
</UL>
<BR>[Called By]<UL><LI><a href="#[1b9]">&gt;&gt;</a>&nbsp;&nbsp;&nbsp;SendMsg5
</UL>

<P><STRONG><a name="[fd]"></a>InitMsg6</STRONG> (Thumb, 226 bytes, Stack size 168 bytes, ais_msgmodu.o(.text))
<BR><BR>[Stack]<UL><LI>Max Depth = 244<LI>Call Chain = InitMsg6 &rArr; AISMSG_BuildMsg6 &rArr; bitmap_set_value &rArr; bitmap_set_value_for_U8
</UL>
<BR>[Calls]<UL><LI><a href="#[fe]">&gt;&gt;</a>&nbsp;&nbsp;&nbsp;AsciiToSixBinCode
<LI><a href="#[ff]">&gt;&gt;</a>&nbsp;&nbsp;&nbsp;AISMSG_BuildMsg6
<LI><a href="#[f3]">&gt;&gt;</a>&nbsp;&nbsp;&nbsp;bitmap_set_value
</UL>
<BR>[Called By]<UL><LI><a href="#[1cc]">&gt;&gt;</a>&nbsp;&nbsp;&nbsp;SendMsg6
</UL>

<P><STRONG><a name="[100]"></a>InitMsg6Test</STRONG> (Thumb, 74 bytes, Stack size 144 bytes, ais_msgmodu.o(.text), UNUSED)
<BR><BR>[Calls]<UL><LI><a href="#[ff]">&gt;&gt;</a>&nbsp;&nbsp;&nbsp;AISMSG_BuildMsg6
</UL>
<BR>[Called By]<UL><LI><a href="#[1d3]">&gt;&gt;</a>&nbsp;&nbsp;&nbsp;SendMsg6Test
</UL>

<P><STRONG><a name="[101]"></a>InitMsg7</STRONG> (Thumb, 168 bytes, Stack size 48 bytes, ais_msgmodu.o(.text))
<BR><BR>[Stack]<UL><LI>Max Depth = 116<LI>Call Chain = InitMsg7 &rArr; AISMSG_BuildMsg7 &rArr; bitmap_set_value &rArr; bitmap_set_value_for_U8
</UL>
<BR>[Calls]<UL><LI><a href="#[102]">&gt;&gt;</a>&nbsp;&nbsp;&nbsp;AISMSG_BuildMsg7
</UL>
<BR>[Called By]<UL><LI><a href="#[1ce]">&gt;&gt;</a>&nbsp;&nbsp;&nbsp;SendMsg7
</UL>

<P><STRONG><a name="[103]"></a>InitMsg8</STRONG> (Thumb, 200 bytes, Stack size 160 bytes, ais_msgmodu.o(.text))
<BR><BR>[Stack]<UL><LI>Max Depth = 236<LI>Call Chain = InitMsg8 &rArr; AISMSG_BuildMsg8 &rArr; bitmap_set_value &rArr; bitmap_set_value_for_U8
</UL>
<BR>[Calls]<UL><LI><a href="#[fe]">&gt;&gt;</a>&nbsp;&nbsp;&nbsp;AsciiToSixBinCode
<LI><a href="#[104]">&gt;&gt;</a>&nbsp;&nbsp;&nbsp;AISMSG_BuildMsg8
<LI><a href="#[f3]">&gt;&gt;</a>&nbsp;&nbsp;&nbsp;bitmap_set_value
</UL>
<BR>[Called By]<UL><LI><a href="#[1ca]">&gt;&gt;</a>&nbsp;&nbsp;&nbsp;SendMsg8
</UL>

<P><STRONG><a name="[105]"></a>InitMsg12</STRONG> (Thumb, 98 bytes, Stack size 200 bytes, ais_msgmodu.o(.text))
<BR><BR>[Stack]<UL><LI>Max Depth = 276<LI>Call Chain = InitMsg12 &rArr; AISMSG_BuildMsg12 &rArr; bitmap_set_value &rArr; bitmap_set_value_for_U8
</UL>
<BR>[Calls]<UL><LI><a href="#[fe]">&gt;&gt;</a>&nbsp;&nbsp;&nbsp;AsciiToSixBinCode
<LI><a href="#[106]">&gt;&gt;</a>&nbsp;&nbsp;&nbsp;AISMSG_BuildMsg12
</UL>
<BR>[Called By]<UL><LI><a href="#[1cb]">&gt;&gt;</a>&nbsp;&nbsp;&nbsp;SendMsg12
</UL>

<P><STRONG><a name="[107]"></a>InitMsg13</STRONG> (Thumb, 168 bytes, Stack size 48 bytes, ais_msgmodu.o(.text))
<BR><BR>[Stack]<UL><LI>Max Depth = 116<LI>Call Chain = InitMsg13 &rArr; AISMSG_BuildMsg13 &rArr; bitmap_set_value &rArr; bitmap_set_value_for_U8
</UL>
<BR>[Calls]<UL><LI><a href="#[108]">&gt;&gt;</a>&nbsp;&nbsp;&nbsp;AISMSG_BuildMsg13
</UL>
<BR>[Called By]<UL><LI><a href="#[1cd]">&gt;&gt;</a>&nbsp;&nbsp;&nbsp;SendMsg13
</UL>

<P><STRONG><a name="[109]"></a>InitMsg14</STRONG> (Thumb, 90 bytes, Stack size 192 bytes, ais_msgmodu.o(.text))
<BR><BR>[Stack]<UL><LI>Max Depth = 268<LI>Call Chain = InitMsg14 &rArr; AISMSG_BuildMsg14 &rArr; bitmap_set_value &rArr; bitmap_set_value_for_U8
</UL>
<BR>[Calls]<UL><LI><a href="#[fe]">&gt;&gt;</a>&nbsp;&nbsp;&nbsp;AsciiToSixBinCode
<LI><a href="#[10a]">&gt;&gt;</a>&nbsp;&nbsp;&nbsp;AISMSG_BuildMsg14
</UL>
<BR>[Called By]<UL><LI><a href="#[1c9]">&gt;&gt;</a>&nbsp;&nbsp;&nbsp;SendMsg14
</UL>

<P><STRONG><a name="[10b]"></a>InitMsg18</STRONG> (Thumb, 156 bytes, Stack size 48 bytes, ais_msgmodu.o(.text))
<BR><BR>[Stack]<UL><LI>Max Depth = 116<LI>Call Chain = InitMsg18 &rArr; AISMSG_BuildMsg18 &rArr; bitmap_set_value &rArr; bitmap_set_value_for_U8
</UL>
<BR>[Calls]<UL><LI><a href="#[10c]">&gt;&gt;</a>&nbsp;&nbsp;&nbsp;AISMSG_BuildMsg18
</UL>
<BR>[Called By]<UL><LI><a href="#[184]">&gt;&gt;</a>&nbsp;&nbsp;&nbsp;SendMsg18
</UL>

<P><STRONG><a name="[10d]"></a>InitMsg18Test</STRONG> (Thumb, 100 bytes, Stack size 48 bytes, ais_msgmodu.o(.text))
<BR><BR>[Stack]<UL><LI>Max Depth = 116<LI>Call Chain = InitMsg18Test &rArr; AISMSG_BuildMsg18 &rArr; bitmap_set_value &rArr; bitmap_set_value_for_U8
</UL>
<BR>[Calls]<UL><LI><a href="#[10c]">&gt;&gt;</a>&nbsp;&nbsp;&nbsp;AISMSG_BuildMsg18
</UL>
<BR>[Called By]<UL><LI><a href="#[1d4]">&gt;&gt;</a>&nbsp;&nbsp;&nbsp;SendMsg18Test
</UL>

<P><STRONG><a name="[10e]"></a>InitMsg19</STRONG> (Thumb, 144 bytes, Stack size 72 bytes, ais_msgmodu.o(.text))
<BR><BR>[Stack]<UL><LI>Max Depth = 148<LI>Call Chain = InitMsg19 &rArr; AISMSG_BuildMsg19 &rArr; bitmap_set_value &rArr; bitmap_set_value_for_U8
</UL>
<BR>[Calls]<UL><LI><a href="#[10f]">&gt;&gt;</a>&nbsp;&nbsp;&nbsp;AISMSG_BuildMsg19
<LI><a href="#[a2]">&gt;&gt;</a>&nbsp;&nbsp;&nbsp;strncpy
</UL>
<BR>[Called By]<UL><LI><a href="#[1bc]">&gt;&gt;</a>&nbsp;&nbsp;&nbsp;SendMsg19
</UL>

<P><STRONG><a name="[110]"></a>InitMsg24A</STRONG> (Thumb, 50 bytes, Stack size 40 bytes, ais_msgmodu.o(.text))
<BR><BR>[Stack]<UL><LI>Max Depth = 116<LI>Call Chain = InitMsg24A &rArr; AISMSG_BuildMsg24A &rArr; bitmap_set_value &rArr; bitmap_set_value_for_U8
</UL>
<BR>[Calls]<UL><LI><a href="#[111]">&gt;&gt;</a>&nbsp;&nbsp;&nbsp;AISMSG_BuildMsg24A
<LI><a href="#[a2]">&gt;&gt;</a>&nbsp;&nbsp;&nbsp;strncpy
</UL>
<BR>[Called By]<UL><LI><a href="#[1bb]">&gt;&gt;</a>&nbsp;&nbsp;&nbsp;SendMsg24A
</UL>

<P><STRONG><a name="[112]"></a>InitMsg24B</STRONG> (Thumb, 150 bytes, Stack size 48 bytes, ais_msgmodu.o(.text))
<BR><BR>[Stack]<UL><LI>Max Depth = 124<LI>Call Chain = InitMsg24B &rArr; AISMSG_BuildMsg24B &rArr; bitmap_set_value &rArr; bitmap_set_value_for_U8
</UL>
<BR>[Calls]<UL><LI><a href="#[113]">&gt;&gt;</a>&nbsp;&nbsp;&nbsp;AISMSG_BuildMsg24B
<LI><a href="#[a2]">&gt;&gt;</a>&nbsp;&nbsp;&nbsp;strncpy
</UL>
<BR>[Called By]<UL><LI><a href="#[1ba]">&gt;&gt;</a>&nbsp;&nbsp;&nbsp;SendMsg24B
</UL>

<P><STRONG><a name="[114]"></a>UpdateDynamicReportInterval</STRONG> (Thumb, 50 bytes, Stack size 0 bytes, ais_msgmodu.o(.text))
<BR><BR>[Calls]<UL><LI><a href="#[115]">&gt;&gt;</a>&nbsp;&nbsp;&nbsp;TDMA_InstReportIntervalSample
</UL>
<BR>[Called By]<UL><LI><a href="#[1dd]">&gt;&gt;</a>&nbsp;&nbsp;&nbsp;AisMain
</UL>

<P><STRONG><a name="[116]"></a>UpdateAisDynamicInfo</STRONG> (Thumb, 120 bytes, Stack size 16 bytes, ais_msgmodu.o(.text))
<BR><BR>[Stack]<UL><LI>Max Depth = 80<LI>Call Chain = UpdateAisDynamicInfo &rArr; sqrt &rArr; _dsqrt &rArr; _double_round
</UL>
<BR>[Calls]<UL><LI><a href="#[118]">&gt;&gt;</a>&nbsp;&nbsp;&nbsp;__aeabi_i2d
<LI><a href="#[11a]">&gt;&gt;</a>&nbsp;&nbsp;&nbsp;__aeabi_d2f
<LI><a href="#[117]">&gt;&gt;</a>&nbsp;&nbsp;&nbsp;GetGpsFixSta
<LI><a href="#[119]">&gt;&gt;</a>&nbsp;&nbsp;&nbsp;sqrt
</UL>
<BR>[Called By]<UL><LI><a href="#[1dd]">&gt;&gt;</a>&nbsp;&nbsp;&nbsp;AisMain
</UL>

<P><STRONG><a name="[11b]"></a>GetTemperForCOG</STRONG> (Thumb, 64 bytes, Stack size 16 bytes, ais_msgmodu.o(.text), UNUSED)
<BR><BR>[Calls]<UL><LI><a href="#[11f]">&gt;&gt;</a>&nbsp;&nbsp;&nbsp;__aeabi_fmul
<LI><a href="#[120]">&gt;&gt;</a>&nbsp;&nbsp;&nbsp;__aeabi_f2uiz
<LI><a href="#[11c]">&gt;&gt;</a>&nbsp;&nbsp;&nbsp;__aeabi_f2d
<LI><a href="#[11e]">&gt;&gt;</a>&nbsp;&nbsp;&nbsp;__aeabi_drsub
<LI><a href="#[11d]">&gt;&gt;</a>&nbsp;&nbsp;&nbsp;__aeabi_dadd
<LI><a href="#[11a]">&gt;&gt;</a>&nbsp;&nbsp;&nbsp;__aeabi_d2f
</UL>

<P><STRONG><a name="[124]"></a>GetDistance</STRONG> (Thumb, 272 bytes, Stack size 56 bytes, ais_msgmodu.o(.text))
<BR><BR>[Stack]<UL><LI>Max Depth = 304<LI>Call Chain = GetDistance &rArr; sin &rArr; __ieee754_rem_pio2 &rArr; __aeabi_dsub &rArr; __aeabi_dadd &rArr; _double_epilogue &rArr; _double_round
</UL>
<BR>[Calls]<UL><LI><a href="#[125]">&gt;&gt;</a>&nbsp;&nbsp;&nbsp;__aeabi_dsub
<LI><a href="#[11e]">&gt;&gt;</a>&nbsp;&nbsp;&nbsp;__aeabi_drsub
<LI><a href="#[122]">&gt;&gt;</a>&nbsp;&nbsp;&nbsp;__aeabi_dmul
<LI><a href="#[11d]">&gt;&gt;</a>&nbsp;&nbsp;&nbsp;__aeabi_dadd
<LI><a href="#[12b]">&gt;&gt;</a>&nbsp;&nbsp;&nbsp;__aeabi_d2iz
<LI><a href="#[126]">&gt;&gt;</a>&nbsp;&nbsp;&nbsp;__ARM_scalbn
<LI><a href="#[121]">&gt;&gt;</a>&nbsp;&nbsp;&nbsp;rad
<LI><a href="#[127]">&gt;&gt;</a>&nbsp;&nbsp;&nbsp;sin
<LI><a href="#[128]">&gt;&gt;</a>&nbsp;&nbsp;&nbsp;pow
<LI><a href="#[129]">&gt;&gt;</a>&nbsp;&nbsp;&nbsp;cos
<LI><a href="#[12a]">&gt;&gt;</a>&nbsp;&nbsp;&nbsp;asin
<LI><a href="#[119]">&gt;&gt;</a>&nbsp;&nbsp;&nbsp;sqrt
</UL>
<BR>[Called By]<UL><LI><a href="#[12c]">&gt;&gt;</a>&nbsp;&nbsp;&nbsp;GetSOG
<LI><a href="#[202]">&gt;&gt;</a>&nbsp;&nbsp;&nbsp;GpsCtrlProcess
<LI><a href="#[1fc]">&gt;&gt;</a>&nbsp;&nbsp;&nbsp;DealGpsMsg
</UL>

<P><STRONG><a name="[12c]"></a>GetSOG</STRONG> (Thumb, 472 bytes, Stack size 56 bytes, ais_msgmodu.o(.text), UNUSED)
<BR><BR>[Calls]<UL><LI><a href="#[12e]">&gt;&gt;</a>&nbsp;&nbsp;&nbsp;usart_printf
<LI><a href="#[118]">&gt;&gt;</a>&nbsp;&nbsp;&nbsp;__aeabi_i2d
<LI><a href="#[122]">&gt;&gt;</a>&nbsp;&nbsp;&nbsp;__aeabi_dmul
<LI><a href="#[123]">&gt;&gt;</a>&nbsp;&nbsp;&nbsp;__aeabi_ddiv
<LI><a href="#[11d]">&gt;&gt;</a>&nbsp;&nbsp;&nbsp;__aeabi_dadd
<LI><a href="#[12d]">&gt;&gt;</a>&nbsp;&nbsp;&nbsp;__aeabi_d2uiz
<LI><a href="#[124]">&gt;&gt;</a>&nbsp;&nbsp;&nbsp;GetDistance
</UL>

<P><STRONG><a name="[140]"></a>AISDI_InitABMStruct</STRONG> (Thumb, 30 bytes, Stack size 0 bytes, aisdigitalinterface.o(.text))
<BR><BR>[Called By]<UL><LI><a href="#[13f]">&gt;&gt;</a>&nbsp;&nbsp;&nbsp;AISDI_ModuleInit
</UL>

<P><STRONG><a name="[141]"></a>AISDI_InitBBMStruct</STRONG> (Thumb, 28 bytes, Stack size 0 bytes, aisdigitalinterface.o(.text))
<BR><BR>[Called By]<UL><LI><a href="#[13f]">&gt;&gt;</a>&nbsp;&nbsp;&nbsp;AISDI_ModuleInit
</UL>

<P><STRONG><a name="[3de]"></a>AISDI_InitAisDiSenFifoInstance</STRONG> (Thumb, 14 bytes, Stack size 0 bytes, aisdigitalinterface.o(.text), UNUSED)

<P><STRONG><a name="[fe]"></a>AsciiToSixBinCode</STRONG> (Thumb, 18 bytes, Stack size 0 bytes, aisdigitalinterface.o(.text))
<BR><BR>[Called By]<UL><LI><a href="#[109]">&gt;&gt;</a>&nbsp;&nbsp;&nbsp;InitMsg14
<LI><a href="#[105]">&gt;&gt;</a>&nbsp;&nbsp;&nbsp;InitMsg12
<LI><a href="#[103]">&gt;&gt;</a>&nbsp;&nbsp;&nbsp;InitMsg8
<LI><a href="#[fd]">&gt;&gt;</a>&nbsp;&nbsp;&nbsp;InitMsg6
</UL>

<P><STRONG><a name="[138]"></a>SixBinCodeToAscii</STRONG> (Thumb, 14 bytes, Stack size 0 bytes, aisdigitalinterface.o(.text))
<BR><BR>[Called By]<UL><LI><a href="#[e5]">&gt;&gt;</a>&nbsp;&nbsp;&nbsp;AISDI_BuildVDO
<LI><a href="#[df]">&gt;&gt;</a>&nbsp;&nbsp;&nbsp;AISDI_BuildVDM
</UL>

<P><STRONG><a name="[12f]"></a>AISDI_IsSenQueFull</STRONG> (Thumb, 50 bytes, Stack size 8 bytes, aisdigitalinterface.o(.text))
<BR><BR>[Stack]<UL><LI>Max Depth = 80<LI>Call Chain = AISDI_IsSenQueFull &rArr; debug_printf &rArr; UartTxString &rArr; UartTxDataBuf &rArr; UartTxMainProcess &rArr; USART_ITConfig
</UL>
<BR>[Calls]<UL><LI><a href="#[132]">&gt;&gt;</a>&nbsp;&nbsp;&nbsp;debug_printf
<LI><a href="#[130]">&gt;&gt;</a>&nbsp;&nbsp;&nbsp;GetSlotNum
<LI><a href="#[131]">&gt;&gt;</a>&nbsp;&nbsp;&nbsp;GetFrameNum
</UL>
<BR>[Called By]<UL><LI><a href="#[133]">&gt;&gt;</a>&nbsp;&nbsp;&nbsp;AISDI_SenEnque
</UL>

<P><STRONG><a name="[135]"></a>AISDI_IsSenQueEmpty</STRONG> (Thumb, 20 bytes, Stack size 0 bytes, aisdigitalinterface.o(.text))
<BR><BR>[Called By]<UL><LI><a href="#[134]">&gt;&gt;</a>&nbsp;&nbsp;&nbsp;AISDI_SenDeque
</UL>

<P><STRONG><a name="[133]"></a>AISDI_SenEnque</STRONG> (Thumb, 50 bytes, Stack size 16 bytes, aisdigitalinterface.o(.text))
<BR><BR>[Stack]<UL><LI>Max Depth = 96<LI>Call Chain = AISDI_SenEnque &rArr; AISDI_IsSenQueFull &rArr; debug_printf &rArr; UartTxString &rArr; UartTxDataBuf &rArr; UartTxMainProcess &rArr; USART_ITConfig
</UL>
<BR>[Calls]<UL><LI><a href="#[12f]">&gt;&gt;</a>&nbsp;&nbsp;&nbsp;AISDI_IsSenQueFull
<LI><a href="#[a1]">&gt;&gt;</a>&nbsp;&nbsp;&nbsp;strcpy
</UL>
<BR>[Called By]<UL><LI><a href="#[e5]">&gt;&gt;</a>&nbsp;&nbsp;&nbsp;AISDI_BuildVDO
<LI><a href="#[df]">&gt;&gt;</a>&nbsp;&nbsp;&nbsp;AISDI_BuildVDM
<LI><a href="#[139]">&gt;&gt;</a>&nbsp;&nbsp;&nbsp;AISDI_BuildABK
</UL>

<P><STRONG><a name="[134]"></a>AISDI_SenDeque</STRONG> (Thumb, 50 bytes, Stack size 8 bytes, aisdigitalinterface.o(.text))
<BR><BR>[Stack]<UL><LI>Max Depth = 8<LI>Call Chain = AISDI_SenDeque
</UL>
[...]
<LI><a href="#[1bf]">&gt;&gt;</a>&nbsp;&nbsp;&nbsp;MSGMAN_MsgTxTaskTxCfg
<LI><a href="#[1be]">&gt;&gt;</a>&nbsp;&nbsp;&nbsp;MSGMAN_PeriodSchedStructInit
<LI><a href="#[1a7]">&gt;&gt;</a>&nbsp;&nbsp;&nbsp;GetGpsPowerupFixState
<LI><a href="#[178]">&gt;&gt;</a>&nbsp;&nbsp;&nbsp;CalcSlotNum
<LI><a href="#[181]">&gt;&gt;</a>&nbsp;&nbsp;&nbsp;CalcFrameNum
<LI><a href="#[132]">&gt;&gt;</a>&nbsp;&nbsp;&nbsp;debug_printf
<LI><a href="#[130]">&gt;&gt;</a>&nbsp;&nbsp;&nbsp;GetSlotNum
<LI><a href="#[131]">&gt;&gt;</a>&nbsp;&nbsp;&nbsp;GetFrameNum
</UL>
<BR>[Called By]<UL><LI><a href="#[1d5]">&gt;&gt;</a>&nbsp;&nbsp;&nbsp;MSGMAN_MsgTxProcess
</UL>

<P><STRONG><a name="[1da]"></a>MSGMAN_MsgStaticListStructInit</STRONG> (Thumb, 72 bytes, Stack size 20 bytes, msgmanager.o(.text))
<BR><BR>[Stack]<UL><LI>Max Depth = 20<LI>Call Chain = MSGMAN_MsgStaticListStructInit
</UL>
<BR>[Called By]<UL><LI><a href="#[1d9]">&gt;&gt;</a>&nbsp;&nbsp;&nbsp;MSGMAN_ModuleInit
</UL>

<P><STRONG><a name="[1c0]"></a>MSGMAN_MsgStaticListGetHead</STRONG> (Thumb, 76 bytes, Stack size 16 bytes, msgmanager.o(.text))
<BR><BR>[Stack]<UL><LI>Max Depth = 24<LI>Call Chain = MSGMAN_MsgStaticListGetHead &rArr; MSGMAN_MsgCellStructCopy
</UL>
<BR>[Calls]<UL><LI><a href="#[1c1]">&gt;&gt;</a>&nbsp;&nbsp;&nbsp;MSGMAN_MsgStaticListIsEmpty
<LI><a href="#[1b7]">&gt;&gt;</a>&nbsp;&nbsp;&nbsp;MSGMAN_MsgCellStructCopy
</UL>
<BR>[Called By]<UL><LI><a href="#[e8]">&gt;&gt;</a>&nbsp;&nbsp;&nbsp;MSGMAN_TxMsgListGetElem
<LI><a href="#[1c6]">&gt;&gt;</a>&nbsp;&nbsp;&nbsp;MSGMAN_RxMsgListGetElem
</UL>

<P><STRONG><a name="[1d7]"></a>MSGMAN_AisAckFifoEnque</STRONG> (Thumb, 56 bytes, Stack size 12 bytes, msgmanager.o(.text))
<BR><BR>[Stack]<UL><LI>Max Depth = 12<LI>Call Chain = MSGMAN_AisAckFifoEnque
</UL>
<BR>[Called By]<UL><LI><a href="#[1d6]">&gt;&gt;</a>&nbsp;&nbsp;&nbsp;MSGMAN_MsgRxProcess
</UL>

<P><STRONG><a name="[1c7]"></a>MSGMAN_AisAckFifoDeque</STRONG> (Thumb, 50 bytes, Stack size 16 bytes, msgmanager.o(.text))
<BR><BR>[Stack]<UL><LI>Max Depth = 16<LI>Call Chain = MSGMAN_AisAckFifoDeque
</UL>
<BR>[Calls]<UL><LI><a href="#[1c8]">&gt;&gt;</a>&nbsp;&nbsp;&nbsp;MSGMAN_AisAckFifoIsEmpty
</UL>
<BR>[Called By]<UL><LI><a href="#[1cf]">&gt;&gt;</a>&nbsp;&nbsp;&nbsp;MSGMAN_BurstSchedule
</UL>

<P><STRONG><a name="[1cf]"></a>MSGMAN_BurstSchedule</STRONG> (Thumb, 518 bytes, Stack size 72 bytes, msgmanager.o(.text))
<BR><BR>[Stack]<UL><LI>Max Depth = 516<LI>Call Chain = MSGMAN_BurstSchedule &rArr; SendMsg12 &rArr; InitMsg12 &rArr; AISMSG_BuildMsg12 &rArr; bitmap_set_value &rArr; bitmap_set_value_for_U8
</UL>
<BR>[Calls]<UL><LI><a href="#[1ce]">&gt;&gt;</a>&nbsp;&nbsp;&nbsp;SendMsg7
<LI><a href="#[1cd]">&gt;&gt;</a>&nbsp;&nbsp;&nbsp;SendMsg13
<LI><a href="#[1cc]">&gt;&gt;</a>&nbsp;&nbsp;&nbsp;SendMsg6
<LI><a href="#[1cb]">&gt;&gt;</a>&nbsp;&nbsp;&nbsp;SendMsg12
<LI><a href="#[1ca]">&gt;&gt;</a>&nbsp;&nbsp;&nbsp;SendMsg8
<LI><a href="#[1c9]">&gt;&gt;</a>&nbsp;&nbsp;&nbsp;SendMsg14
<LI><a href="#[1c8]">&gt;&gt;</a>&nbsp;&nbsp;&nbsp;MSGMAN_AisAckFifoIsEmpty
<LI><a href="#[1c7]">&gt;&gt;</a>&nbsp;&nbsp;&nbsp;MSGMAN_AisAckFifoDeque
<LI><a href="#[1d1]">&gt;&gt;</a>&nbsp;&nbsp;&nbsp;AISMSG_ConvertToMsgType
<LI><a href="#[1d2]">&gt;&gt;</a>&nbsp;&nbsp;&nbsp;AISDI_BBMIsValid
<LI><a href="#[1d0]">&gt;&gt;</a>&nbsp;&nbsp;&nbsp;AISDI_ABMIsValid
</UL>
<BR>[Called By]<UL><LI><a href="#[1d5]">&gt;&gt;</a>&nbsp;&nbsp;&nbsp;MSGMAN_MsgTxProcess
</UL>

<P><STRONG><a name="[1be]"></a>MSGMAN_PeriodSchedStructInit</STRONG> (Thumb, 40 bytes, Stack size 8 bytes, msgmanager.o(.text))
<BR><BR>[Stack]<UL><LI>Max Depth = 8<LI>Call Chain = MSGMAN_PeriodSchedStructInit
</UL>
<BR>[Calls]<UL><LI><a href="#[1dc]">&gt;&gt;</a>&nbsp;&nbsp;&nbsp;MSGMAN_MsgTxTaskStructInit
</UL>
<BR>[Called By]<UL><LI><a href="#[1d9]">&gt;&gt;</a>&nbsp;&nbsp;&nbsp;MSGMAN_ModuleInit
<LI><a href="#[1bd]">&gt;&gt;</a>&nbsp;&nbsp;&nbsp;MSGMAN_PeriodSchedule
</UL>

<P><STRONG><a name="[1db]"></a>MSGMAN_AisAckFifoStructInit</STRONG> (Thumb, 26 bytes, Stack size 0 bytes, msgmanager.o(.text))
<BR><BR>[Called By]<UL><LI><a href="#[1d9]">&gt;&gt;</a>&nbsp;&nbsp;&nbsp;MSGMAN_ModuleInit
</UL>

<P><STRONG><a name="[1b6]"></a>MSGMAN_MsgStaticListIsFull</STRONG> (Thumb, 16 bytes, Stack size 0 bytes, msgmanager.o(.text))
<BR><BR>[Called By]<UL><LI><a href="#[1c5]">&gt;&gt;</a>&nbsp;&nbsp;&nbsp;MSGMAN_RxMsgListIsFull
<LI><a href="#[1c4]">&gt;&gt;</a>&nbsp;&nbsp;&nbsp;MSGMAN_TxMsgListIsFull
<LI><a href="#[1b5]">&gt;&gt;</a>&nbsp;&nbsp;&nbsp;MSGMAN_MsgStaticListInsert
</UL>

<P><STRONG><a name="[1c1]"></a>MSGMAN_MsgStaticListIsEmpty</STRONG> (Thumb, 16 bytes, Stack size 0 bytes, msgmanager.o(.text))
<BR><BR>[Called By]<UL><LI><a href="#[1c3]">&gt;&gt;</a>&nbsp;&nbsp;&nbsp;MSGMAN_RxMsgListIsEmpty
<LI><a href="#[1c2]">&gt;&gt;</a>&nbsp;&nbsp;&nbsp;MSGMAN_TxMsgListIsEmpty
<LI><a href="#[1c0]">&gt;&gt;</a>&nbsp;&nbsp;&nbsp;MSGMAN_MsgStaticListGetHead
</UL>

<P><STRONG><a name="[1c8]"></a>MSGMAN_AisAckFifoIsEmpty</STRONG> (Thumb, 16 bytes, Stack size 0 bytes, msgmanager.o(.text))
<BR><BR>[Called By]<UL><LI><a href="#[1cf]">&gt;&gt;</a>&nbsp;&nbsp;&nbsp;MSGMAN_BurstSchedule
<LI><a href="#[1c7]">&gt;&gt;</a>&nbsp;&nbsp;&nbsp;MSGMAN_AisAckFifoDeque
</UL>

<P><STRONG><a name="[1dc]"></a>MSGMAN_MsgTxTaskStructInit</STRONG> (Thumb, 28 bytes, Stack size 0 bytes, msgmanager.o(.text))
<BR><BR>[Called By]<UL><LI><a href="#[1be]">&gt;&gt;</a>&nbsp;&nbsp;&nbsp;MSGMAN_PeriodSchedStructInit
</UL>

<P><STRONG><a name="[27e]"></a>UBX_UBXPrtCommStructInit</STRONG> (Thumb, 96 bytes, Stack size 8 bytes, ubloxprotocol.o(.text))
<BR><BR>[Stack]<UL><LI>Max Depth = 8<LI>Call Chain = UBX_UBXPrtCommStructInit
</UL>
<BR>[Calls]<UL><LI><a href="#[27f]">&gt;&gt;</a>&nbsp;&nbsp;&nbsp;UartRxFIFOStructInit
</UL>
<BR>[Called By]<UL><LI><a href="#[21f]">&gt;&gt;</a>&nbsp;&nbsp;&nbsp;UBX_ModuleInit
<LI><a href="#[280]">&gt;&gt;</a>&nbsp;&nbsp;&nbsp;UBX1_UBXPrtCommInstanceInit
</UL>

<P><STRONG><a name="[283]"></a>UBX_UBXPrtMsgSendBuff</STRONG> (Thumb, 82 bytes, Stack size 12 bytes, ubloxprotocol.o(.text))
<BR><BR>[Stack]<UL><LI>Max Depth = 12<LI>Call Chain = UBX_UBXPrtMsgSendBuff
</UL>
<BR>[Called By]<UL><LI><a href="#[28c]">&gt;&gt;</a>&nbsp;&nbsp;&nbsp;UBX1_GpsStartupConfig
<LI><a href="#[282]">&gt;&gt;</a>&nbsp;&nbsp;&nbsp;UBX1_UBXPrtMsgSendBuff
<LI><a href="#[28e]">&gt;&gt;</a>&nbsp;&nbsp;&nbsp;UBX_GpsIdleConfig
<LI><a href="#[28f]">&gt;&gt;</a>&nbsp;&nbsp;&nbsp;UBX_GpsNormalConfig
</UL>

<P><STRONG><a name="[288]"></a>UBX_UBXPrtCommCtrlProcess</STRONG> (Thumb, 318 bytes, Stack size 48 bytes, ubloxprotocol.o(.text))
<BR><BR>[Stack]<UL><LI>Max Depth = 216<LI>Call Chain = UBX_UBXPrtCommCtrlProcess &rArr; UBX_UartResponseUbxMsg &rArr; UBX_UartTxUbxMsg &rArr; UartTxDataBuf &rArr; UartTxMainProcess &rArr; USART_ITConfig
</UL>
<BR>[Calls]<UL><LI><a href="#[187]">&gt;&gt;</a>&nbsp;&nbsp;&nbsp;SetTimePeriodProcess
<LI><a href="#[188]">&gt;&gt;</a>&nbsp;&nbsp;&nbsp;GetLocalClockTickProcess
<LI><a href="#[132]">&gt;&gt;</a>&nbsp;&nbsp;&nbsp;debug_printf
<LI><a href="#[286]">&gt;&gt;</a>&nbsp;&nbsp;&nbsp;UBX_UartResponseUbxMsg
<LI><a href="#[284]">&gt;&gt;</a>&nbsp;&nbsp;&nbsp;UBX_UartTxUbxMsg
</UL>
<BR>[Called By]<UL><LI><a href="#[232]">&gt;&gt;</a>&nbsp;&nbsp;&nbsp;UBX1_UBXPrtCommCtrlProcess
</UL>

<P><STRONG><a name="[28f]"></a>UBX_GpsNormalConfig</STRONG> (Thumb, 140 bytes, Stack size 8 bytes, ubloxprotocol.o(.text))
<BR><BR>[Stack]<UL><LI>Max Depth = 20<LI>Call Chain = UBX_GpsNormalConfig &rArr; UBX_UBXPrtMsgSendBuff
</UL>
<BR>[Calls]<UL><LI><a href="#[283]">&gt;&gt;</a>&nbsp;&nbsp;&nbsp;UBX_UBXPrtMsgSendBuff
</UL>
<BR>[Called By]<UL><LI><a href="#[21f]">&gt;&gt;</a>&nbsp;&nbsp;&nbsp;UBX_ModuleInit
<LI><a href="#[290]">&gt;&gt;</a>&nbsp;&nbsp;&nbsp;UBX1_GpsNormalConfig
</UL>

<P><STRONG><a name="[28a]"></a>UBX_MsgRxProcess</STRONG> (Thumb, 224 bytes, Stack size 12 bytes, ubloxprotocol.o(.text))
<BR><BR>[Stack]<UL><LI>Max Depth = 12<LI>Call Chain = UBX_MsgRxProcess
</UL>
<BR>[Called By]<UL><LI><a href="#[289]">&gt;&gt;</a>&nbsp;&nbsp;&nbsp;UBX_UartRxProcess
</UL>

<P><STRONG><a name="[28b]"></a>UBX_GetReceivedUbxMess</STRONG> (Thumb, 118 bytes, Stack size 24 bytes, ubloxprotocol.o(.text))
<BR><BR>[Stack]<UL><LI>Max Depth = 112<LI>Call Chain = UBX_GetReceivedUbxMess &rArr; UBX_MsgDealProcess &rArr; debug_printf &rArr; UartTxString &rArr; UartTxDataBuf &rArr; UartTxMainProcess &rArr; USART_ITConfig
</UL>
<BR>[Calls]<UL><LI><a href="#[287]">&gt;&gt;</a>&nbsp;&nbsp;&nbsp;UBX_UartMsgCheckSum
<LI><a href="#[291]">&gt;&gt;</a>&nbsp;&nbsp;&nbsp;UBX_MsgDealProcess
</UL>
<BR>[Called By]<UL><LI><a href="#[231]">&gt;&gt;</a>&nbsp;&nbsp;&nbsp;UBX_GetCOMMMess
</UL>

<P><STRONG><a name="[28e]"></a>UBX_GpsIdleConfig</STRONG> (Thumb, 132 bytes, Stack size 8 bytes, ubloxprotocol.o(.text), UNUSED)
<BR><BR>[Calls]<UL><LI><a href="#[8e]">&gt;&gt;</a>&nbsp;&nbsp;&nbsp;ResetGpsPulseEn
<LI><a href="#[283]">&gt;&gt;</a>&nbsp;&nbsp;&nbsp;UBX_UBXPrtMsgSendBuff
</UL>
<BR>[Called By]<UL><LI><a href="#[28d]">&gt;&gt;</a>&nbsp;&nbsp;&nbsp;UBX1_GpsIdleConfig
</UL>

<P><STRONG><a name="[291]"></a>UBX_MsgDealProcess</STRONG> (Thumb, 84 bytes, Stack size 16 bytes, ubloxprotocol.o(.text))
<BR><BR>[Stack]<UL><LI>Max Depth = 88<LI>Call Chain = UBX_MsgDealProcess &rArr; debug_printf &rArr; UartTxString &rArr; UartTxDataBuf &rArr; UartTxMainProcess &rArr; USART_ITConfig
</UL>
<BR>[Calls]<UL><LI><a href="#[132]">&gt;&gt;</a>&nbsp;&nbsp;&nbsp;debug_printf
</UL>
<BR>[Called By]<UL><LI><a href="#[28b]">&gt;&gt;</a>&nbsp;&nbsp;&nbsp;UBX_GetReceivedUbxMess
</UL>

<P><STRONG><a name="[293]"></a>TRCTRL_TransceiverTxCtrlStructInit</STRONG> (Thumb, 34 bytes, Stack size 0 bytes, transceiverctrl.o(.text))
<BR><BR>[Called By]<UL><LI><a href="#[222]">&gt;&gt;</a>&nbsp;&nbsp;&nbsp;TRCTRL_ModuleInit
<LI><a href="#[292]">&gt;&gt;</a>&nbsp;&nbsp;&nbsp;TRCTRL_InstTransceiverTxCtrlStructInit
</UL>

<P><STRONG><a name="[294]"></a>TRCTRL_TransceiverTestStructInit</STRONG> (Thumb, 36 bytes, Stack size 0 bytes, transceiverctrl.o(.text))
<BR><BR>[Called By]<UL><LI><a href="#[222]">&gt;&gt;</a>&nbsp;&nbsp;&nbsp;TRCTRL_ModuleInit
<LI><a href="#[24f]">&gt;&gt;</a>&nbsp;&nbsp;&nbsp;TRCTRL_InstTransceiverTestStructInit
</UL>

<P><STRONG><a name="[295]"></a>TRCTRL_TxTestSignalInit</STRONG> (Thumb, 202 bytes, Stack size 32 bytes, transceiverctrl.o(.text))
<BR><BR>[Stack]<UL><LI>Max Depth = 84<LI>Call Chain = TRCTRL_TxTestSignalInit &rArr; DLS_FrameBuildTest &rArr; DLS_FrameCrcCheck &rArr; AIS_Cal_CRC16
</UL>
<BR>[Calls]<UL><LI><a href="#[cb]">&gt;&gt;</a>&nbsp;&nbsp;&nbsp;DLS_FrameBuildTest
<LI><a href="#[bb]">&gt;&gt;</a>&nbsp;&nbsp;&nbsp;malloc
<LI><a href="#[bf]">&gt;&gt;</a>&nbsp;&nbsp;&nbsp;free
<LI><a href="#[bc]">&gt;&gt;</a>&nbsp;&nbsp;&nbsp;__aeabi_memclr
<LI><a href="#[296]">&gt;&gt;</a>&nbsp;&nbsp;&nbsp;__aeabi_memset
<LI><a href="#[e0]">&gt;&gt;</a>&nbsp;&nbsp;&nbsp;__aeabi_memcpy
</UL>
<BR>[Called By]<UL><LI><a href="#[29d]">&gt;&gt;</a>&nbsp;&nbsp;&nbsp;TRCTRL_TxTestCtrl
</UL>

<P><STRONG><a name="[298]"></a>TRCTRL_TxTestGetSignalBit</STRONG> (Thumb, 94 bytes, Stack size 12 bytes, transceiverctrl.o(.text))
<BR><BR>[Stack]<UL><LI>Max Depth = 12<LI>Call Chain = TRCTRL_TxTestGetSignalBit
</UL>
<BR>[Called By]<UL><LI><a href="#[297]">&gt;&gt;</a>&nbsp;&nbsp;&nbsp;TRCTRL_InstTxTestGetSignalBit
</UL>

<P><STRONG><a name="[29a]"></a>TRCTRL_TxGetSignalBit</STRONG> (Thumb, 114 bytes, Stack size 12 bytes, transceiverctrl.o(.text))
<BR><BR>[Stack]<UL><LI>Max Depth = 12<LI>Call Chain = TRCTRL_TxGetSignalBit
</UL>
<BR>[Called By]<UL><LI><a href="#[2a5]">&gt;&gt;</a>&nbsp;&nbsp;&nbsp;TRCTRL_TxDataClockISR
<LI><a href="#[299]">&gt;&gt;</a>&nbsp;&nbsp;&nbsp;TRCTRL_InstTxGetSignalBit
</UL>

<P><STRONG><a name="[29e]"></a>TRCTRL_TxTestCfgInit</STRONG> (Thumb, 58 bytes, Stack size 0 bytes, transceiverctrl.o(.text))
<BR><BR>[Stack]<UL><LI>Max Depth = 176<LI>Call Chain = TRCTRL_TxTestCfgInit &rArr; SI446X_TxCfg &rArr; SI446X_GpioPinCfg &rArr; SI446X_GPIO_PIN_CFG &rArr; SI446X_ReadResponse &rArr; SI446X_WaitCts &rArr; SI446X_SPI_ExchangeByte &rArr; GPIO_SPI2_ExchangeByte
</UL>
<BR>[Calls]<UL><LI><a href="#[2a4]">&gt;&gt;</a>&nbsp;&nbsp;&nbsp;SI446X_TxCfg
<LI><a href="#[2a7]">&gt;&gt;</a>&nbsp;&nbsp;&nbsp;SI446X_CfgPN9Tx
<LI><a href="#[2a6]">&gt;&gt;</a>&nbsp;&nbsp;&nbsp;SI446X_CfgCwTx
</UL>
<BR>[Called By]<UL><LI><a href="#[29d]">&gt;&gt;</a>&nbsp;&nbsp;&nbsp;TRCTRL_TxTestCtrl
</UL>

<P><STRONG><a name="[29c]"></a>TRCTRL_GetTxTestFlg</STRONG> (Thumb, 10 bytes, Stack size 0 bytes, transceiverctrl.o(.text))
<BR><BR>[Called By]<UL><LI><a href="#[29b]">&gt;&gt;</a>&nbsp;&nbsp;&nbsp;TRCTRL_InstGetTxTestFlg
</UL>

<P><STRONG><a name="[2a1]"></a>TRCTRL_TxTestIsTx</STRONG> (Thumb, 10 bytes, Stack size 0 bytes, transceiverctrl.o(.text))
<BR><BR>[Called By]<UL><LI><a href="#[2a0]">&gt;&gt;</a>&nbsp;&nbsp;&nbsp;TRCTRL_InstTxTestIsTx
</UL>

<P><STRONG><a name="[2ab]"></a>SLFCHK_SelfCheckProcess</STRONG> (Thumb, 2210 bytes, Stack size 160 bytes, selfcheck.o(.text))
<BR><BR>[Stack]<UL><LI>Max Depth = 628<LI>Call Chain = SLFCHK_SelfCheckProcess &rArr; RFL_SelfCheck &rArr; SendMsg18Test &rArr; InitMsg18Test &rArr; AISMSG_BuildMsg18 &rArr; bitmap_set_value &rArr; bitmap_set_value_for_U8
</UL>
<BR>[Calls]<UL><LI><a href="#[82]">&gt;&gt;</a>&nbsp;&nbsp;&nbsp;UartResponseMsg
<LI><a href="#[203]">&gt;&gt;</a>&nbsp;&nbsp;&nbsp;LEDInit
<LI><a href="#[214]">&gt;&gt;</a>&nbsp;&nbsp;&nbsp;GPS_SelfCheck
<LI><a href="#[215]">&gt;&gt;</a>&nbsp;&nbsp;&nbsp;GPS_GpsSelfCheckStructInit
<LI><a href="#[2ad]">&gt;&gt;</a>&nbsp;&nbsp;&nbsp;SI446X_Si446xSelfCheckStructInit
<LI><a href="#[2b1]">&gt;&gt;</a>&nbsp;&nbsp;&nbsp;SI446X_SelfCheck
<LI><a href="#[2b2]">&gt;&gt;</a>&nbsp;&nbsp;&nbsp;RTC_SelfCheck
<LI><a href="#[2ae]">&gt;&gt;</a>&nbsp;&nbsp;&nbsp;RTC_RtcSelfCheckStructInit
<LI><a href="#[2b3]">&gt;&gt;</a>&nbsp;&nbsp;&nbsp;RFL_SelfCheck
<LI><a href="#[2af]">&gt;&gt;</a>&nbsp;&nbsp;&nbsp;RFL_RfLinkSelfCheckStructInit
<LI><a href="#[2b0]">&gt;&gt;</a>&nbsp;&nbsp;&nbsp;EEPROM_SelfCheck
<LI><a href="#[2ac]">&gt;&gt;</a>&nbsp;&nbsp;&nbsp;EEPROM_EepromSelfCheckStructInit
<LI><a href="#[2b4]">&gt;&gt;</a>&nbsp;&nbsp;&nbsp;SLFCHK_GetCheckSelect
<LI><a href="#[2a8]">&gt;&gt;</a>&nbsp;&nbsp;&nbsp;SLFCHK_SelfCheckStructInit
<LI><a href="#[97]">&gt;&gt;</a>&nbsp;&nbsp;&nbsp;__2sprintf
<LI><a href="#[137]">&gt;&gt;</a>&nbsp;&nbsp;&nbsp;strcat
</UL>
<BR>[Called By]<UL><LI><a href="#[22f]">&gt;&gt;</a>&nbsp;&nbsp;&nbsp;SLFCHK_InstSelfCheckProcess
</UL>

<P><STRONG><a name="[2a8]"></a>SLFCHK_SelfCheckStructInit</STRONG> (Thumb, 44 bytes, Stack size 0 bytes, selfcheck.o(.text))
<BR><BR>[Called By]<UL><LI><a href="#[2ab]">&gt;&gt;</a>&nbsp;&nbsp;&nbsp;SLFCHK_SelfCheckProcess
<LI><a href="#[277]">&gt;&gt;</a>&nbsp;&nbsp;&nbsp;SLFCHK_InstSelfCheckStructInit
</UL>

<P><STRONG><a name="[2b4]"></a>SLFCHK_GetCheckSelect</STRONG> (Thumb, 18 bytes, Stack size 4 bytes, selfcheck.o(.text))
<BR><BR>[Stack]<UL><LI>Max Depth = 4<LI>Call Chain = SLFCHK_GetCheckSelect
</UL>
<BR>[Calls]<UL><LI><a href="#[2aa]">&gt;&gt;</a>&nbsp;&nbsp;&nbsp;SLFCHK_GetBitNum32
</UL>
<BR>[Called By]<UL><LI><a href="#[2ab]">&gt;&gt;</a>&nbsp;&nbsp;&nbsp;SLFCHK_SelfCheckProcess
</UL>

<P><STRONG><a name="[347]"></a>GPIOSPI_SendData</STRONG> (Thumb, 354 bytes, Stack size 40 bytes, gpiospi.o(.text), UNUSED)
<BR><BR>[Calls]<UL><LI><a href="#[8f]">&gt;&gt;</a>&nbsp;&nbsp;&nbsp;GPIO_SetBits
<LI><a href="#[8d]">&gt;&gt;</a>&nbsp;&nbsp;&nbsp;GPIO_ResetBits
<LI><a href="#[348]">&gt;&gt;</a>&nbsp;&nbsp;&nbsp;GPIOSPI_WaitClockPhase
<LI><a href="#[346]">&gt;&gt;</a>&nbsp;&nbsp;&nbsp;GPIOSPI_WaitClockPeriod
<LI><a href="#[320]">&gt;&gt;</a>&nbsp;&nbsp;&nbsp;GPIO_ReadInputDataBit
</UL>
<BR>[Called By]<UL><LI><a href="#[349]">&gt;&gt;</a>&nbsp;&nbsp;&nbsp;GPIOSPI_InstSendData
</UL>

<P><STRONG><a name="[346]"></a>GPIOSPI_WaitClockPeriod</STRONG> (Thumb, 16 bytes, Stack size 0 bytes, gpiospi.o(.text), UNUSED)
<BR><BR>[Called By]<UL><LI><a href="#[345]">&gt;&gt;</a>&nbsp;&nbsp;&nbsp;GPIOSPI_InstWaitClockPeriod
<LI><a href="#[347]">&gt;&gt;</a>&nbsp;&nbsp;&nbsp;GPIOSPI_SendData
</UL>

<P><STRONG><a name="[348]"></a>GPIOSPI_WaitClockPhase</STRONG> (Thumb, 18 bytes, Stack size 0 bytes, gpiospi.o(.text), UNUSED)
<BR><BR>[Called By]<UL><LI><a href="#[347]">&gt;&gt;</a>&nbsp;&nbsp;&nbsp;GPIOSPI_SendData
</UL>

<P><STRONG><a name="[390]"></a>TI2_Config</STRONG> (Thumb, 166 bytes, Stack size 20 bytes, stm32f10x_tim.o(.text), UNUSED)
<BR><BR>[Called By]<UL><LI><a href="#[397]">&gt;&gt;</a>&nbsp;&nbsp;&nbsp;TIM_TIxExternalClockConfig
<LI><a href="#[394]">&gt;&gt;</a>&nbsp;&nbsp;&nbsp;TIM_PWMIConfig
<LI><a href="#[38d]">&gt;&gt;</a>&nbsp;&nbsp;&nbsp;TIM_ICInit
</UL>

<P><STRONG><a name="[38e]"></a>TI1_Config</STRONG> (Thumb, 88 bytes, Stack size 16 bytes, stm32f10x_tim.o(.text), UNUSED)
<BR><BR>[Called By]<UL><LI><a href="#[397]">&gt;&gt;</a>&nbsp;&nbsp;&nbsp;TIM_TIxExternalClockConfig
<LI><a href="#[394]">&gt;&gt;</a>&nbsp;&nbsp;&nbsp;TIM_PWMIConfig
<LI><a href="#[38d]">&gt;&gt;</a>&nbsp;&nbsp;&nbsp;TIM_ICInit
</UL>

<P><STRONG><a name="[3c7]"></a>_fp_digits</STRONG> (Thumb, 334 bytes, Stack size 56 bytes, printfa.o(i._fp_digits), UNUSED)
<BR><BR>[Calls]<UL><LI><a href="#[122]">&gt;&gt;</a>&nbsp;&nbsp;&nbsp;__aeabi_dmul
<LI><a href="#[123]">&gt;&gt;</a>&nbsp;&nbsp;&nbsp;__aeabi_ddiv
<LI><a href="#[11d]">&gt;&gt;</a>&nbsp;&nbsp;&nbsp;__aeabi_dadd
<LI><a href="#[1fe]">&gt;&gt;</a>&nbsp;&nbsp;&nbsp;__aeabi_cdrcmple
<LI><a href="#[3ad]">&gt;&gt;</a>&nbsp;&nbsp;&nbsp;__aeabi_uldivmod
<LI><a href="#[3b3]">&gt;&gt;</a>&nbsp;&nbsp;&nbsp;__aeabi_d2ulz
</UL>
<BR>[Called By]<UL><LI><a href="#[3ba]">&gt;&gt;</a>&nbsp;&nbsp;&nbsp;_printf_core
</UL>

<P><STRONG><a name="[3ba]"></a>_printf_core</STRONG> (Thumb, 1744 bytes, Stack size 136 bytes, printfa.o(i._printf_core), UNUSED)
<BR><BR>[Calls]<UL><LI><a href="#[3ad]">&gt;&gt;</a>&nbsp;&nbsp;&nbsp;__aeabi_uldivmod
<LI><a href="#[3ca]">&gt;&gt;</a>&nbsp;&nbsp;&nbsp;__aeabi_uidivmod
<LI><a href="#[3c8]">&gt;&gt;</a>&nbsp;&nbsp;&nbsp;_printf_pre_padding
<LI><a href="#[3c9]">&gt;&gt;</a>&nbsp;&nbsp;&nbsp;_printf_post_padding
<LI><a href="#[3c7]">&gt;&gt;</a>&nbsp;&nbsp;&nbsp;_fp_digits
</UL>
<BR>[Called By]<UL><LI><a href="#[3bb]">&gt;&gt;</a>&nbsp;&nbsp;&nbsp;__0vsprintf
<LI><a href="#[3b9]">&gt;&gt;</a>&nbsp;&nbsp;&nbsp;__0sprintf
</UL>

<P><STRONG><a name="[3c9]"></a>_printf_post_padding</STRONG> (Thumb, 36 bytes, Stack size 24 bytes, printfa.o(i._printf_post_padding), UNUSED)
<BR><BR>[Called By]<UL><LI><a href="#[3ba]">&gt;&gt;</a>&nbsp;&nbsp;&nbsp;_printf_core
</UL>

<P><STRONG><a name="[3c8]"></a>_printf_pre_padding</STRONG> (Thumb, 46 bytes, Stack size 24 bytes, printfa.o(i._printf_pre_padding), UNUSED)
<BR><BR>[Called By]<UL><LI><a href="#[3ba]">&gt;&gt;</a>&nbsp;&nbsp;&nbsp;_printf_core
</UL>

<P><STRONG><a name="[4b]"></a>_sputc</STRONG> (Thumb, 10 bytes, Stack size 0 bytes, printfa.o(i._sputc))
<BR><BR>[Called By]<UL><LI><a href="#[3bb]">&gt;&gt;</a>&nbsp;&nbsp;&nbsp;__0vsprintf
<LI><a href="#[3b9]">&gt;&gt;</a>&nbsp;&nbsp;&nbsp;__0sprintf
</UL>
<BR>[Address Reference Count : 2]<UL><LI> printfa.o(i.__0sprintf)
<LI> printfa.o(i.__0vsprintf)
</UL>
<P><STRONG><a name="[3af]"></a>_local_sscanf</STRONG> (Thumb, 54 bytes, Stack size 56 bytes, strtod.o(.text))
<BR><BR>[Stack]<UL><LI>Max Depth = 160<LI>Call Chain = _local_sscanf &rArr; _scanf_real
</UL>
<BR>[Calls]<UL><LI><a href="#[3b0]">&gt;&gt;</a>&nbsp;&nbsp;&nbsp;_scanf_real
</UL>
<BR>[Called By]<UL><LI><a href="#[3b1]">&gt;&gt;</a>&nbsp;&nbsp;&nbsp;__strtod_int
</UL>

<P><STRONG><a name="[3b5]"></a>_fp_value</STRONG> (Thumb, 256 bytes, Stack size 56 bytes, scanf_fp.o(.text), UNUSED)
<BR><BR>[Calls]<UL><LI><a href="#[122]">&gt;&gt;</a>&nbsp;&nbsp;&nbsp;__aeabi_dmul
<LI><a href="#[123]">&gt;&gt;</a>&nbsp;&nbsp;&nbsp;__aeabi_ddiv
<LI><a href="#[3b6]">&gt;&gt;</a>&nbsp;&nbsp;&nbsp;__aeabi_ul2d
</UL>
<BR>[Called By]<UL><LI><a href="#[3b7]">&gt;&gt;</a>&nbsp;&nbsp;&nbsp;_scanf_really_real
</UL>
<P>
<H3>
Undefined Global Symbols
</H3><HR></body></html>
