<html>
<body>
<pre>
<h1>µVision Build Log</h1>
<h2>Tool Versions:</h2>
IDE-Version: ¦ÌVision V5.20.0.0
Copyright (C) 2016 ARM Ltd and ARM Germany GmbH. All rights reserved.
License Information: wnl thinkpad, bct, LIC=1WS74-FILA6-LTS3E-5T34Y-VUYXU-US440
 
Tool Versions:
Toolchain:       MDK-ARM Professional  Version: 5.20
Toolchain Path:  E:\Keil_520\ARM\ARMCC\Bin
C Compiler:      Armcc.exe V5.06 update 2 (build 183)
Assembler:       Armasm.exe V5.06 update 2 (build 183)
Linker/Locator:  ArmLink.exe V5.06 update 2 (build 183)
Library Manager: ArmAr.exe V5.06 update 2 (build 183)
Hex Converter:   FromElf.exe V5.06 update 2 (build 183)
CPU DLL:         SARMCM3.DLL V5.20
Dialog DLL:      DCM.DLL V1.13.7.0
Target DLL:      UL2CM3.DLL V1.157.18.0
Dialog DLL:      TCM.DLL V1.14.9.0
 
<h2>Project:</h2>
D:\AIS 2016\AIS_M4508D_V1.0.0\uVision4\AIS_Tranceiver2_Prj.uvprojx
Project File Date:  09/20/2016

<h2>Output:</h2>
*** Using Compiler 'V5.06 update 2 (build 183)', folder: 'E:\Keil_520\ARM\ARMCC\Bin'
Rebuild target 'AIS_Tranceiver2_Target'
assembling cortexm3_macro.s...
assembling stm32f10x_startup.s...
compiling batteryscan.c...
compiling stm32f10x_target.c...
compiling stm32f10x_it.c...
compiling keyscan.c...
compiling ioctrl.c...
compiling systemtick.c...
compiling RxTxCtrl.c...
compiling parastorage.c...
..\interface_layer\Source\parastorage.c(679): warning:  #186-D: pointless comparison of unsigned integer with zero
  	if ((DevStaticPara.GridVoltAdj < 
TM32_FLASH_RF_VOLT_ADJUST_FLOOR) 
..\interface_layer\Source\parastorage.c(690): warning:  #186-D: pointless comparison of unsigned integer with zero
      if ((DevStaticPara.AisClass < 
TM32_FLASH_AIS_CLASS_FLOOR)
..\interface_layer\Source\parastorage.c: 2 warnings, 0 errors
compiling PhysicalLayer.c...
compiling LinkManagementEntity.c...
compiling DataLinkService.c...
compiling AIS_MsgModu.c...
compiling AISDigitalInterface.c...
..\ptl\src\AISDigitalInterface.c(923): warning:  #186-D: pointless comparison of unsigned integer with zero
                          if (ulTemp < AIS_DI_MSG_SEQ_MIN
..\ptl\src\AISDigitalInterface.c(998): warning:  #186-D: pointless comparison of unsigned integer with zero
                      if (ulTemp < AIS_DI_ABM_CHN_MIN
..\ptl\src\AISDigitalInterface.c(1117): warning:  #186-D: pointless comparison of unsigned integer with zero
                      if (ulTemp < AIS_DI_ABM_FILL_BIT_MIN
..\ptl\src\AISDigitalInterface.c(1293): warning:  #186-D: pointless comparison of unsigned integer with zero
                          if (ulTemp < AIS_DI_MSG_SEQ_MIN
..\ptl\src\AISDigitalInterface.c(1335): warning:  #186-D: pointless comparison of unsigned integer with zero
                      if (ulTemp < AIS_DI_BBM_CHN_MIN
..\ptl\src\AISDigitalInterface.c(1454): warning:  #186-D: pointless comparison of unsigned integer with zero
                      if (ulTemp < AIS_DI_BBM_FILL_BIT_MIN
..\ptl\src\AISDigitalInterface.c: 6 warnings, 0 errors
compiling Slot.c...
compiling AISMsgModule.c...
compiling TDMA.c...
compiling DeviceInfo.c...
compiling AisInfo.c...
compiling AisPtlMain.c...
compiling batteryctrl.c...
compiling adjust.c...
compiling MsgManager.c...
compiling initial.c...
compiling common.c...
compiling ledctrl.c...
..\user\src\ledctrl.c(569): warning:  #186-D: pointless comparison of unsigned integer with zero
  			if ((LEDCtrlPara.LedYellowPara.LEDPriority >= 
ED_CTRL_PRIORITY0)
..\user\src\ledctrl.c(638): warning:  #186-D: pointless comparison of unsigned integer with zero
  			if (LEDCtrlPara.LedRedPara.LEDPriority >= 
ED_CTRL_PRIORITY0)
..\user\src\ledctrl.c(656): warning:  #186-D: pointless comparison of unsigned integer with zero
  			if ((LEDCtrlPara.LedRedPara.LEDPriority >= 
ED_CTRL_PRIORITY0)
..\user\src\ledctrl.c: 3 warnings, 0 errors
compiling gpsctrl.c...
compiling powerdown.c...
compiling main.c...
compiling tempersensor.c...
compiling powerup.c...
..\user\src\powerup.c(1090): warning:  #186-D: pointless comparison of unsigned integer with zero
          if (usTemp1 < 
ARA_WORKTIME_FLOOR)
..\user\src\powerup.c(1217): warning:  #186-D: pointless comparison of unsigned integer with zero
              if (usTemp1 < 
ARA_WORKTIME_FLOOR)
..\user\src\powerup.c(1417): warning:  #186-D: pointless comparison of unsigned integer with zero
          if (usTemp1 < 
ARA_WORKTIME_FLOOR)
..\user\src\powerup.c: 3 warnings, 0 errors
compiling sleepctrl.c...
compiling testing.c...
compiling UbloxProtocol.c...
compiling TransceiverCtrl.c...
compiling uartmsg.c...
..\user\src\uartmsg.c(1020): warning:  #186-D: pointless comparison of unsigned integer with zero
                          if (ulTemp < DEV_INFO_GPS_OUTPUT_INTERVAL_MIN
..\user\src\uartmsg.c(1056): warning:  #186-D: pointless comparison of unsigned integer with zero
                          if (ulTemp < DEV_INFO_GPS_OUTPUT_INTERVAL_MIN
..\user\src\uartmsg.c(1092): warning:  #186-D: pointless comparison of unsigned integer with zero
                          if (ulTemp < DEV_INFO_GPS_OUTPUT_INTERVAL_MIN
..\user\src\uartmsg.c(1128): warning:  #186-D: pointless comparison of unsigned integer with zero
                          if (ulTemp < DEV_INFO_GPS_OUTPUT_INTERVAL_MIN
..\user\src\uartmsg.c(1164): warning:  #186-D: pointless comparison of unsigned integer with zero
                          if (ulTemp < DEV_INFO_GPS_OUTPUT_INTERVAL_MIN
..\user\src\uartmsg.c(1200): warning:  #186-D: pointless comparison of unsigned integer with zero
                          if (ulTemp < DEV_INFO_GPS_OUTPUT_INTERVAL_MIN
..\user\src\uartmsg.c(1236): warning:  #186-D: pointless comparison of unsigned integer with zero
                          if (ulTemp < DEV_INFO_GPS_OUTPUT_INTERVAL_MIN
..\user\src\uartmsg.c(1382): warning:  #186-D: pointless comparison of unsigned integer with zero
                      if (ulTemp < STM32_FLASH_AIS_CLASS_FLOOR
..\user\src\uartmsg.c(2245): warning:  #186-D: pointless comparison of unsigned integer with zero
  					if (DevStaticPara.GridVoltAdj < STM32_FLASH_RF_VOLT_ADJUST_FLOOR 
..\user\src\uartmsg.c(3228): warning:  #186-D: pointless comparison of unsigned integer with zero
                      if (ulTemp < STM32_FLASH_SHIPA_FLOOR
..\user\src\uartmsg.c(3270): warning:  #186-D: pointless comparison of unsigned integer with zero
                      if (ulTemp < STM32_FLASH_SHIPB_FLOOR
..\user\src\uartmsg.c(3312): warning:  #186-D: pointless comparison of unsigned integer with zero
                      if (ulTemp < STM32_FLASH_SHIPC_FLOOR
..\user\src\uartmsg.c(3354): warning:  #186-D: pointless comparison of unsigned integer with zero
                      if (ulTemp < STM32_FLASH_SHIPD_FLOOR
..\user\src\uartmsg.c(3396): warning:  #186-D: pointless comparison of unsigned integer with zero
                      if (ulTemp < STM32_FLASH_DTE_FLOOR
..\user\src\uartmsg.c(3440): warning:  #186-D: pointless comparison of unsigned integer with zero
                      if (ulTemp < STM32_FLASH_SHIP_TYPE_FLOOR
..\user\src\uartmsg.c(3475): warning:  #186-D: pointless comparison of unsigned integer with zero
                      if (ulTemp < STM32_FLASH_MAX_DRAUGHT_FLOOR
..\user\src\uartmsg.c(3510): warning:  #186-D: pointless comparison of unsigned integer with zero
                      if (ulTemp < PARA_PERSONS_FLOOR
..\user\src\uartmsg.c(3569): warning:  #186-D: pointless comparison of unsigned integer with zero
                  if ((ulTemp < 
ARA_ETA_HOUR_FLOOR)
..\user\src\uartmsg.c(3589): warning:  #186-D: pointless comparison of unsigned integer with zero
                  if ((ulTemp < 
ARA_ETA_MINUTE_FLOOR)
..\user\src\uartmsg.c(3632): warning:  #186-D: pointless comparison of unsigned integer with zero
                      if (ulTemp < PARA_ETA_DAY_FLOOR
..\user\src\uartmsg.c(3673): warning:  #186-D: pointless comparison of unsigned integer with zero
                      if (ulTemp < PARA_ETA_MONTH_FLOOR
..\user\src\uartmsg.c(3706): warning:  #186-D: pointless comparison of unsigned integer with zero
                      if (ulTemp < PARA_NAVIGATION_STATUS_FLOOR
..\user\src\uartmsg.c(3740): warning:  #186-D: pointless comparison of unsigned integer with zero
                      if (ulTemp < PARA_REGION_APP_FLAG_FLOOR
..\user\src\uartmsg.c: 23 warnings, 0 errors
compiling SelfCheck.c...
compiling RfLinkSelfCheck.c...
compiling TaskManager.c...
compiling diskio.c...
compiling ff.c...
compiling filectrl.c...
compiling encrypt.c...
compiling flashctrl.c...
compiling Adc.c...
compiling BKPRegister.c...
compiling 24c02.c...
compiling DAC.c...
compiling gps.c...
compiling LED.c...
compiling power.c...
compiling RxTx.c...
compiling rtc.c...
compiling usart.c...
compiling SPI.c...
compiling Tim.c...
compiling wdg.c...
compiling gpiospi.c...
compiling Si446x.c...
compiling sdcard.c...
compiling debug.c...
compiling misc.c...
compiling stm32f10x_adc.c...
compiling stm32f10x_bkp.c...
compiling stm32f10x_can.c...
compiling stm32f10x_crc.c...
compiling stm32f10x_cec.c...
compiling stm32f10x_dac.c...
compiling stm32f10x_dbgmcu.c...
compiling stm32f10x_dma.c...
compiling stm32f10x_exti.c...
compiling stm32f10x_flash.c...
compiling stm32f10x_fsmc.c...
compiling stm32f10x_iwdg.c...
compiling stm32f10x_gpio.c...
compiling stm32f10x_i2c.c...
compiling stm32f10x_pwr.c...
compiling stm32f10x_rtc.c...
compiling stm32f10x_rcc.c...
compiling stm32f10x_sdio.c...
compiling stm32f10x_spi.c...
compiling stm32f10x_tim.c...
compiling stm32f10x_usart.c...
compiling stm32f10x_wwdg.c...
compiling PTT_lnw.c...
compiling migrate.c...
linking...
Program Size: Code=116984 RO-data=3332 RW-data=1272 ZI-data=45464  
After Build - User command #1: fromelf --bin --output=.\Object\AIS_Tranceiver2_Prj.bin .\Object\AIS_Tranceiver2_Prj.axf
".\Object\AIS_Tranceiver2_Prj.axf" - 0 Error(s), 37 Warning(s).

<h2>Collection of Component include folders:</h2>
  D:\AIS 2016\AIS_M4508D_V1.0.0\uVision4\RTE
  E:\Keil_520\ARM\PACK\Keil\STM32F1xx_DFP\2.1.0\Device\Include

<h2>Collection of Component Files used:</h2>
Build Time Elapsed:  00:00:51
</pre>
</body>
</html>
