Component: ARM Compiler 5.06 update 2 (build 183) Tool: armlink [4d35b7]

==============================================================================

Section Cross References

    stm32f10x_target.o(.text) refers to misc.o(.text) for NVIC_Init
    stm32f10x_target.o(.text) refers to stm32f10x_rcc.o(.text) for RCC_AHBPeriphClockCmd
    stm32f10x_target.o(.text) refers to stm32f10x_pwr.o(.text) for PWR_EnterSTOPMode
    stm32f10x_target.o(.text) refers to sleepctrl.o(.text) for SaveBKP_DRPara
    stm32f10x_target.o(.text) refers to bkpregister.o(.text) for SaveBKP_DRData
    stm32f10x_target.o(.text) refers to migrate.o(.text) for NVIC_GenerateSystemReset
    stm32f10x_target.o(.text) refers to stm32f10x_dbgmcu.o(.text) for DBGMCU_Config
    stm32f10x_target.o(.text) refers to rtc.o(.text) for RTCConfigurationPart1
    stm32f10x_target.o(.text) refers to wdg.o(.text) for Initia_wdg
    stm32f10x_target.o(.text) refers to led.o(.text) for InitiaLED
    stm32f10x_target.o(.text) refers to usart.o(.text) for InitCommStruc
    stm32f10x_target.o(.text) refers to tim.o(.text) for InitTim2
    stm32f10x_target.o(.text) refers to 24c02.o(.text) for I2C_EE_Init
    stm32f10x_target.o(.text) refers to power.o(.text) for Initia_RFPower
    stm32f10x_target.o(.text) refers to rxtx.o(.text) for InitRxTx
    stm32f10x_target.o(.text) refers to ptt_lnw.o(.text) for PTT_Init_IO
    stm32f10x_target.o(.text) refers to si446x.o(.text) for SI446X_ModuleInit
    stm32f10x_target.o(.text) refers to stm32f10x_flash_1.o(.text) for FLASH_PrefetchBufferCmd
    stm32f10x_target.o(.text) refers to stm32f10x_target.o(.bss) for .bss
    stm32f10x_target.o(.text) refers to stm32f10x_target.o(.data) for .data
    stm32f10x_it.o(.text) refers to stm32f10x_it.o(.emb_text) for wait
    stm32f10x_it.o(.text) refers to debug.o(.text) for UartResponseMsg
    stm32f10x_it.o(.text) refers to gps.o(.text) for Exti1_Int
    stm32f10x_it.o(.text) refers to adc.o(.text) for DMA_ADC1_ISR
    stm32f10x_it.o(.text) refers to tim.o(.text) for Tim2Interrupt
    stm32f10x_it.o(.text) refers to usart.o(.text) for Usart1Interrupt
    stm32f10x_it.o(.text) refers to si446x.o(.text) for SI446X_A_TxRxClockIRQS
    stm32f10x_it.o(.text) refers to rtc.o(.text) for RTCAlarmInt
    stm32f10x_startup.o(RESET) refers to stm32f10x_startup.o(STACK) for __initial_sp
    stm32f10x_startup.o(RESET) refers to stm32f10x_startup.o(.text) for Reset_Handler
    stm32f10x_startup.o(RESET) refers to stm32f10x_it.o(.text) for NMIException
    stm32f10x_startup.o(.text) refers to entry.o(.ARM.Collect$$$$00000000) for __main
    ioctrl.o(.text) refers to stm32f10x_gpio.o(.text) for GPIO_ResetBits
    ioctrl.o(.text) refers to gps.o(.text) for ResetGpsPulseEn
    ioctrl.o(.text) refers to common.o(.text) for Delay_ms
    parastorage.o(.text) refers to common.o(.text) for EEpromChkSum
    parastorage.o(.text) refers to strtoul.o(.text) for strtoul
    parastorage.o(.text) refers to 24c02.o(.text) for I2C_EE_BufferWrite
    parastorage.o(.text) refers to printfa.o(i.__0sprintf) for __2sprintf
    parastorage.o(.text) refers to flashctrl.o(.text) for FlashRead
    parastorage.o(.text) refers to atol.o(.text) for atol
    parastorage.o(.text) refers to strlen.o(.text) for strlen
    parastorage.o(.text) refers to strcpy.o(.text) for strcpy
    parastorage.o(.text) refers to strncpy.o(.text) for strncpy
    parastorage.o(.text) refers to parastorage.o(.data) for .data
    parastorage.o(.text) refers to aisinfo.o(.bss) for AisStaticPara
    parastorage.o(.text) refers to deviceinfo.o(.bss) for DevStaticPara
    parastorage.o(.text) refers to rand.o(.text) for srand
    rxtxctrl.o(.text) refers to rxtx.o(.text) for RxTxSwitch
    systemtick.o(.text) refers to systemtick.o(.data) for .data
    datalinkservice.o(.text) refers to malloc.o(i.malloc) for malloc
    datalinkservice.o(.text) refers to memseta.o(.text) for __aeabi_memclr
    datalinkservice.o(.text) refers to datalinkservice.o(.bss) for .bss
    datalinkservice.o(.text) refers to tim.o(.text) for GetSlotSum
    datalinkservice.o(.text) refers to malloc.o(i.free) for free
    datalinkservice.o(.text) refers to common.o(.text) for AIS_Cal_CRC16
    linkmanagemententity.o(.text) refers to malloc.o(i.malloc) for malloc
    linkmanagemententity.o(.text) refers to memseta.o(.text) for __aeabi_memclr4
    linkmanagemententity.o(.text) refers to datalinkservice.o(.text) for DLS_Inst1FrameRxFifoDeque
    linkmanagemententity.o(.text) refers to common.o(.text) for AIS_Cal_CRC16
    linkmanagemententity.o(.text) refers to malloc.o(i.free) for free
    linkmanagemententity.o(.text) refers to debug.o(.text) for UartResponseMsg
    linkmanagemententity.o(.text) refers to aisdigitalinterface.o(.text) for AISDI_BuildVDM
    linkmanagemententity.o(.text) refers to memcpya.o(.text) for __aeabi_memcpy
    linkmanagemententity.o(.text) refers to msgmanager.o(.text) for MSGMAN_RxMsgListInsert
[...]
    DMA_DeInit                               0x08017a05   Thumb Code   218  stm32f10x_dma.o(.text)
    DMA_Init                                 0x08017adf   Thumb Code    58  stm32f10x_dma.o(.text)
    DMA_StructInit                           0x08017b19   Thumb Code    26  stm32f10x_dma.o(.text)
    DMA_Cmd                                  0x08017b33   Thumb Code    22  stm32f10x_dma.o(.text)
    DMA_ITConfig                             0x08017b49   Thumb Code    16  stm32f10x_dma.o(.text)
    DMA_SetCurrDataCounter                   0x08017b59   Thumb Code     4  stm32f10x_dma.o(.text)
    DMA_GetCurrDataCounter                   0x08017b5d   Thumb Code     6  stm32f10x_dma.o(.text)
    DMA_GetFlagStatus                        0x08017b63   Thumb Code    28  stm32f10x_dma.o(.text)
    DMA_ClearFlag                            0x08017b7f   Thumb Code    20  stm32f10x_dma.o(.text)
    DMA_GetITStatus                          0x08017b93   Thumb Code    28  stm32f10x_dma.o(.text)
    DMA_ClearITPendingBit                    0x08017baf   Thumb Code    20  stm32f10x_dma.o(.text)
    EXTI_DeInit                              0x08017bcd   Thumb Code    28  stm32f10x_exti.o(.text)
    EXTI_Init                                0x08017be9   Thumb Code   108  stm32f10x_exti.o(.text)
    EXTI_StructInit                          0x08017c55   Thumb Code    14  stm32f10x_exti.o(.text)
    EXTI_GenerateSWInterrupt                 0x08017c63   Thumb Code    12  stm32f10x_exti.o(.text)
    EXTI_GetFlagStatus                       0x08017c6f   Thumb Code    18  stm32f10x_exti.o(.text)
    EXTI_ClearFlag                           0x08017c81   Thumb Code     8  stm32f10x_exti.o(.text)
    EXTI_GetITStatus                         0x08017c89   Thumb Code    28  stm32f10x_exti.o(.text)
    EXTI_ClearITPendingBit                   0x08017ca5   Thumb Code     8  stm32f10x_exti.o(.text)
    FLASH_SetLatency                         0x08017cb5   Thumb Code    14  stm32f10x_flash_1.o(.text)
    FLASH_HalfCycleAccessCmd                 0x08017cc3   Thumb Code    18  stm32f10x_flash_1.o(.text)
    FLASH_PrefetchBufferCmd                  0x08017cd5   Thumb Code    18  stm32f10x_flash_1.o(.text)
    FLASH_Unlock                             0x08017ce7   Thumb Code    12  stm32f10x_flash_1.o(.text)
    FLASH_UnlockBank1                        0x08017cf3   Thumb Code    12  stm32f10x_flash_1.o(.text)
    FLASH_Lock                               0x08017cff   Thumb Code    12  stm32f10x_flash_1.o(.text)
    FLASH_LockBank1                          0x08017d0b   Thumb Code    12  stm32f10x_flash_1.o(.text)
    FLASH_GetBank1Status                     0x08017d17   Thumb Code    34  stm32f10x_flash_1.o(.text)
    FLASH_WaitForLastOperation               0x08017d39   Thumb Code    36  stm32f10x_flash_1.o(.text)
    FLASH_ErasePage                          0x08017d5d   Thumb Code    56  stm32f10x_flash_1.o(.text)
    FLASH_EraseAllPages                      0x08017d95   Thumb Code    52  stm32f10x_flash_1.o(.text)
    FLASH_WaitForLastBank1Operation          0x08017dc9   Thumb Code    36  stm32f10x_flash_1.o(.text)
    FLASH_EraseAllBank1Pages                 0x08017ded   Thumb Code    52  stm32f10x_flash_1.o(.text)
    FLASH_GetReadOutProtectionStatus         0x08017e21   Thumb Code    14  stm32f10x_flash_1.o(.text)
    FLASH_EraseOptionBytes                   0x08017e2f   Thumb Code   108  stm32f10x_flash_1.o(.text)
    FLASH_ProgramWord                        0x08017e9b   Thumb Code    72  stm32f10x_flash_1.o(.text)
    FLASH_ProgramHalfWord                    0x08017ee3   Thumb Code    48  stm32f10x_flash_1.o(.text)
    FLASH_ProgramOptionByteData              0x08017f13   Thumb Code    62  stm32f10x_flash_1.o(.text)
    FLASH_EnableWriteProtection              0x08017f51   Thumb Code   150  stm32f10x_flash_1.o(.text)
    FLASH_ReadOutProtection                  0x08017fe7   Thumb Code   118  stm32f10x_flash_1.o(.text)
    FLASH_UserOptionByteConfig               0x0801805d   Thumb Code    92  stm32f10x_flash_1.o(.text)
    FLASH_GetUserOptionByte                  0x080180b9   Thumb Code     8  stm32f10x_flash_1.o(.text)
    FLASH_GetWriteProtectionOptionByte       0x080180c1   Thumb Code     6  stm32f10x_flash_1.o(.text)
    FLASH_GetPrefetchBufferStatus            0x080180c7   Thumb Code    14  stm32f10x_flash_1.o(.text)
    FLASH_ITConfig                           0x080180d5   Thumb Code    18  stm32f10x_flash_1.o(.text)
    FLASH_GetFlagStatus                      0x080180e7   Thumb Code    28  stm32f10x_flash_1.o(.text)
    FLASH_ClearFlag                          0x08018103   Thumb Code     6  stm32f10x_flash_1.o(.text)
    FLASH_GetStatus                          0x08018109   Thumb Code    34  stm32f10x_flash_1.o(.text)
    GPIO_DeInit                              0x08018131   Thumb Code   152  stm32f10x_gpio.o(.text)
    GPIO_AFIODeInit                          0x080181c9   Thumb Code    22  stm32f10x_gpio.o(.text)
    GPIO_Init                                0x080181df   Thumb Code   164  stm32f10x_gpio.o(.text)
    GPIO_StructInit                          0x08018283   Thumb Code    16  stm32f10x_gpio.o(.text)
    GPIO_ReadInputDataBit                    0x08018293   Thumb Code    14  stm32f10x_gpio.o(.text)
    GPIO_ReadInputData                       0x080182a1   Thumb Code     6  stm32f10x_gpio.o(.text)
    GPIO_ReadOutputDataBit                   0x080182a7   Thumb Code    14  stm32f10x_gpio.o(.text)
    GPIO_ReadOutputData                      0x080182b5   Thumb Code     6  stm32f10x_gpio.o(.text)
    GPIO_SetBits                             0x080182bb   Thumb Code     4  stm32f10x_gpio.o(.text)
    GPIO_ResetBits                           0x080182bf   Thumb Code     4  stm32f10x_gpio.o(.text)
    GPIO_WriteBit                            0x080182c3   Thumb Code    10  stm32f10x_gpio.o(.text)
    GPIO_Write                               0x080182cd   Thumb Code     4  stm32f10x_gpio.o(.text)
    GPIO_PinLockConfig                       0x080182d1   Thumb Code    16  stm32f10x_gpio.o(.text)
    GPIO_EventOutputConfig                   0x080182e1   Thumb Code    22  stm32f10x_gpio.o(.text)
    GPIO_EventOutputCmd                      0x080182f7   Thumb Code     6  stm32f10x_gpio.o(.text)
    GPIO_PinRemapConfig                      0x080182fd   Thumb Code    82  stm32f10x_gpio.o(.text)
    GPIO_EXTILineConfig                      0x0801834f   Thumb Code    34  stm32f10x_gpio.o(.text)
    GPIO_ETH_MediaInterfaceConfig            0x08018371   Thumb Code     8  stm32f10x_gpio.o(.text)
    IWDG_WriteAccessCmd                      0x0801839d   Thumb Code     6  stm32f10x_iwdg.o(.text)
    IWDG_SetPrescaler                        0x080183a3   Thumb Code     6  stm32f10x_iwdg.o(.text)
    IWDG_SetReload                           0x080183a9   Thumb Code     6  stm32f10x_iwdg.o(.text)
    IWDG_ReloadCounter                       0x080183af   Thumb Code    10  stm32f10x_iwdg.o(.text)
    IWDG_Enable                              0x080183b9   Thumb Code    10  stm32f10x_iwdg.o(.text)
    IWDG_GetFlagStatus                       0x080183c3   Thumb Code    16  stm32f10x_iwdg.o(.text)
    PWR_DeInit                               0x080183d9   Thumb Code    24  stm32f10x_pwr.o(.text)
    PWR_BackupAccessCmd                      0x080183f1   Thumb Code     6  stm32f10x_pwr.o(.text)
    PWR_PVDCmd                               0x080183f7   Thumb Code     6  stm32f10x_pwr.o(.text)
    PWR_PVDLevelConfig                       0x080183fd   Thumb Code    14  stm32f10x_pwr.o(.text)
    PWR_WakeUpPinCmd                         0x0801840b   Thumb Code     8  stm32f10x_pwr.o(.text)
    PWR_EnterSTOPMode                        0x08018413   Thumb Code    42  stm32f10x_pwr.o(.text)
    PWR_EnterSTANDBYMode                     0x0801843d   Thumb Code    32  stm32f10x_pwr.o(.text)
    PWR_GetFlagStatus                        0x0801845d   Thumb Code    16  stm32f10x_pwr.o(.text)
    PWR_ClearFlag                            0x0801846d   Thumb Code    12  stm32f10x_pwr.o(.text)
    RCC_DeInit                               0x08018485   Thumb Code    50  stm32f10x_rcc.o(.text)
    RCC_HSEConfig                            0x080184b7   Thumb Code    48  stm32f10x_rcc.o(.text)
    RCC_GetFlagStatus                        0x080184e7   Thumb Code    42  stm32f10x_rcc.o(.text)
    RCC_WaitForHSEStartUp                    0x08018511   Thumb Code    44  stm32f10x_rcc.o(.text)
    RCC_AdjustHSICalibrationValue            0x0801853d   Thumb Code    16  stm32f10x_rcc.o(.text)
    RCC_HSICmd                               0x0801854d   Thumb Code     6  stm32f10x_rcc.o(.text)
    RCC_PLLConfig                            0x08018553   Thumb Code    16  stm32f10x_rcc.o(.text)
    RCC_PLLCmd                               0x08018563   Thumb Code     6  stm32f10x_rcc.o(.text)
    RCC_SYSCLKConfig                         0x08018569   Thumb Code    14  stm32f10x_rcc.o(.text)
    RCC_GetSYSCLKSource                      0x08018577   Thumb Code    10  stm32f10x_rcc.o(.text)
    RCC_HCLKConfig                           0x08018581   Thumb Code    14  stm32f10x_rcc.o(.text)
    RCC_PCLK1Config                          0x0801858f   Thumb Code    14  stm32f10x_rcc.o(.text)
    RCC_PCLK2Config                          0x0801859d   Thumb Code    16  stm32f10x_rcc.o(.text)
    RCC_ITConfig                             0x080185ad   Thumb Code    18  stm32f10x_rcc.o(.text)
    RCC_USBCLKConfig                         0x080185bf   Thumb Code     8  stm32f10x_rcc.o(.text)
    RCC_ADCCLKConfig                         0x080185c7   Thumb Code    14  stm32f10x_rcc.o(.text)
    RCC_LSEConfig                            0x080185d5   Thumb Code    28  stm32f10x_rcc.o(.text)
    RCC_LSICmd                               0x080185f1   Thumb Code     6  stm32f10x_rcc.o(.text)
    RCC_RTCCLKConfig                         0x080185f7   Thumb Code    10  stm32f10x_rcc.o(.text)
    RCC_RTCCLKCmd                            0x08018601   Thumb Code     8  stm32f10x_rcc.o(.text)
    RCC_GetClocksFreq                        0x08018609   Thumb Code   140  stm32f10x_rcc.o(.text)
    RCC_AHBPeriphClockCmd                    0x08018695   Thumb Code    18  stm32f10x_rcc.o(.text)
    RCC_APB2PeriphClockCmd                   0x080186a7   Thumb Code    18  stm32f10x_rcc.o(.text)
    RCC_APB1PeriphClockCmd                   0x080186b9   Thumb Code    18  stm32f10x_rcc.o(.text)
    RCC_APB2PeriphResetCmd                   0x080186cb   Thumb Code    18  stm32f10x_rcc.o(.text)
    RCC_APB1PeriphResetCmd                   0x080186dd   Thumb Code    18  stm32f10x_rcc.o(.text)
    RCC_BackupResetCmd                       0x080186ef   Thumb Code     8  stm32f10x_rcc.o(.text)
    RCC_ClockSecuritySystemCmd               0x080186f7   Thumb Code     6  stm32f10x_rcc.o(.text)
    RCC_MCOConfig                            0x080186fd   Thumb Code     6  stm32f10x_rcc.o(.text)
    RCC_ClearFlag                            0x08018703   Thumb Code    12  stm32f10x_rcc.o(.text)
    RCC_GetITStatus                          0x0801870f   Thumb Code    16  stm32f10x_rcc.o(.text)
    RCC_ClearITPendingBit                    0x0801871f   Thumb Code     6  stm32f10x_rcc.o(.text)
    RTC_ITConfig                             0x0801874d   Thumb Code    18  stm32f10x_rtc.o(.text)
    RTC_EnterConfigMode                      0x0801875f   Thumb Code    14  stm32f10x_rtc.o(.text)
    RTC_ExitConfigMode                       0x0801876d   Thumb Code    14  stm32f10x_rtc.o(.text)
    RTC_GetCounter                           0x0801877b   Thumb Code    18  stm32f10x_rtc.o(.text)
    RTC_SetCounter                           0x0801878d   Thumb Code    26  stm32f10x_rtc.o(.text)
    RTC_SetPrescaler                         0x080187a7   Thumb Code    28  stm32f10x_rtc.o(.text)
    RTC_SetAlarm                             0x080187c3   Thumb Code    26  stm32f10x_rtc.o(.text)
    RTC_GetDivider                           0x080187dd   Thumb Code    20  stm32f10x_rtc.o(.text)
    RTC_WaitForLastTask                      0x080187f1   Thumb Code    12  stm32f10x_rtc.o(.text)
    RTC_WaitForSynchro                       0x080187fd   Thumb Code    20  stm32f10x_rtc.o(.text)
    RTC_GetFlagStatus                        0x08018811   Thumb Code    18  stm32f10x_rtc.o(.text)
    RTC_ClearFlag                            0x08018823   Thumb Code    12  stm32f10x_rtc.o(.text)
    RTC_GetITStatus                          0x0801882f   Thumb Code    28  stm32f10x_rtc.o(.text)
    RTC_ClearITPendingBit                    0x0801884b   Thumb Code    12  stm32f10x_rtc.o(.text)
    SPI_I2S_DeInit                           0x0801885d   Thumb Code    72  stm32f10x_spi.o(.text)
    SPI_Init                                 0x080188a5   Thumb Code    56  stm32f10x_spi.o(.text)
    I2S_Init                                 0x080188dd   Thumb Code   152  stm32f10x_spi.o(.text)
    SPI_StructInit                           0x08018975   Thumb Code    24  stm32f10x_spi.o(.text)
    I2S_StructInit                           0x0801898d   Thumb Code    18  stm32f10x_spi.o(.text)
    SPI_Cmd                                  0x0801899f   Thumb Code    20  stm32f10x_spi.o(.text)
    I2S_Cmd                                  0x080189b3   Thumb Code    20  stm32f10x_spi.o(.text)
    SPI_I2S_ITConfig                         0x080189c7   Thumb Code    24  stm32f10x_spi.o(.text)
    SPI_I2S_DMACmd                           0x080189df   Thumb Code    16  stm32f10x_spi.o(.text)
    SPI_I2S_SendData                         0x080189ef   Thumb Code     4  stm32f10x_spi.o(.text)
    SPI_I2S_ReceiveData                      0x080189f3   Thumb Code     4  stm32f10x_spi.o(.text)
    SPI_NSSInternalSoftwareConfig            0x080189f7   Thumb Code    24  stm32f10x_spi.o(.text)
    SPI_SSOutputCmd                          0x08018a0f   Thumb Code    20  stm32f10x_spi.o(.text)
    SPI_DataSizeConfig                       0x08018a23   Thumb Code    16  stm32f10x_spi.o(.text)
    SPI_TransmitCRC                          0x08018a33   Thumb Code    10  stm32f10x_spi.o(.text)
    SPI_CalculateCRC                         0x08018a3d   Thumb Code    20  stm32f10x_spi.o(.text)
    SPI_GetCRC                               0x08018a51   Thumb Code    12  stm32f10x_spi.o(.text)
    SPI_GetCRCPolynomial                     0x08018a5d   Thumb Code     4  stm32f10x_spi.o(.text)
    SPI_BiDirectionalLineConfig              0x08018a61   Thumb Code    22  stm32f10x_spi.o(.text)
    SPI_I2S_GetFlagStatus                    0x08018a77   Thumb Code    14  stm32f10x_spi.o(.text)
    SPI_I2S_ClearFlag                        0x08018a85   Thumb Code     6  stm32f10x_spi.o(.text)
    SPI_I2S_GetITStatus                      0x08018a8b   Thumb Code    42  stm32f10x_spi.o(.text)
    SPI_I2S_ClearITPendingBit                0x08018ab5   Thumb Code    14  stm32f10x_spi.o(.text)
    TIM_DeInit                               0x08018ad1   Thumb Code   304  stm32f10x_tim.o(.text)
    TIM_TimeBaseInit                         0x08018c01   Thumb Code   114  stm32f10x_tim.o(.text)
    TIM_OC1Init                              0x08018c73   Thumb Code   106  stm32f10x_tim.o(.text)
    TIM_OC2Init                              0x08018cdd   Thumb Code   120  stm32f10x_tim.o(.text)
    TIM_OC3Init                              0x08018d55   Thumb Code   116  stm32f10x_tim.o(.text)
    TIM_OC4Init                              0x08018dc9   Thumb Code    90  stm32f10x_tim.o(.text)
    TIM_SetIC4Prescaler                      0x08018e23   Thumb Code    24  stm32f10x_tim.o(.text)
    TIM_SetIC3Prescaler                      0x08018e3b   Thumb Code    16  stm32f10x_tim.o(.text)
    TIM_SetIC2Prescaler                      0x08018e4b   Thumb Code    24  stm32f10x_tim.o(.text)
    TIM_SetIC1Prescaler                      0x08018f09   Thumb Code    16  stm32f10x_tim.o(.text)
    TIM_ICInit                               0x08018f71   Thumb Code   272  stm32f10x_tim.o(.text)
    TIM_PWMIConfig                           0x08019081   Thumb Code   104  stm32f10x_tim.o(.text)
    TIM_BDTRConfig                           0x080190e9   Thumb Code    34  stm32f10x_tim.o(.text)
    TIM_TimeBaseStructInit                   0x0801910b   Thumb Code    18  stm32f10x_tim.o(.text)
    TIM_OCStructInit                         0x0801911d   Thumb Code    20  stm32f10x_tim.o(.text)
    TIM_ICStructInit                         0x08019131   Thumb Code    16  stm32f10x_tim.o(.text)
    TIM_BDTRStructInit                       0x08019141   Thumb Code    18  stm32f10x_tim.o(.text)
    TIM_Cmd                                  0x08019153   Thumb Code    20  stm32f10x_tim.o(.text)
    TIM_CtrlPWMOutputs                       0x08019167   Thumb Code    22  stm32f10x_tim.o(.text)
    TIM_ITConfig                             0x0801917d   Thumb Code    16  stm32f10x_tim.o(.text)
    TIM_GenerateEvent                        0x0801918d   Thumb Code     4  stm32f10x_tim.o(.text)
    TIM_DMAConfig                            0x08019191   Thumb Code     8  stm32f10x_tim.o(.text)
    TIM_DMACmd                               0x08019199   Thumb Code    16  stm32f10x_tim.o(.text)
    TIM_InternalClockConfig                  0x080191a9   Thumb Code    10  stm32f10x_tim.o(.text)
    TIM_SelectInputTrigger                   0x080191b3   Thumb Code    12  stm32f10x_tim.o(.text)
    TIM_ITRxExternalClockConfig              0x080191bf   Thumb Code    18  stm32f10x_tim.o(.text)
    TIM_TIxExternalClockConfig               0x080191d1   Thumb Code    46  stm32f10x_tim.o(.text)
    TIM_ETRConfig                            0x080191ff   Thumb Code    24  stm32f10x_tim.o(.text)
    TIM_ETRClockMode1Config                  0x08019217   Thumb Code    18  stm32f10x_tim.o(.text)
    TIM_ETRClockMode2Config                  0x08019229   Thumb Code    18  stm32f10x_tim.o(.text)
    TIM_PrescalerConfig                      0x0801923b   Thumb Code     6  stm32f10x_tim.o(.text)
    TIM_CounterModeConfig                    0x08019241   Thumb Code    12  stm32f10x_tim.o(.text)
    TIM_EncoderInterfaceConfig               0x0801924d   Thumb Code    50  stm32f10x_tim.o(.text)
    TIM_ForcedOC1Config                      0x0801927f   Thumb Code    12  stm32f10x_tim.o(.text)
    TIM_ForcedOC2Config                      0x0801928b   Thumb Code    20  stm32f10x_tim.o(.text)
    TIM_ForcedOC3Config                      0x0801929f   Thumb Code    12  stm32f10x_tim.o(.text)
    TIM_ForcedOC4Config                      0x080192ab   Thumb Code    20  stm32f10x_tim.o(.text)
    TIM_ARRPreloadConfig                     0x080192bf   Thumb Code    20  stm32f10x_tim.o(.text)
    TIM_SelectCOM                            0x080192d3   Thumb Code    20  stm32f10x_tim.o(.text)
    TIM_SelectCCDMA                          0x080192e7   Thumb Code    20  stm32f10x_tim.o(.text)
    TIM_CCPreloadControl                     0x080192fb   Thumb Code    20  stm32f10x_tim.o(.text)
    TIM_OC1PreloadConfig                     0x0801930f   Thumb Code    34  stm32f10x_tim.o(.text)
    TIM_OC2PreloadConfig                     0x08019331   Thumb Code    20  stm32f10x_tim.o(.text)
    TIM_OC3PreloadConfig                     0x08019345   Thumb Code    12  stm32f10x_tim.o(.text)
    TIM_OC4PreloadConfig                     0x08019351   Thumb Code    20  stm32f10x_tim.o(.text)
    TIM_OC1FastConfig                        0x08019365   Thumb Code    12  stm32f10x_tim.o(.text)
    TIM_OC2FastConfig                        0x08019371   Thumb Code    20  stm32f10x_tim.o(.text)
    TIM_OC3FastConfig                        0x08019385   Thumb Code    12  stm32f10x_tim.o(.text)
    TIM_OC4FastConfig                        0x08019391   Thumb Code    20  stm32f10x_tim.o(.text)
    TIM_ClearOC1Ref                          0x080193a5   Thumb Code    12  stm32f10x_tim.o(.text)
    TIM_ClearOC2Ref                          0x080193b1   Thumb Code    20  stm32f10x_tim.o(.text)
    TIM_ClearOC3Ref                          0x080193c5   Thumb Code    12  stm32f10x_tim.o(.text)
    TIM_ClearOC4Ref                          0x080193d1   Thumb Code    20  stm32f10x_tim.o(.text)
    TIM_OC1PolarityConfig                    0x080193e5   Thumb Code    12  stm32f10x_tim.o(.text)
    TIM_OC1NPolarityConfig                   0x080193f1   Thumb Code    12  stm32f10x_tim.o(.text)
    TIM_OC2PolarityConfig                    0x080193fd   Thumb Code    20  stm32f10x_tim.o(.text)
    TIM_OC2NPolarityConfig                   0x08019411   Thumb Code    20  stm32f10x_tim.o(.text)
    TIM_OC3PolarityConfig                    0x08019425   Thumb Code    20  stm32f10x_tim.o(.text)
    TIM_OC3NPolarityConfig                   0x08019439   Thumb Code    20  stm32f10x_tim.o(.text)
    TIM_OC4PolarityConfig                    0x0801944d   Thumb Code    20  stm32f10x_tim.o(.text)
    TIM_CCxCmd                               0x08019461   Thumb Code    22  stm32f10x_tim.o(.text)
    TIM_CCxNCmd                              0x08019477   Thumb Code    22  stm32f10x_tim.o(.text)
    TIM_SelectOCxM                           0x0801948d   Thumb Code    70  stm32f10x_tim.o(.text)
    TIM_UpdateDisableConfig                  0x080194d3   Thumb Code    20  stm32f10x_tim.o(.text)
    TIM_UpdateRequestConfig                  0x080194e7   Thumb Code    20  stm32f10x_tim.o(.text)
    TIM_SelectHallSensor                     0x080194fb   Thumb Code    20  stm32f10x_tim.o(.text)
    TIM_SelectOnePulseMode                   0x0801950f   Thumb Code    16  stm32f10x_tim.o(.text)
    TIM_SelectOutputTrigger                  0x0801951f   Thumb Code    16  stm32f10x_tim.o(.text)
    TIM_SelectSlaveMode                      0x0801952f   Thumb Code    16  stm32f10x_tim.o(.text)
    TIM_SelectMasterSlaveMode                0x0801953f   Thumb Code    16  stm32f10x_tim.o(.text)
    TIM_SetCounter                           0x0801954f   Thumb Code     4  stm32f10x_tim.o(.text)
    TIM_SetAutoreload                        0x08019553   Thumb Code     4  stm32f10x_tim.o(.text)
    TIM_SetCompare1                          0x08019557   Thumb Code     4  stm32f10x_tim.o(.text)
    TIM_SetCompare2                          0x0801955b   Thumb Code     4  stm32f10x_tim.o(.text)
    TIM_SetCompare3                          0x0801955f   Thumb Code     4  stm32f10x_tim.o(.text)
    TIM_SetCompare4                          0x08019563   Thumb Code     6  stm32f10x_tim.o(.text)
    TIM_SetClockDivision                     0x08019569   Thumb Code    16  stm32f10x_tim.o(.text)
    TIM_GetCapture1                          0x08019579   Thumb Code     4  stm32f10x_tim.o(.text)
    TIM_GetCapture2                          0x0801957d   Thumb Code     4  stm32f10x_tim.o(.text)
    TIM_GetCapture3                          0x08019581   Thumb Code     4  stm32f10x_tim.o(.text)
    TIM_GetCapture4                          0x08019585   Thumb Code     6  stm32f10x_tim.o(.text)
    TIM_GetCounter                           0x0801958b   Thumb Code     4  stm32f10x_tim.o(.text)
    TIM_GetPrescaler                         0x0801958f   Thumb Code     4  stm32f10x_tim.o(.text)
    TIM_GetFlagStatus                        0x08019593   Thumb Code    14  stm32f10x_tim.o(.text)
    TIM_ClearFlag                            0x080195a1   Thumb Code     6  stm32f10x_tim.o(.text)
    TIM_GetITStatus                          0x080195a7   Thumb Code    24  stm32f10x_tim.o(.text)
    TIM_ClearITPendingBit                    0x080195bf   Thumb Code     6  stm32f10x_tim.o(.text)
    USART_DeInit                             0x080195c5   Thumb Code    96  stm32f10x_usart.o(.text)
    USART_Init                               0x08019625   Thumb Code   166  stm32f10x_usart.o(.text)
    USART_StructInit                         0x080196cb   Thumb Code    22  stm32f10x_usart.o(.text)
    USART_ClockInit                          0x080196e1   Thumb Code    30  stm32f10x_usart.o(.text)
    USART_ClockStructInit                    0x080196ff   Thumb Code    12  stm32f10x_usart.o(.text)
    USART_Cmd                                0x0801970b   Thumb Code    20  stm32f10x_usart.o(.text)
    USART_ITConfig                           0x0801971f   Thumb Code    48  stm32f10x_usart.o(.text)
    USART_DMACmd                             0x0801974f   Thumb Code    16  stm32f10x_usart.o(.text)
    USART_SetAddress                         0x0801975f   Thumb Code    16  stm32f10x_usart.o(.text)
    USART_WakeUpConfig                       0x0801976f   Thumb Code    16  stm32f10x_usart.o(.text)
    USART_ReceiverWakeUpCmd                  0x0801977f   Thumb Code    20  stm32f10x_usart.o(.text)
    USART_LINBreakDetectLengthConfig         0x08019793   Thumb Code    16  stm32f10x_usart.o(.text)
    USART_LINCmd                             0x080197a3   Thumb Code    20  stm32f10x_usart.o(.text)
    USART_SendData                           0x080197b7   Thumb Code     8  stm32f10x_usart.o(.text)
    USART_ReceiveData                        0x080197bf   Thumb Code     8  stm32f10x_usart.o(.text)
    USART_SendBreak                          0x080197c7   Thumb Code    10  stm32f10x_usart.o(.text)
    USART_SetGuardTime                       0x080197d1   Thumb Code    16  stm32f10x_usart.o(.text)
    USART_SetPrescaler                       0x080197e1   Thumb Code    16  stm32f10x_usart.o(.text)
    USART_SmartCardCmd                       0x080197f1   Thumb Code    20  stm32f10x_usart.o(.text)
    USART_SmartCardNACKCmd                   0x08019805   Thumb Code    20  stm32f10x_usart.o(.text)
    USART_HalfDuplexCmd                      0x08019819   Thumb Code    20  stm32f10x_usart.o(.text)
    USART_OverSampling8Cmd                   0x0801982d   Thumb Code    20  stm32f10x_usart.o(.text)
    USART_OneBitMethodCmd                    0x08019841   Thumb Code    20  stm32f10x_usart.o(.text)
    USART_IrDAConfig                         0x08019855   Thumb Code    16  stm32f10x_usart.o(.text)
    USART_IrDACmd                            0x08019865   Thumb Code    20  stm32f10x_usart.o(.text)
    USART_GetFlagStatus                      0x08019879   Thumb Code    14  stm32f10x_usart.o(.text)
    USART_ClearFlag                          0x08019887   Thumb Code     6  stm32f10x_usart.o(.text)
    USART_GetITStatus                        0x0801988d   Thumb Code    62  stm32f10x_usart.o(.text)
    USART_ClearITPendingBit                  0x080198cb   Thumb Code    12  stm32f10x_usart.o(.text)
    NVIC_DeInit                              0x080198ed   Thumb Code    44  migrate.o(.text)
    NVIC_GenerateSystemReset                 0x08019919   Thumb Code     8  migrate.o(.text)
    PTT_Init_IO                              0x08019929   Thumb Code   248  ptt_lnw.o(.text)
    PTT_OBJ_INIT                             0x08019a21   Thumb Code    34  ptt_lnw.o(.text)
    PTT_Warnlight_Control                    0x08019a43   Thumb Code    68  ptt_lnw.o(.text)
    PTT_WARNLIGHT_ENABLE                     0x08019a87   Thumb Code    12  ptt_lnw.o(.text)
    PTT_TX_Control                           0x08019a93   Thumb Code   128  ptt_lnw.o(.text)
    PTT_LowPower_Get                         0x08019b13   Thumb Code     6  ptt_lnw.o(.text)
    PTT_MainPower_Check                      0x08019b19   Thumb Code   136  ptt_lnw.o(.text)
    PTT_Work_Process                         0x08019ba1   Thumb Code     2  ptt_lnw.o(.text)
    PTT_Timer_Service                        0x08019ba3   Thumb Code    34  ptt_lnw.o(.text)
    rand                                     0x08019be1   Thumb Code    20  rand.o(.text)
    srand                                    0x08019bf5   Thumb Code     6  rand.o(.text)
    __aeabi_memcpy                           0x08019c05   Thumb Code    36  memcpya.o(.text)
    __aeabi_memcpy4                          0x08019c05   Thumb Code     0  memcpya.o(.text)
    __aeabi_memcpy8                          0x08019c05   Thumb Code     0  memcpya.o(.text)
    __aeabi_memset                           0x08019c29   Thumb Code    14  memseta.o(.text)
    __aeabi_memset4                          0x08019c29   Thumb Code     0  memseta.o(.text)
    __aeabi_memset8                          0x08019c29   Thumb Code     0  memseta.o(.text)
    __aeabi_memclr                           0x08019c37   Thumb Code     4  memseta.o(.text)
    __aeabi_memclr4                          0x08019c37   Thumb Code     0  memseta.o(.text)
    __aeabi_memclr8                          0x08019c37   Thumb Code     0  memseta.o(.text)
    _memset$wrapper                          0x08019c3b   Thumb Code    18  memseta.o(.text)
    strcat                                   0x08019c4d   Thumb Code    24  strcat.o(.text)
    strncpy                                  0x08019c65   Thumb Code    24  strncpy.o(.text)
    strlen                                   0x08019c7d   Thumb Code    14  strlen.o(.text)
    strncat                                  0x08019c8b   Thumb Code    40  strncat.o(.text)
    strcpy                                   0x08019cb3   Thumb Code    18  strcpy.o(.text)
    strncmp                                  0x08019cc5   Thumb Code    30  strncmp.o(.text)
    strtoul                                  0x08019ce3   Thumb Code   114  strtoul.o(.text)
    atoi                                     0x08019d55   Thumb Code    26  atoi.o(.text)
    atol                                     0x08019d6f   Thumb Code    26  atol.o(.text)
    __aeabi_fmul                             0x08019d89   Thumb Code   100  fmul.o(.text)
    __aeabi_dadd                             0x08019ded   Thumb Code   322  dadd.o(.text)
    __aeabi_dsub                             0x08019f2f   Thumb Code     6  dadd.o(.text)
    __aeabi_drsub                            0x08019f35   Thumb Code     6  dadd.o(.text)
    __aeabi_dmul                             0x08019f3b   Thumb Code   228  dmul.o(.text)
    __aeabi_ddiv                             0x0801a01f   Thumb Code   222  ddiv.o(.text)
    __ARM_scalbn                             0x0801a0fd   Thumb Code    46  dscalb.o(.text)
    scalbn                                   0x0801a0fd   Thumb Code     0  dscalb.o(.text)
    __aeabi_i2d                              0x0801a12b   Thumb Code    34  dflti.o(.text)
    __aeabi_ui2d                             0x0801a14d   Thumb Code    26  dfltui.o(.text)
    __aeabi_f2uiz                            0x0801a167   Thumb Code    40  ffixui.o(.text)
    __aeabi_d2iz                             0x0801a18f   Thumb Code    62  dfixi.o(.text)
    __aeabi_d2uiz                            0x0801a1cd   Thumb Code    50  dfixui.o(.text)
    __aeabi_f2d                              0x0801a1ff   Thumb Code    38  f2d.o(.text)
    __aeabi_cdcmpeq                          0x0801a225   Thumb Code     0  cdcmple.o(.text)
    __aeabi_cdcmple                          0x0801a225   Thumb Code    48  cdcmple.o(.text)
    __aeabi_cdrcmple                         0x0801a255   Thumb Code    48  cdrcmple.o(.text)
    __aeabi_d2f                              0x0801a285   Thumb Code    56  d2f.o(.text)
    __aeabi_uidiv                            0x0801a2bd   Thumb Code     0  uidiv.o(.text)
    __aeabi_uidivmod                         0x0801a2bd   Thumb Code    44  uidiv.o(.text)
    __aeabi_uldivmod                         0x0801a2e9   Thumb Code    98  uldiv.o(.text)
    __aeabi_llsl                             0x0801a34b   Thumb Code    30  llshl.o(.text)
    _ll_shift_l                              0x0801a34b   Thumb Code     0  llshl.o(.text)
    __aeabi_llsr                             0x0801a369   Thumb Code    32  llushr.o(.text)
    _ll_ushift_r                             0x0801a369   Thumb Code     0  llushr.o(.text)
    __aeabi_lasr                             0x0801a389   Thumb Code    36  llsshr.o(.text)
    _ll_sshift_r                             0x0801a389   Thumb Code     0  llsshr.o(.text)
    __rt_ctype_table                         0x0801a3ad   Thumb Code     4  ctype_o.o(.text)
    isspace                                  0x0801a3b5   Thumb Code    18  isspace_o.o(.text)
    _strtoul                                 0x0801a3c7   Thumb Code   158  _strtoul.o(.text)
    __strtod_int                             0x0801a49b   Thumb Code    88  strtod.o(.text)
    strtol                                   0x0801a501   Thumb Code   112  strtol.o(.text)
    __I$use$fp                               0x0801a571   Thumb Code     0  iusefp.o(.text)
    _float_round                             0x0801a571   Thumb Code    18  fepilogue.o(.text)
    _float_epilogue                          0x0801a583   Thumb Code    92  fepilogue.o(.text)
    _double_round                            0x0801a5df   Thumb Code    30  depilogue.o(.text)
    _double_epilogue                         0x0801a5fd   Thumb Code   156  depilogue.o(.text)
    _dsqrt                                   0x0801a699   Thumb Code   162  dsqrt.o(.text)
    __aeabi_d2ulz                            0x0801a73b   Thumb Code    48  dfixul.o(.text)
    __scatterload                            0x0801a76d   Thumb Code    28  init.o(.text)
    __scatterload_rt2                        0x0801a76d   Thumb Code     0  init.o(.text)
    _chval                                   0x0801a791   Thumb Code    28  _chval.o(.text)
    _scanf_real                              0x0801a8ad   Thumb Code     0  scanf_fp.o(.text)
    _scanf_really_real                       0x0801a8ad   Thumb Code   556  scanf_fp.o(.text)
    _sgetc                                   0x0801aae5   Thumb Code    30  _sgetc.o(.text)
    _sbackspace                              0x0801ab03   Thumb Code    34  _sgetc.o(.text)
    __aeabi_ul2d                             0x0801ab25   Thumb Code    24  dfltul.o(.text)
    __decompress                             0x0801ab3d   Thumb Code     0  __dczerorl2.o(.text)
    __decompress1                            0x0801ab3d   Thumb Code    86  __dczerorl2.o(.text)
    __0sprintf                               0x0801ab95   Thumb Code    34  printfa.o(i.__0sprintf)
    __1sprintf                               0x0801ab95   Thumb Code     0  printfa.o(i.__0sprintf)
    __2sprintf                               0x0801ab95   Thumb Code     0  printfa.o(i.__0sprintf)
    __c89sprintf                             0x0801ab95   Thumb Code     0  printfa.o(i.__0sprintf)
    sprintf                                  0x0801ab95   Thumb Code     0  printfa.o(i.__0sprintf)
    __0vsprintf                              0x0801abbd   Thumb Code    30  printfa.o(i.__0vsprintf)
    __1vsprintf                              0x0801abbd   Thumb Code     0  printfa.o(i.__0vsprintf)
    __2vsprintf                              0x0801abbd   Thumb Code     0  printfa.o(i.__0vsprintf)
    __c89vsprintf                            0x0801abbd   Thumb Code     0  printfa.o(i.__0vsprintf)
    vsprintf                                 0x0801abbd   Thumb Code     0  printfa.o(i.__0vsprintf)
    __ARM_fpclassify                         0x0801abe1   Thumb Code    40  fpclassify.o(i.__ARM_fpclassify)
    __aeabi_errno_addr                       0x0801ac09   Thumb Code     4  errno.o(i.__aeabi_errno_addr)
    __rt_errno_addr                          0x0801ac09   Thumb Code     0  errno.o(i.__aeabi_errno_addr)
    __ieee754_rem_pio2                       0x0801ac11   Thumb Code   828  rred.o(i.__ieee754_rem_pio2)
    __kernel_cos                             0x0801af99   Thumb Code   230  cos_i.o(i.__kernel_cos)
    __kernel_poly                            0x0801b095   Thumb Code   170  poly.o(i.__kernel_poly)
    __kernel_sin                             0x0801b141   Thumb Code   224  sin_i.o(i.__kernel_sin)
    __mathlib_dbl_divzero                    0x0801b22d   Thumb Code    12  dunder.o(i.__mathlib_dbl_divzero)
    __mathlib_dbl_infnan                     0x0801b23d   Thumb Code     6  dunder.o(i.__mathlib_dbl_infnan)
    __mathlib_dbl_infnan2                    0x0801b243   Thumb Code     4  dunder.o(i.__mathlib_dbl_infnan2)
    __mathlib_dbl_invalid                    0x0801b247   Thumb Code    12  dunder.o(i.__mathlib_dbl_invalid)
    __mathlib_dbl_overflow                   0x0801b253   Thumb Code    14  dunder.o(i.__mathlib_dbl_overflow)
    __mathlib_dbl_underflow                  0x0801b261   Thumb Code    10  dunder.o(i.__mathlib_dbl_underflow)
    __read_errno                             0x0801b271   Thumb Code     6  errno.o(i.__read_errno)
    __scatterload_copy                       0x0801b27d   Thumb Code    14  handlers.o(i.__scatterload_copy)
    __scatterload_null                       0x0801b28b   Thumb Code     2  handlers.o(i.__scatterload_null)
    __scatterload_zeroinit                   0x0801b28d   Thumb Code    14  handlers.o(i.__scatterload_zeroinit)
    __set_errno                              0x0801b29d   Thumb Code     6  errno.o(i.__set_errno)
    _is_digit                                0x0801b40d   Thumb Code    14  scanf_fp.o(i._is_digit)
    asin                                     0x0801bb55   Thumb Code   572  asin.o(i.asin)
    atof                                     0x0801bdc5   Thumb Code    42  atof.o(i.atof)
    cos                                      0x0801bdf1   Thumb Code   148  cos.o(i.cos)
    free                                     0x0801be8d   Thumb Code    76  malloc.o(i.free)
    malloc                                   0x0801bedd   Thumb Code    92  malloc.o(i.malloc)
    pow                                      0x0801bf49   Thumb Code  2512  pow.o(i.pow)
    sin                                      0x0801c921   Thumb Code   150  sin.o(i.sin)
    sqrt                                     0x0801c9c1   Thumb Code    76  sqrt.o(i.sqrt)
    strtod                                   0x0801ca0d   Thumb Code    28  strtod.o(i.strtod)
    ais_crc16_table                          0x0801cb2e   Data         512  common.o(.constdata)
    SingleTwo                                0x0801ce8d   Data          21  testing.o(.constdata)
    SingleT2                                 0x0801cea2   Data          20  testing.o(.constdata)
    SingleT3                                 0x0801ceb6   Data          21  testing.o(.constdata)
    STSignal_2                               0x0801cecb   Data          21  testing.o(.constdata)
    UBX_PRT_MSG_CFG_RXM_CONTINUOUS           0x0801cee0   Data           8  ubloxprotocol.o(.constdata)
    UBX_PRT_MSG_CFG_RXM_PSM                  0x0801cee8   Data           8  ubloxprotocol.o(.constdata)
    UBX_PRT_MSG_CFG_PM2_NORM                 0x0801cef0   Data          50  ubloxprotocol.o(.constdata)
    UBX_PRT_MSG_CFG_PM2_SAVE                 0x0801cf22   Data          50  ubloxprotocol.o(.constdata)
    UBX_PRT_MSG_CFG_CFG_DEFAULT              0x0801cf54   Data          19  ubloxprotocol.o(.constdata)
    UBX_PRT_MSG_CFG_CFG_SAVE                 0x0801cf67   Data          19  ubloxprotocol.o(.constdata)
    UBX_PRT_MSG_CFG_TP5_ACTIVE               0x0801cf7a   Data          38  ubloxprotocol.o(.constdata)
    UBX_PRT_MSG_CFG_TP5_INACTIVE             0x0801cfa0   Data          38  ubloxprotocol.o(.constdata)
    UBX_PRT_MSG_CFG_MSG_R0_GXVTG             0x0801cfc6   Data          14  ubloxprotocol.o(.constdata)
    UBX_PRT_MSG_CFG_MSG_R0_GXGGA             0x0801cfd4   Data          14  ubloxprotocol.o(.constdata)
    UBX_PRT_MSG_CFG_MSG_R0_GXGSA             0x0801cfe2   Data          14  ubloxprotocol.o(.constdata)
    UBX_PRT_MSG_CFG_MSG_R0_GXGSV             0x0801cff0   Data          14  ubloxprotocol.o(.constdata)
    UBX_PRT_MSG_CFG_MSG_R0_GXGLL             0x0801cffe   Data          14  ubloxprotocol.o(.constdata)
    UBX_PRT_MSG_CFG_MSG_R0_GXRMC             0x0801d00c   Data          14  ubloxprotocol.o(.constdata)
    UBX_PRT_MSG_CFG_MSG_R0_GXGBS             0x0801d01a   Data          14  ubloxprotocol.o(.constdata)
    UBX_PRT_MSG_CFG_MSG_R1_GXVTG             0x0801d028   Data          14  ubloxprotocol.o(.constdata)
    UBX_PRT_MSG_CFG_MSG_R1_GXGGA             0x0801d036   Data          14  ubloxprotocol.o(.constdata)
    UBX_PRT_MSG_CFG_MSG_R1_GXGSA             0x0801d044   Data          14  ubloxprotocol.o(.constdata)
    UBX_PRT_MSG_CFG_MSG_R1_GXGSV             0x0801d052   Data          14  ubloxprotocol.o(.constdata)
    UBX_PRT_MSG_CFG_MSG_R1_GXGLL             0x0801d060   Data          14  ubloxprotocol.o(.constdata)
    UBX_PRT_MSG_CFG_MSG_R1_GXRMC             0x0801d06e   Data          14  ubloxprotocol.o(.constdata)
    UBX_PRT_MSG_CFG_MSG_R1_GXGBS             0x0801d07c   Data          14  ubloxprotocol.o(.constdata)
    StSignal1                                0x0801d08a   Data          21  transceiverctrl.o(.constdata)
    StSignal2                                0x0801d09f   Data          21  transceiverctrl.o(.constdata)
    StSignal3                                0x0801d0b4   Data          21  transceiverctrl.o(.constdata)
    __mathlib_zero                           0x0801d200   Data           8  qnan.o(.constdata)
    __ctype_table                            0x0801d2f8   Data         129  ctype_o.o(.constdata)
    Region$$Table$$Base                      0x0801d5dc   Number         0  anon$$obj.o(Region$$Table)
    Region$$Table$$Limit                     0x0801d5fc   Number         0  anon$$obj.o(Region$$Table)
    HSEStartUpStatus                         0x20000000   Data           1  stm32f10x_target.o(.data)
    Para_Addr_IndexBuf                       0x20000004   Data          22  parastorage.o(.data)
    Para_MaxLen_IndexBuf                     0x2000001a   Data          22  parastorage.o(.data)
    Para_Default_IndexBuf                    0x20000030   Data          88  parastorage.o(.data)
    LocalClockTick                           0x20000088   Data           8  systemtick.o(.data)
    usGPSSynContinueTime                     0x200000a0   Data           2  gpsctrl.o(.data)
    LastGPS_Latitude                         0x200000a8   Data           8  gpsctrl.o(.data)
    LastGPS_Longitud                         0x200000b0   Data           8  gpsctrl.o(.data)
    NowGPS_Latitude                          0x200000b8   Data           8  gpsctrl.o(.data)
    NowGPS_Longitud                          0x200000c0   Data           8  gpsctrl.o(.data)
    ucStandbyWakeupFlg                       0x200000c8   Data           1  powerup.o(.data)
    ucStandbyWakeupDelayFlg                  0x200000c9   Data           1  powerup.o(.data)
    gslTimToRtcCnt_2                         0x200000cc   Data           4  sleepctrl.o(.data)
    gslRtcToTimCnt_2                         0x200000d0   Data           4  sleepctrl.o(.data)
    gslTimToRtcIdleCnt_2                     0x200000d4   Data           4  sleepctrl.o(.data)
    struMsgTestPara                          0x200000d8   Data           1  testing.o(.data)
    RxTestInstance                           0x200000d9   Data           1  testing.o(.data)
    STM32_FLASH_Addr_IndexBuf                0x200000f0   Data          84  flashctrl.o(.data)
    STM32_FLASH_MaxLen_IndexBuf              0x20000144   Data          21  flashctrl.o(.data)
    STM32_FLASH_Default_IndexBuf             0x2000015c   Data          84  flashctrl.o(.data)
    ucADC1_ConvFinishFlag                    0x200001b0   Data           1  adc.o(.data)
    guiADC1_14_Val                           0x200001b2   Data           2  adc.o(.data)
    ssADC1_CalValue                          0x200001b4   Data           2  adc.o(.data)
    arrADC1_Val                              0x200001b6   Data           8  adc.o(.data)
    arrBKP_DR_INDEX                          0x200001be   Data          84  bkpregister.o(.data)
    GpsTimSaveFlag                           0x20000214   Data           1  gps.o(.data)
    GpsPulseEn                               0x20000215   Data           1  gps.o(.data)
    TimCntSave                               0x20000218   Data           4  gps.o(.data)
    RtcCntSave                               0x2000021c   Data           4  gps.o(.data)
    GpsTimCountSave                          0x20000220   Data           4  gps.o(.data)
    GpsRtcCountSave                          0x20000224   Data           4  gps.o(.data)
    struPinPulsePara                         0x20000228   Data           8  led.o(.data)
    RFPara                                   0x20000230   Data           1  power.o(.data)
    PowerPara                                0x20000231   Data           2  power.o(.data)
    RtcHighCountFlag                         0x20000238   Data           1  rtc.o(.data)
    RtcPhaseAdjust1                          0x2000023a   Data           2  rtc.o(.data)
    RtcPhaseAdjust10                         0x2000023c   Data           2  rtc.o(.data)
    RtcPhaseAdjust100                        0x2000023e   Data           2  rtc.o(.data)
    RtcCntAdjust1                            0x20000240   Data           2  rtc.o(.data)
    RtcCntAdjust10                           0x20000242   Data           2  rtc.o(.data)
    RtcCntAdjust100                          0x20000244   Data           2  rtc.o(.data)
    RTCIntCount                              0x20000248   Data           4  rtc.o(.data)
    GpsRtcCount                              0x2000024c   Data           4  rtc.o(.data)
    RtcSubCnt1                               0x20000250   Data           4  rtc.o(.data)
    RtcSubCnt2                               0x20000254   Data           4  rtc.o(.data)
    RtcSubCnt3                               0x20000258   Data           4  rtc.o(.data)
    RtcCnt                                   0x2000025c   Data           4  rtc.o(.data)
    RtcCnt1s                                 0x20000260   Data           4  rtc.o(.data)
    RtcCnt10s                                0x20000264   Data           4  rtc.o(.data)
    RtcCnt100s                               0x20000268   Data           4  rtc.o(.data)
    RtcTimPhaseCnt1                          0x20000270   Data           8  rtc.o(.data)
    RtcTimPhaseCnt10                         0x20000278   Data           8  rtc.o(.data)
    RtcTimPhaseCnt100                        0x20000280   Data           8  rtc.o(.data)
    struRtcPara                              0x20000288   Data           8  rtc.o(.data)
    gucFSKDataXmtEn                          0x20000290   Data           1  tim.o(.data)
    gucFetchFirstFskDataEn                   0x20000291   Data           1  tim.o(.data)
    capture                                  0x20000292   Data           2  tim.o(.data)
    CCR1_Val                                 0x20000294   Data           2  tim.o(.data)
    CCR2_Val                                 0x20000296   Data           2  tim.o(.data)
    CCR3_Val                                 0x20000298   Data           2  tim.o(.data)
    gsiPhaseCnt                              0x2000029a   Data           2  tim.o(.data)
    gsiSlotCnt                               0x2000029c   Data           2  tim.o(.data)
    TimAdjust1                               0x2000029e   Data           2  tim.o(.data)
    TimAdjust10                              0x200002a0   Data           2  tim.o(.data)
    TimAdjust100                             0x200002a2   Data           2  tim.o(.data)
    gslFrameCnt                              0x200002a4   Data           4  tim.o(.data)
    TimSubCnt1                               0x200002a8   Data           4  tim.o(.data)
    TimSubCnt2                               0x200002ac   Data           4  tim.o(.data)
    TimSubCnt3                               0x200002b0   Data           4  tim.o(.data)
    GpsTimCount                              0x200002b4   Data           4  tim.o(.data)
    TimCnt                                   0x200002b8   Data           4  tim.o(.data)
    TimCnt1s                                 0x200002bc   Data           4  tim.o(.data)
    TimCnt10s                                0x200002c0   Data           4  tim.o(.data)
    TimCnt100s                               0x200002c4   Data           4  tim.o(.data)
    Uart1Config                              0x200002c8   Data           8  usart.o(.data)
    Is_Feed_Dog                              0x200002d0   Data           1  wdg.o(.data)
    SI446X_FRE_BASE                          0x200002d4   Data           4  si446x.o(.data)
    DebugOutputFlag                          0x200004d1   Data           1  debug.o(.data)
    __microlib_freelist                      0x200004ec   Data           4  mvars.o(.data)
    __microlib_freelist_initialised          0x200004f0   Data           4  mvars.o(.data)
    pGpsCell                                 0x20002b38   Data         208  ais_msgmodu.o(.bss)
    AisDiSenQue                              0x20002c08   Data        1332  aisdigitalinterface.o(.bss)
    ABMPara                                  0x2000313c   Data         176  aisdigitalinterface.o(.bss)
    BBMPara                                  0x200031ec   Data         174  aisdigitalinterface.o(.bss)
    AISMsgBinBuff_1                          0x2000329c   Data          22  aismsgmodule.o(.bss)
    AISMsgBinBuff_2                          0x200032b2   Data          22  aismsgmodule.o(.bss)
    AISMsgBinBuff_3                          0x200032c8   Data          22  aismsgmodule.o(.bss)
    AISMsgBinBuff_4                          0x200032de   Data          22  aismsgmodule.o(.bss)
    AISMsgBinBuff_5                          0x200032f4   Data          54  aismsgmodule.o(.bss)
    AISMsgBinBuff_6                          0x2000332a   Data         127  aismsgmodule.o(.bss)
    AISMsgBinBuff_7                          0x200033a9   Data          22  aismsgmodule.o(.bss)
    AISMsgBinBuff_8                          0x200033bf   Data         127  aismsgmodule.o(.bss)
    AISMsgBinBuff_9                          0x2000343e   Data          22  aismsgmodule.o(.bss)
    AISMsgBinBuff_10                         0x20003454   Data          10  aismsgmodule.o(.bss)
    AISMsgBinBuff_11                         0x2000345e   Data          22  aismsgmodule.o(.bss)
    AISMsgBinBuff_12                         0x20003474   Data         127  aismsgmodule.o(.bss)
    AISMsgBinBuff_13                         0x200034f3   Data          22  aismsgmodule.o(.bss)
    AISMsgBinBuff_14                         0x20003509   Data         127  aismsgmodule.o(.bss)
    AISMsgBinBuff_15                         0x20003588   Data          21  aismsgmodule.o(.bss)
    AISMsgBinBuff_16                         0x2000359d   Data          19  aismsgmodule.o(.bss)
    AISMsgBinBuff_17                         0x200035b0   Data         103  aismsgmodule.o(.bss)
    AISMsgBinBuff_18                         0x20003617   Data          22  aismsgmodule.o(.bss)
    AISMsgBinBuff_19                         0x2000362d   Data          40  aismsgmodule.o(.bss)
    AISMsgBinBuff_20                         0x20003655   Data          21  aismsgmodule.o(.bss)
    AISMsgBinBuff_21                         0x2000366a   Data          46  aismsgmodule.o(.bss)
    AISMsgBinBuff_22                         0x20003698   Data          22  aismsgmodule.o(.bss)
    AISMsgBinBuff_23                         0x200036ae   Data          21  aismsgmodule.o(.bss)
    AISMsgBinBuff_24A                        0x200036c3   Data          21  aismsgmodule.o(.bss)
    AISMsgBinBuff_24B                        0x200036d8   Data          22  aismsgmodule.o(.bss)
    AISMsgBinBuff_25                         0x200036ee   Data          22  aismsgmodule.o(.bss)
    AISMsgBinBuff_26                         0x20003704   Data         134  aismsgmodule.o(.bss)
    AISMsgBinBuff_27                         0x2000378a   Data          13  aismsgmodule.o(.bss)
    AISMsg_1                                 0x20003798   Data          40  aismsgmodule.o(.bss)
    AISMsg_2                                 0x200037c0   Data          40  aismsgmodule.o(.bss)
    AISMsg_3                                 0x200037e8   Data          40  aismsgmodule.o(.bss)
    AISMsg_4                                 0x20003810   Data          36  aismsgmodule.o(.bss)
    AISMsg_5                                 0x20003834   Data          80  aismsgmodule.o(.bss)
    AISMsg_6                                 0x20003884   Data         140  aismsgmodule.o(.bss)
    AISMsg_7                                 0x20003910   Data          40  aismsgmodule.o(.bss)
    AISMsg_8                                 0x20003938   Data         132  aismsgmodule.o(.bss)
    AISMsg_9                                 0x200039bc   Data          40  aismsgmodule.o(.bss)
    AISMsg_10                                0x200039e4   Data          12  aismsgmodule.o(.bss)
    AISMsg_11                                0x200039f0   Data          36  aismsgmodule.o(.bss)
    AISMsg_12                                0x20003a14   Data         176  aismsgmodule.o(.bss)
    AISMsg_13                                0x20003ac4   Data          40  aismsgmodule.o(.bss)
    AISMsg_14                                0x20003aec   Data         172  aismsgmodule.o(.bss)
    AISMsg_15                                0x20003b98   Data          32  aismsgmodule.o(.bss)
    AISMsg_16                                0x20003bb8   Data          28  aismsgmodule.o(.bss)
    AISMsg_17                                0x20003bd4   Data         144  aismsgmodule.o(.bss)
    AISMsg_18                                0x20003c64   Data          40  aismsgmodule.o(.bss)
    AISMsg_19                                0x20003c8c   Data          56  aismsgmodule.o(.bss)
    AISMsg_20                                0x20003cc4   Data          36  aismsgmodule.o(.bss)
    AISMsg_21                                0x20003ce8   Data          68  aismsgmodule.o(.bss)
    AISMsg_22                                0x20003d2c   Data          36  aismsgmodule.o(.bss)
    AISMsg_23                                0x20003d50   Data          32  aismsgmodule.o(.bss)
    AISMsg_24A                               0x20003d70   Data          32  aismsgmodule.o(.bss)
    AISMsg_24B                               0x20003d90   Data          36  aismsgmodule.o(.bss)
    AISMsg_25                                0x20003db4   Data          36  aismsgmodule.o(.bss)
    AISMsg_26                                0x20003dd8   Data         156  aismsgmodule.o(.bss)
    AISMsg_27                                0x20003e74   Data          28  aismsgmodule.o(.bss)
    DevStaticPara                            0x200080dc   Data          28  deviceinfo.o(.bss)
    DevDynamicPara                           0x200080f8   Data          28  deviceinfo.o(.bss)
    AisStaticPara                            0x20008114   Data          92  aisinfo.o(.bss)
    AisDynamicPara                           0x20008170   Data          32  aisinfo.o(.bss)
    TimAdjustPara                            0x20008ba4   Data          68  adjust.o(.bss)
    GpsPara                                  0x20008be8   Data         208  gpsctrl.o(.bss)
    GpsCtrlPara                              0x20008cb8   Data          84  gpsctrl.o(.bss)
    GpsSynCell                               0x20008d0c   Data          52  gpsctrl.o(.bss)
    GPSCtrlMsgTestPara                       0x20008d40   Data          12  gpsctrl.o(.bss)
    GpsSelfCheckInst                         0x20008d4c   Data          24  gpsctrl.o(.bss)
    LEDCtrlPara                              0x20008d64   Data          88  ledctrl.o(.bss)
    SleepCtrlPara                            0x20008dbc   Data          44  sleepctrl.o(.bss)
    TestCtrlPara                             0x20008de8   Data         120  testing.o(.bss)
    BatteryTestCtrlPara                      0x20008e60   Data          28  testing.o(.bss)
    MsgTestCtrlPara                          0x20008e7c   Data          24  testing.o(.bss)
    SleepTestCtrlPara                        0x20008e94   Data          12  testing.o(.bss)
    TransceiverTest1                         0x20009810   Data         184  transceiverctrl.o(.bss)
    TransceiverTest2                         0x200098c8   Data         184  transceiverctrl.o(.bss)
    TransceiverTxCtrlInstance                0x20009980   Data         184  transceiverctrl.o(.bss)
    RecordCloseTimeTask                      0x20009a6c   Data          12  taskmanager.o(.bss)
    UpdateRecStationTask                     0x20009a78   Data          12  taskmanager.o(.bss)
    arrBKPDRData                             0x20009a84   Data          84  bkpregister.o(.bss)
    Uart2TxFIFO                              0x20009ad8   Data        1030  gps.o(.bss)
    Uart2RxFIFO                              0x20009ede   Data        1036  gps.o(.bss)
    struRtcTimPhase1                         0x2000a2f0   Data          40  rtc.o(.bss)
    Uart1TxFIFO                              0x2000a318   Data        1030  usart.o(.bss)
    Uart1RxFIFO                              0x2000a71e   Data        1036  usart.o(.bss)
    PTT_OBJ                                  0x2000ae6c   Data          36  ptt_lnw.o(.bss)
    __heap_base                              0x2000ae90   Data           0  stm32f10x_startup.o(HEAP)
    __heap_limit                             0x2000b290   Data           0  stm32f10x_startup.o(HEAP)
    __initial_sp                             0x2000b690   Data           0  stm32f10x_startup.o(STACK)



==============================================================================

Memory Map of the image

  Image Entry point : 0x08000131

  Load Region LR_IROM1 (Base: 0x08000000, Size: 0x0001daf4, Max: 0x00040000, ABSOLUTE, COMPRESSED[0x0001d900])

    Execution Region ER_IROM1 (Base: 0x08000000, Size: 0x0001d5fc, Max: 0x00040000, ABSOLUTE)

    Base Addr    Size         Type   Attr      Idx    E Section Name        Object

    0x08000000   0x00000130   Data   RO          324    RESET               stm32f10x_startup.o
    0x08000130   0x00000000   Code   RO         1804  * .ARM.Collect$$$$00000000  mc_w.l(entry.o)
    0x08000130   0x00000004   Code   RO         2184    .ARM.Collect$$$$00000001  mc_w.l(entry2.o)
    0x08000134   0x00000004   Code   RO         2187    .ARM.Collect$$$$00000004  mc_w.l(entry5.o)
    0x08000138   0x00000000   Code   RO         2189    .ARM.Collect$$$$00000008  mc_w.l(entry7b.o)
    0x08000138   0x00000000   Code   RO         2191    .ARM.Collect$$$$0000000A  mc_w.l(entry8b.o)
    0x08000138   0x00000008   Code   RO         2192    .ARM.Collect$$$$0000000B  mc_w.l(entry9a.o)
    0x08000140   0x00000000   Code   RO         2194    .ARM.Collect$$$$0000000D  mc_w.l(entry10a.o)
    0x08000140   0x00000000   Code   RO         2196    .ARM.Collect$$$$0000000F  mc_w.l(entry11a.o)
    0x08000140   0x00000004   Code   RO         2185    .ARM.Collect$$$$00002712  mc_w.l(entry2.o)
    0x08000144   0x00000002   Code   RO          299    .emb_text           stm32f10x_it.o
    0x08000146   0x00000002   PAD
    0x08000148   0x00000298   Code   RO            6    .text               stm32f10x_target.o
    0x080003e0   0x000000f8   Code   RO          300    .text               stm32f10x_it.o
    0x080004d8   0x00000008   Code   RO          325    .text               stm32f10x_startup.o
    0x080004e0   0x000000d8   Code   RO          335    .text               ioctrl.o
    0x080005b8   0x000004f0   Code   RO          356    .text               parastorage.o
    0x08000aa8   0x00000012   Code   RO          378    .text               rxtxctrl.o
    0x08000aba   0x00000002   PAD
    0x08000abc   0x00000060   Code   RO          400    .text               systemtick.o
    0x08000b1c   0x00000cac   Code   RO          420    .text               datalinkservice.o
    0x080017c8   0x000004b4   Code   RO          435    .text               linkmanagemententity.o
    0x08001c7c   0x000000ac   Code   RO          450    .text               physicallayer.o
    0x08001d28   0x00000e94   Code   RO          465    .text               ais_msgmodu.o
    0x08002bbc   0x00001260   Code   RO          487    .text               aisdigitalinterface.o
    0x08003e1c   0x000040cc   Code   RO          508    .text               aismsgmodule.o
    0x08007ee8   0x0000035c   Code   RO          529    .text               slot.o
    0x08008244   0x000014a4   Code   RO          543    .text               tdma.o
    0x080096e8   0x0000008c   Code   RO          560    .text               deviceinfo.o
    0x08009774   0x00000178   Code   RO          578    .text               aisinfo.o
    0x080098ec   0x0000130c   Code   RO          596    .text               msgmanager.o
    0x0800abf8   0x00000026   Code   RO          612    .text               aisptlmain.o
    0x0800ac1e   0x00000002   PAD
    0x0800ac20   0x00000720   Code   RO          624    .text               adjust.o
    0x0800b340   0x000004a8   Code   RO          649    .text               common.o
    0x0800b7e8   0x00001908   Code   RO          665    .text               gpsctrl.o
    0x0800d0f0   0x00000074   Code   RO          703    .text               initial.o
    0x0800d164   0x00000668   Code   RO          749    .text               ledctrl.o
    0x0800d7cc   0x00000118   Code   RO          769    .text               main.o
    0x0800d8e4   0x00000618   Code   RO          815    .text               powerup.o
    0x0800defc   0x000001a0   Code   RO          837    .text               sleepctrl.o
    0x0800e09c   0x00000470   Code   RO          866    .text               testing.o
    0x0800e50c   0x000027e0   Code   RO          892    .text               uartmsg.o
    0x08010cec   0x00000690   Code   RO          924    .text               ubloxprotocol.o
    0x0801137c   0x00000738   Code   RO          950    .text               transceiverctrl.o
    0x08011ab4   0x00000956   Code   RO          967    .text               selfcheck.o
    0x0801240a   0x00000002   PAD
    0x0801240c   0x00000120   Code   RO          983    .text               rflinkselfcheck.o
    0x0801252c   0x0000020c   Code   RO          996    .text               taskmanager.o
    0x08012738   0x00000380   Code   RO         1078    .text               flashctrl.o
    0x08012ab8   0x0000027c   Code   RO         1094    .text               encrypt.o
    0x08012d34   0x0000042e   Code   RO         1107    .text               24c02.o
    0x08013162   0x00000002   PAD
    0x08013164   0x00000224   Code   RO         1125    .text               adc.o
    0x08013388   0x000000d0   Code   RO         1144    .text               bkpregister.o
    0x08013458   0x00000080   Code   RO         1164    .text               dac.o
    0x080134d8   0x0000024c   Code   RO         1180    .text               gps.o
    0x08013724   0x00000100   Code   RO         1200    .text               led.o
    0x08013824   0x0000013c   Code   RO         1218    .text               power.o
    0x08013960   0x000008f8   Code   RO         1235    .text               rtc.o
    0x08014258   0x00000068   Code   RO         1257    .text               rxtx.o
    0x080142c0   0x00000194   Code   RO         1269    .text               spi.o
    0x08014454   0x00000694   Code   RO         1281    .text               tim.o
    0x08014ae8   0x000004d8   Code   RO         1304    .text               usart.o
    0x08014fc0   0x0000004c   Code   RO         1332    .text               wdg.o
    0x0801500c   0x00000264   Code   RO         1350    .text               gpiospi.o
    0x08015270   0x00002068   Code   RO         1364    .text               si446x.o
    0x080172d8   0x00000190   Code   RO         1398    .text               debug.o
    0x08017468   0x000000b0   Code   RO         1422    .text               misc.o
    0x08017518   0x00000330   Code   RO         1434    .text               stm32f10x_adc.o
    0x08017848   0x00000098   Code   RO         1446    .text               stm32f10x_bkp.o
    0x080178e0   0x000000fc   Code   RO         1503    .text               stm32f10x_dac.o
    0x080179dc   0x00000028   Code   RO         1515    .text               stm32f10x_dbgmcu.o
    0x08017a04   0x000001c8   Code   RO         1527    .text               stm32f10x_dma.o
    0x08017bcc   0x000000e8   Code   RO         1539    .text               stm32f10x_exti.o
    0x08017cb4   0x0000047c   Code   RO         1551    .text               stm32f10x_flash_1.o
    0x08018130   0x0000026c   Code   RO         1579    .text               stm32f10x_gpio.o
    0x0801839c   0x0000003c   Code   RO         1606    .text               stm32f10x_iwdg.o
    0x080183d8   0x000000ac   Code   RO         1618    .text               stm32f10x_pwr.o
    0x08018484   0x000002c8   Code   RO         1630    .text               stm32f10x_rcc.o
    0x0801874c   0x00000110   Code   RO         1644    .text               stm32f10x_rtc.o
    0x0801885c   0x00000274   Code   RO         1669    .text               stm32f10x_spi.o
    0x08018ad0   0x00000af4   Code   RO         1681    .text               stm32f10x_tim.o
    0x080195c4   0x00000328   Code   RO         1694    .text               stm32f10x_usart.o
    0x080198ec   0x0000003c   Code   RO         1721    .text               migrate.o
    0x08019928   0x000002b8   Code   RO         1733    .text               ptt_lnw.o
    0x08019be0   0x00000024   Code   RO         1807    .text               mc_w.l(rand.o)
    0x08019c04   0x00000024   Code   RO         1810    .text               mc_w.l(memcpya.o)
    0x08019c28   0x00000024   Code   RO         1812    .text               mc_w.l(memseta.o)
    0x08019c4c   0x00000018   Code   RO         1814    .text               mc_w.l(strcat.o)
    0x08019c64   0x00000018   Code   RO         1816    .text               mc_w.l(strncpy.o)
    0x08019c7c   0x0000000e   Code   RO         1818    .text               mc_w.l(strlen.o)
    0x08019c8a   0x00000028   Code   RO         1820    .text               mc_w.l(strncat.o)
    0x08019cb2   0x00000012   Code   RO         1822    .text               mc_w.l(strcpy.o)
    0x08019cc4   0x0000001e   Code   RO         1824    .text               mc_w.l(strncmp.o)
    0x08019ce2   0x00000072   Code   RO         2117    .text               mc_w.l(strtoul.o)
    0x08019d54   0x0000001a   Code   RO         2119    .text               mc_w.l(atoi.o)
    0x08019d6e   0x0000001a   Code   RO         2121    .text               mc_w.l(atol.o)
    0x08019d88   0x00000064   Code   RO         2123    .text               mf_w.l(fmul.o)
    0x08019dec   0x0000014e   Code   RO         2125    .text               mf_w.l(dadd.o)
    0x08019f3a   0x000000e4   Code   RO         2127    .text               mf_w.l(dmul.o)
    0x0801a01e   0x000000de   Code   RO         2129    .text               mf_w.l(ddiv.o)
    0x0801a0fc   0x0000002e   Code   RO         2131    .text               mf_w.l(dscalb.o)
    0x0801a12a   0x00000022   Code   RO         2133    .text               mf_w.l(dflti.o)
    0x0801a14c   0x0000001a   Code   RO         2135    .text               mf_w.l(dfltui.o)
    0x0801a166   0x00000028   Code   RO         2137    .text               mf_w.l(ffixui.o)
    0x0801a18e   0x0000003e   Code   RO         2139    .text               mf_w.l(dfixi.o)
    0x0801a1cc   0x00000032   Code   RO         2141    .text               mf_w.l(dfixui.o)
    0x0801a1fe   0x00000026   Code   RO         2143    .text               mf_w.l(f2d.o)
    0x0801a224   0x00000030   Code   RO         2145    .text               mf_w.l(cdcmple.o)
    0x0801a254   0x00000030   Code   RO         2147    .text               mf_w.l(cdrcmple.o)
    0x0801a284   0x00000038   Code   RO         2149    .text               mf_w.l(d2f.o)
    0x0801a2bc   0x0000002c   Code   RO         2201    .text               mc_w.l(uidiv.o)
    0x0801a2e8   0x00000062   Code   RO         2203    .text               mc_w.l(uldiv.o)
    0x0801a34a   0x0000001e   Code   RO         2205    .text               mc_w.l(llshl.o)
    0x0801a368   0x00000020   Code   RO         2207    .text               mc_w.l(llushr.o)
    0x0801a388   0x00000024   Code   RO         2209    .text               mc_w.l(llsshr.o)
    0x0801a3ac   0x00000008   Code   RO         2211    .text               mc_w.l(ctype_o.o)
    0x0801a3b4   0x00000012   Code   RO         2233    .text               mc_w.l(isspace_o.o)
    0x0801a3c6   0x0000009e   Code   RO         2248    .text               mc_w.l(_strtoul.o)
    0x0801a464   0x0000009c   Code   RO         2250    .text               mc_w.l(strtod.o)
    0x0801a500   0x00000070   Code   RO         2252    .text               mc_w.l(strtol.o)
    0x0801a570   0x00000000   Code   RO         2254    .text               mc_w.l(iusefp.o)
    0x0801a570   0x0000006e   Code   RO         2255    .text               mf_w.l(fepilogue.o)
    0x0801a5de   0x000000ba   Code   RO         2257    .text               mf_w.l(depilogue.o)
    0x0801a698   0x000000a2   Code   RO         2259    .text               mf_w.l(dsqrt.o)
    0x0801a73a   0x00000030   Code   RO         2261    .text               mf_w.l(dfixul.o)
    0x0801a76a   0x00000002   PAD
    0x0801a76c   0x00000024   Code   RO         2263    .text               mc_w.l(init.o)
    0x0801a790   0x0000001c   Code   RO         2268    .text               mc_w.l(_chval.o)
    0x0801a7ac   0x00000338   Code   RO         2270    .text               mc_w.l(scanf_fp.o)
    0x0801aae4   0x00000040   Code   RO         2274    .text               mc_w.l(_sgetc.o)
    0x0801ab24   0x00000018   Code   RO         2280    .text               mf_w.l(dfltul.o)
    0x0801ab3c   0x00000056   Code   RO         2290    .text               mc_w.l(__dczerorl2.o)
    0x0801ab92   0x00000002   PAD
    0x0801ab94   0x00000028   Code   RO         2063    i.__0sprintf        mc_w.l(printfa.o)
    0x0801abbc   0x00000024   Code   RO         2067    i.__0vsprintf       mc_w.l(printfa.o)
    0x0801abe0   0x00000028   Code   RO         2168    i.__ARM_fpclassify  m_ws.l(fpclassify.o)
    0x0801ac08   0x00000008   Code   RO         2241    i.__aeabi_errno_addr  mc_w.l(errno.o)
    0x0801ac10   0x00000388   Code   RO         2173    i.__ieee754_rem_pio2  m_ws.l(rred.o)
    0x0801af98   0x000000fc   Code   RO         2151    i.__kernel_cos      m_ws.l(cos_i.o)
    0x0801b094   0x000000aa   Code   RO         2170    i.__kernel_poly     m_ws.l(poly.o)
    0x0801b13e   0x00000002   PAD
    0x0801b140   0x000000ec   Code   RO         2178    i.__kernel_sin      m_ws.l(sin_i.o)
    0x0801b22c   0x00000010   Code   RO         2154    i.__mathlib_dbl_divzero  m_ws.l(dunder.o)
    0x0801b23c   0x00000006   Code   RO         2155    i.__mathlib_dbl_infnan  m_ws.l(dunder.o)
    0x0801b242   0x00000004   Code   RO         2156    i.__mathlib_dbl_infnan2  m_ws.l(dunder.o)
    0x0801b246   0x0000000c   Code   RO         2157    i.__mathlib_dbl_invalid  m_ws.l(dunder.o)
    0x0801b252   0x0000000e   Code   RO         2158    i.__mathlib_dbl_overflow  m_ws.l(dunder.o)
    0x0801b260   0x00000010   Code   RO         2160    i.__mathlib_dbl_underflow  m_ws.l(dunder.o)
    0x0801b270   0x0000000c   Code   RO         2242    i.__read_errno      mc_w.l(errno.o)
    0x0801b27c   0x0000000e   Code   RO         2284    i.__scatterload_copy  mc_w.l(handlers.o)
    0x0801b28a   0x00000002   Code   RO         2285    i.__scatterload_null  mc_w.l(handlers.o)
    0x0801b28c   0x0000000e   Code   RO         2286    i.__scatterload_zeroinit  mc_w.l(handlers.o)
    0x0801b29a   0x00000002   PAD
    0x0801b29c   0x0000000c   Code   RO         2243    i.__set_errno       mc_w.l(errno.o)
    0x0801b2a8   0x00000164   Code   RO         2068    i._fp_digits        mc_w.l(printfa.o)
    0x0801b40c   0x0000000e   Code   RO         2272    i._is_digit         mc_w.l(scanf_fp.o)
    0x0801b41a   0x00000002   PAD
    0x0801b41c   0x000006dc   Code   RO         2069    i._printf_core      mc_w.l(printfa.o)
    0x0801baf8   0x00000024   Code   RO         2070    i._printf_post_padding  mc_w.l(printfa.o)
    0x0801bb1c   0x0000002e   Code   RO         2071    i._printf_pre_padding  mc_w.l(printfa.o)
    0x0801bb4a   0x0000000a   Code   RO         2073    i._sputc            mc_w.l(printfa.o)
    0x0801bb54   0x00000270   Code   RO         1753    i.asin              m_ws.l(asin.o)
    0x0801bdc4   0x0000002a   Code   RO         1763    i.atof              m_ws.l(atof.o)
    0x0801bdee   0x00000002   PAD
    0x0801bdf0   0x0000009c   Code   RO         1767    i.cos               m_ws.l(cos.o)
    0x0801be8c   0x00000050   Code   RO         2089    i.free              mc_w.l(malloc.o)
    0x0801bedc   0x0000006c   Code   RO         2090    i.malloc            mc_w.l(malloc.o)
    0x0801bf48   0x000009d8   Code   RO         1775    i.pow               m_ws.l(pow.o)
    0x0801c920   0x000000a0   Code   RO         1785    i.sin               m_ws.l(sin.o)
    0x0801c9c0   0x0000004c   Code   RO         1793    i.sqrt              m_ws.l(sqrt.o)
    0x0801ca0c   0x0000001c   Code   RO         1801    i.strtod            m_ws.l(strtod.o)
    0x0801ca28   0x00000013   Data   RO          489    .constdata          aisdigitalinterface.o
    0x0801ca3b   0x00000044   Data   RO          545    .constdata          tdma.o
    0x0801ca7f   0x000000af   Data   RO          598    .constdata          msgmanager.o
    0x0801cb2e   0x00000200   Data   RO          650    .constdata          common.o
    0x0801cd2e   0x0000000f   Data   RO          667    .constdata          gpsctrl.o
    0x0801cd3d   0x00000150   Data   RO          751    .constdata          ledctrl.o
    0x0801ce8d   0x00000053   Data   RO          868    .constdata          testing.o
    0x0801cee0   0x000001aa   Data   RO          926    .constdata          ubloxprotocol.o
    0x0801d08a   0x00000056   Data   RO          952    .constdata          transceiverctrl.o
    0x0801d0e0   0x00000011   Data   RO          998    .constdata          taskmanager.o
    0x0801d0f1   0x00000007   PAD
    0x0801d0f8   0x00000050   Data   RO         1754    .constdata          m_ws.l(asin.o)
    0x0801d148   0x00000088   Data   RO         1776    .constdata          m_ws.l(pow.o)
    0x0801d1d0   0x00000030   Data   RO         2152    .constdata          m_ws.l(cos_i.o)
    0x0801d200   0x00000008   Data   RO         2172    .constdata          m_ws.l(qnan.o)
    0x0801d208   0x000000c8   Data   RO         2175    .constdata          m_ws.l(rred.o)
    0x0801d2d0   0x00000028   Data   RO         2179    .constdata          m_ws.l(sin_i.o)
    0x0801d2f8   0x00000081   Data   RO         2212    .constdata          mc_w.l(ctype_o.o)
    0x0801d379   0x00000003   PAD
    0x0801d37c   0x00000004   Data   RO         2213    .constdata          mc_w.l(ctype_o.o)
    0x0801d380   0x00000146   Data   RO          546    .conststring        tdma.o
    0x0801d4c6   0x00000002   PAD
    0x0801d4c8   0x00000086   Data   RO          668    .conststring        gpsctrl.o
    0x0801d54e   0x00000002   PAD
    0x0801d550   0x00000047   Data   RO          871    .conststring        testing.o
    0x0801d597   0x00000001   PAD
    0x0801d598   0x00000044   Data   RO          953    .conststring        transceiverctrl.o
    0x0801d5dc   0x00000020   Data   RO         2282    Region$$Table       anon$$obj.o


    Execution Region RW_IRAM1 (Base: 0x20000000, Size: 0x0000b690, Max: 0x0000c000, ABSOLUTE, COMPRESSED[0x00000304])

    Base Addr    Size         Type   Attr      Idx    E Section Name        Object

    0x20000000   0x00000001   Data   RW            8    .data               stm32f10x_target.o
    0x20000001   0x00000003   PAD
    0x20000004   0x00000084   Data   RW          357    .data               parastorage.o
    0x20000088   0x00000008   Data   RW          402    .data               systemtick.o
    0x20000090   0x00000006   Data   RW          451    .data               physicallayer.o
    0x20000096   0x00000003   Data   RW          470    .data               ais_msgmodu.o
    0x20000099   0x00000002   Data   RW          490    .data               aisdigitalinterface.o
    0x2000009b   0x00000005   PAD
    0x200000a0   0x00000028   Data   RW          669    .data               gpsctrl.o
    0x200000c8   0x00000002   Data   RW          816    .data               powerup.o
    0x200000ca   0x00000002   PAD
    0x200000cc   0x00000004   Data   RW          839    .data               sleepctrl.o
    0x200000d0   0x00000004   Data   RW          840    .data               sleepctrl.o
    0x200000d4   0x00000004   Data   RW          841    .data               sleepctrl.o
    0x200000d8   0x00000001   Data   RW          873    .data               testing.o
    0x200000d9   0x00000001   Data   RW          874    .data               testing.o
    0x200000da   0x00000015   Data   RW          969    .data               selfcheck.o
    0x200000ef   0x00000001   PAD
    0x200000f0   0x000000c0   Data   RW         1079    .data               flashctrl.o
    0x200001b0   0x0000000e   Data   RW         1126    .data               adc.o
    0x200001be   0x00000054   Data   RW         1146    .data               bkpregister.o
    0x20000212   0x00000002   PAD
    0x20000214   0x00000014   Data   RW         1182    .data               gps.o
    0x20000228   0x00000008   Data   RW         1201    .data               led.o
    0x20000230   0x00000003   Data   RW         1220    .data               power.o
    0x20000233   0x00000005   PAD
    0x20000238   0x00000058   Data   RW         1237    .data               rtc.o
    0x20000290   0x00000038   Data   RW         1282    .data               tim.o
    0x200002c8   0x00000008   Data   RW         1306    .data               usart.o
    0x200002d0   0x00000001   Data   RW         1333    .data               wdg.o
    0x200002d1   0x00000003   PAD
    0x200002d4   0x000001fd   Data   RW         1366    .data               si446x.o
    0x200004d1   0x00000001   Data   RW         1400    .data               debug.o
    0x200004d2   0x00000014   Data   RW         1631    .data               stm32f10x_rcc.o
    0x200004e6   0x00000002   PAD
    0x200004e8   0x00000004   Data   RW         1808    .data               mc_w.l(rand.o)
    0x200004ec   0x00000004   Data   RW         2239    .data               mc_w.l(mvars.o)
    0x200004f0   0x00000004   Data   RW         2240    .data               mc_w.l(mvars.o)
    0x200004f4   0x00000004   Data   RW         2244    .data               mc_w.l(errno.o)
    0x200004f8   0x00000014   Zero   RW            7    .bss                stm32f10x_target.o
    0x2000050c   0x0000181e   Zero   RW          421    .bss                datalinkservice.o
    0x20001d2a   0x00000002   PAD
    0x20001d2c   0x00000e0c   Zero   RW          436    .bss                linkmanagemententity.o
    0x20002b38   0x000000d0   Zero   RW          466    .bss                ais_msgmodu.o
    0x20002c08   0x00000692   Zero   RW          488    .bss                aisdigitalinterface.o
    0x2000329a   0x00000002   PAD
    0x2000329c   0x00000bf4   Zero   RW          509    .bss                aismsgmodule.o
    0x20003e90   0x00003f50   Zero   RW          530    .bss                slot.o
    0x20007de0   0x000002fc   Zero   RW          544    .bss                tdma.o
    0x200080dc   0x00000038   Zero   RW          561    .bss                deviceinfo.o
    0x20008114   0x0000009c   Zero   RW          579    .bss                aisinfo.o
    0x200081b0   0x000009f4   Zero   RW          597    .bss                msgmanager.o
    0x20008ba4   0x00000044   Zero   RW          625    .bss                adjust.o
    0x20008be8   0x0000017c   Zero   RW          666    .bss                gpsctrl.o
    0x20008d64   0x00000058   Zero   RW          750    .bss                ledctrl.o
    0x20008dbc   0x0000002c   Zero   RW          838    .bss                sleepctrl.o
    0x20008de8   0x000000b8   Zero   RW          867    .bss                testing.o
    0x20008ea0   0x00000970   Zero   RW          925    .bss                ubloxprotocol.o
    0x20009810   0x00000228   Zero   RW          951    .bss                transceiverctrl.o
    0x20009a38   0x00000034   Zero   RW          968    .bss                selfcheck.o
    0x20009a6c   0x00000018   Zero   RW          997    .bss                taskmanager.o
    0x20009a84   0x00000054   Zero   RW         1145    .bss                bkpregister.o
    0x20009ad8   0x00000812   Zero   RW         1181    .bss                gps.o
    0x2000a2ea   0x00000006   PAD
    0x2000a2f0   0x00000028   Zero   RW         1236    .bss                rtc.o
    0x2000a318   0x00000812   Zero   RW         1305    .bss                usart.o
    0x2000ab2a   0x0000000a   Zero   RW         1351    .bss                gpiospi.o
    0x2000ab34   0x00000038   Zero   RW         1365    .bss                si446x.o
    0x2000ab6c   0x00000300   Zero   RW         1399    .bss                debug.o
    0x2000ae6c   0x00000024   Zero   RW         1734    .bss                ptt_lnw.o
    0x2000ae90   0x00000400   Zero   RW          323    HEAP                stm32f10x_startup.o
    0x2000b290   0x00000400   Zero   RW          322    STACK               stm32f10x_startup.o


==============================================================================

Image component sizes


      Code (inc. data)   RO Data    RW Data    ZI Data      Debug   Object Name

      1070          6          0          0          0       5840   24c02.o
       548         16          0         14          0       3801   adc.o
      1824        806          0          0         68       4322   adjust.o
      3732        190          0          3        208      10286   ais_msgmodu.o
      4704        224         19          2       1682      11169   aisdigitalinterface.o
       376         62          0          0        156       6522   aisinfo.o
     16588        120          0          0       3060      43949   aismsgmodule.o
        38          0          0          0          0        454   aisptlmain.o
       208          8          0         84         84       2503   bkpregister.o
      1192         16        512          0          0       6793   common.o
         0          0          0          0          0         32   cortexm3_macro.o
       128          6          0          0          0       1282   dac.o
      3244         34          0          0       6174      16719   datalinkservice.o
       400         56          0          1        768       2702   debug.o
       140         14          0          0         56       3206   deviceinfo.o
       636         10          0          0          0       3344   encrypt.o
         0          0          0          0          0        568   ff.o
       896         70          0        192          0       5177   flashctrl.o
       612         12          0          0         10       4101   gpiospi.o
       588         66          0         20       2066       3695   gps.o
      6408        724        149         40        380      25768   gpsctrl.o
       116          8          0          0          0       1699   initial.o
       216         42          0          0          0        987   ioctrl.o
       256          8          0          8          0       3344   led.o
      1640         44        336          0         88       6725   ledctrl.o
      1204         50          0          0       3596       7209   linkmanagemententity.o
       280         34          0          0          0       1899   main.o
        60          8          0          0          0        651   migrate.o
       176         14          0          0          0       1821   misc.o
      4876        420        175          0       2548      17975   msgmanager.o
      1264         82          0        132          0       4431   parastorage.o
       172          4          0          6          0       2868   physicallayer.o
       316         14          0          3          0       3122   power.o
      1560        384          0          2          0       3577   powerup.o
       696         28          0          0         36       5361   ptt_lnw.o
       288         38          0          0          0       1549   rflinkselfcheck.o
      2296        250          0         88         40       7178   rtc.o
       104          6          0          0          0        722   rxtx.o
        18          0          0          0          0        527   rxtxctrl.o
      2390         64          0         21         52       8618   selfcheck.o
      8296        508          0        509         56      22926   si446x.o
       416         18          0         12         44       5346   sleepctrl.o
       860         10          0          0      16208       5162   slot.o
       404         14          0          0          0       1532   spi.o
       816         24          0          0          0      11209   stm32f10x_adc.o
       152          8          0          0          0       3460   stm32f10x_bkp.o
       252          4          0          0          0       3730   stm32f10x_dac.o
        40          4          0          0          0        856   stm32f10x_dbgmcu.o
       456         10          0          0          0       4606   stm32f10x_dma.o
       232          8          0          0          0       2323   stm32f10x_exti.o
      1148         22          0          0          0       9228   stm32f10x_flash_1.o
       620         36          0          0          0       5785   stm32f10x_gpio.o
       250         60          0          0          0       7848   stm32f10x_it.o
        60          6          0          0          0       1297   stm32f10x_iwdg.o
       172         12          0          0          0       1967   stm32f10x_pwr.o
       712         40          0         20          0       8920   stm32f10x_rcc.o
       272          6          0          0          0       3164   stm32f10x_rtc.o
       628         14          0          0          0       6926   stm32f10x_spi.o
         8          4        304          0       2048        352   stm32f10x_startup.o
       664         18          0          1         20     360158   stm32f10x_target.o
      2804         86          0          0          0      22906   stm32f10x_tim.o
       808         22          0          0          0       8704   stm32f10x_usart.o
        96          4          0          8          0       2400   systemtick.o
       524        110         17          0         24       3344   taskmanager.o
      5284        266        394          0        764      22481   tdma.o
      1136        122        154          2        184       9521   testing.o
      1684        118          0         56          0       8732   tim.o
      1848        300        154          0        552       8586   transceiverctrl.o
     10208       1978          0          0          0      13727   uartmsg.o
      1680        114        426          0       2416      11687   ubloxprotocol.o
      1240         44          0          8       2066       7097   usart.o
        76          8          0          1          0        776   wdg.o

    ----------------------------------------------------------------------
    105116       7936       2684       1256      45464     829252   Object Totals
         0          0         32          0          0          0   (incl. Generated)
        10          0         12         23         10          0   (incl. Padding)

    ----------------------------------------------------------------------

      Code (inc. data)   RO Data    RW Data    ZI Data      Debug   Library Member Name

       624         52         80          0          0        168   asin.o
        42          0          0          0          0         84   atof.o
       156          8          0          0          0        104   cos.o
       252         22         48          0          0        124   cos_i.o
        68         10          0          0          0        408   dunder.o
        40          0          0          0          0         68   fpclassify.o
       170          0          0          0          0         96   poly.o
      2520        190        136          0          0        324   pow.o
         0          0          8          0          0          0   qnan.o
       904         76        200          0          0        140   rred.o
       160         10          0          0          0        108   sin.o
       236         12         40          0          0        128   sin_i.o
        76          0          0          0          0         84   sqrt.o
        28          0          0          0          0         80   strtod.o
        86          0          0          0          0          0   __dczerorl2.o
        28          0          0          0          0         68   _chval.o
        64          0          0          0          0         84   _sgetc.o
       158          0          0          0          0         92   _strtoul.o
        26          0          0          0          0         80   atoi.o
        26          0          0          0          0         80   atol.o
         8          4        133          0          0         68   ctype_o.o
         0          0          0          0          0          0   entry.o
         0          0          0          0          0          0   entry10a.o
         0          0          0          0          0          0   entry11a.o
         8          4          0          0          0          0   entry2.o
         4          0          0          0          0          0   entry5.o
         0          0          0          0          0          0   entry7b.o
         0          0          0          0          0          0   entry8b.o
         8          4          0          0          0          0   entry9a.o
        32         16          0          4          0        204   errno.o
        30          0          0          0          0          0   handlers.o
        36          8          0          0          0         68   init.o
        18          0          0          0          0         76   isspace_o.o
         0          0          0          0          0          0   iusefp.o
        30          0          0          0          0         68   llshl.o
        36          0          0          0          0         68   llsshr.o
        32          0          0          0          0         68   llushr.o
       188         20          0          0          0        160   malloc.o
        36          0          0          0          0         68   memcpya.o
        36          0          0          0          0        108   memseta.o
         0          0          0          8          0          0   mvars.o
      2280         92          0          0          0        592   printfa.o
        36         10          0          4          0        136   rand.o
       838         12          0          0          0        216   scanf_fp.o
        24          0          0          0          0         68   strcat.o
        18          0          0          0          0         68   strcpy.o
        14          0          0          0          0         68   strlen.o
        40          0          0          0          0         76   strncat.o
        30          0          0          0          0         80   strncmp.o
        24          0          0          0          0         76   strncpy.o
       156         14          0          0          0        120   strtod.o
       112          0          0          0          0         88   strtol.o
       114          0          0          0          0         92   strtoul.o
        44          0          0          0          0         80   uidiv.o
        98          0          0          0          0         92   uldiv.o
        48          0          0          0          0         68   cdcmple.o
        48          0          0          0          0         68   cdrcmple.o
        56          0          0          0          0         88   d2f.o
       334          0          0          0          0        148   dadd.o
       222          0          0          0          0        100   ddiv.o
       186          0          0          0          0        176   depilogue.o
        62          0          0          0          0         80   dfixi.o
        50          0          0          0          0         76   dfixui.o
        48          0          0          0          0         68   dfixul.o
        34          0          0          0          0         76   dflti.o
        26          0          0          0          0         76   dfltui.o
        24          0          0          0          0         76   dfltul.o
       228          0          0          0          0         96   dmul.o
        46          0          0          0          0         80   dscalb.o
       162          0          0          0          0        100   dsqrt.o
        38          0          0          0          0         68   f2d.o
       110          0          0          0          0        168   fepilogue.o
        40          0          0          0          0         68   ffixui.o
       100          0          0          0          0         76   fmul.o

    ----------------------------------------------------------------------
     11868        564        648         16          0       6884   Library Totals
        12          0          3          0          0          0   (incl. Padding)

    ----------------------------------------------------------------------

      Code (inc. data)   RO Data    RW Data    ZI Data      Debug   Library Name

      5276        380        512          0          0       1916   m_ws.l
      4718        184        133         16          0       3212   mc_w.l
      1862          0          0          0          0       1756   mf_w.l

    ----------------------------------------------------------------------
     11868        564        648         16          0       6884   Library Totals

    ----------------------------------------------------------------------

==============================================================================


      Code (inc. data)   RO Data    RW Data    ZI Data      Debug   

    116984       8500       3332       1272      45464     821756   Grand Totals
    116984       8500       3332        772      45464     821756   ELF Image Totals (compressed)
    116984       8500       3332        772          0          0   ROM Totals

==============================================================================

    Total RO  Size (Code + RO Data)               120316 ( 117.50kB)
    Total RW  Size (RW Data + ZI Data)             46736 (  45.64kB)
    Total ROM Size (Code + RO Data + RW Data)     121088 ( 118.25kB)

==============================================================================

