Component: ARM Compiler 5.06 update 2 (build 183) Tool: armlink [4d35b7]

==============================================================================

Section Cross References

    stm32f10x_target.o(.text) refers to misc.o(.text) for NVIC_Init
    stm32f10x_target.o(.text) refers to stm32f10x_rcc.o(.text) for RCC_AHBPeriphClockCmd
    stm32f10x_target.o(.text) refers to stm32f10x_pwr.o(.text) for PWR_EnterSTOPMode
    stm32f10x_target.o(.text) refers to sleepctrl.o(.text) for SaveBKP_DRPara
    stm32f10x_target.o(.text) refers to bkpregister.o(.text) for SaveBKP_DRData
    stm32f10x_target.o(.text) refers to migrate.o(.text) for NVIC_GenerateSystemReset
    stm32f10x_target.o(.text) refers to stm32f10x_dbgmcu.o(.text) for DBGMCU_Config
    stm32f10x_target.o(.text) refers to rtc.o(.text) for RTCConfigurationPart1
    stm32f10x_target.o(.text) refers to wdg.o(.text) for Initia_wdg
    stm32f10x_target.o(.text) refers to led.o(.text) for InitiaLED
    stm32f10x_target.o(.text) refers to usart.o(.text) for InitCommStruc
    stm32f10x_target.o(.text) refers to tim.o(.text) for InitTim2
    stm32f10x_target.o(.text) refers to 24c02.o(.text) for I2C_EE_Init
    stm32f10x_target.o(.text) refers to power.o(.text) for Initia_RFPower
    stm32f10x_target.o(.text) refers to rxtx.o(.text) for InitRxTx
    stm32f10x_target.o(.text) refers to ptt_lnw.o(.text) for PTT_Init_IO
    stm32f10x_target.o(.text) refers to si446x.o(.text) for SI446X_ModuleInit
    stm32f10x_target.o(.text) refers to stm32f10x_flash_1.o(.text) for FLASH_PrefetchBufferCmd
    stm32f10x_target.o(.text) refers to stm32f10x_target.o(.bss) for .bss
    stm32f10x_target.o(.text) refers to stm32f10x_target.o(.data) for .data
    stm32f10x_it.o(.text) refers to stm32f10x_it.o(.emb_text) for wait
    stm32f10x_it.o(.text) refers to debug.o(.text) for UartResponseMsg
    stm32f10x_it.o(.text) refers to gps.o(.text) for Exti1_Int
    stm32f10x_it.o(.text) refers to adc.o(.text) for DMA_ADC1_ISR
    stm32f10x_it.o(.text) refers to tim.o(.text) for Tim2Interrupt
    stm32f10x_it.o(.text) refers to usart.o(.text) for Usart1Interrupt
    stm32f10x_it.o(.text) refers to si446x.o(.text) for SI446X_A_TxRxClockIRQS
    stm32f10x_it.o(.text) refers to rtc.o(.text) for RTCAlarmInt
    stm32f10x_startup.o(RESET) refers to stm32f10x_startup.o(STACK) for __initial_sp
    stm32f10x_startup.o(RESET) refers to stm32f10x_startup.o(.text) for Reset_Handler
    stm32f10x_startup.o(RESET) refers to stm32f10x_it.o(.text) for NMIException
    stm32f10x_startup.o(.text) refers to entry.o(.ARM.Collect$$$$00000000) for __main
    ioctrl.o(.text) refers to stm32f10x_gpio.o(.text) for GPIO_ResetBits
    ioctrl.o(.text) refers to gps.o(.text) for ResetGpsPulseEn
    ioctrl.o(.text) refers to common.o(.text) for Delay_ms
    parastorage.o(.text) refers to strtoul.o(.text) for strtoul
    parastorage.o(.text) refers to common.o(.text) for EEpromChkSum
    parastorage.o(.text) refers to 24c02.o(.text) for I2C_EE_BufferWrite
    parastorage.o(.text) refers to printfa.o(i.__0sprintf) for __2sprintf
    parastorage.o(.text) refers to flashctrl.o(.text) for FlashRead
    parastorage.o(.text) refers to atol.o(.text) for atol
    parastorage.o(.text) refers to strlen.o(.text) for strlen
    parastorage.o(.text) refers to strcpy.o(.text) for strcpy
    parastorage.o(.text) refers to strncpy.o(.text) for strncpy
    parastorage.o(.text) refers to parastorage.o(.data) for .data
    parastorage.o(.text) refers to aisinfo.o(.bss) for AisStaticPara
    parastorage.o(.text) refers to deviceinfo.o(.bss) for DevStaticPara
    parastorage.o(.text) refers to rand.o(.text) for srand
    rxtxctrl.o(.text) refers to rxtx.o(.text) for RxTxSwitch
    systemtick.o(.text) refers to systemtick.o(.data) for .data
    datalinkservice.o(.text) refers to malloc.o(i.malloc) for malloc
    datalinkservice.o(.text) refers to memseta.o(.text) for __aeabi_memclr
    datalinkservice.o(.text) refers to datalinkservice.o(.bss) for .bss
    datalinkservice.o(.text) refers to tim.o(.text) for GetSlotSum
    datalinkservice.o(.text) refers to malloc.o(i.free) for free
    datalinkservice.o(.text) refers to common.o(.text) for AIS_Cal_CRC16
    linkmanagemententity.o(.text) refers to malloc.o(i.malloc) for malloc
    linkmanagemententity.o(.text) refers to memseta.o(.text) for __aeabi_memclr4
    linkmanagemententity.o(.text) refers to datalinkservice.o(.text) for DLS_Inst1FrameRxFifoDeque
    linkmanagemententity.o(.text) refers to common.o(.text) for AIS_Cal_CRC16
    linkmanagemententity.o(.text) refers to malloc.o(i.free) for free
    linkmanagemententity.o(.text) refers to debug.o(.text) for UartResponseMsg
    linkmanagemententity.o(.text) refers to aisdigitalinterface.o(.text) for AISDI_BuildVDM
    linkmanagemententity.o(.text) refers to memcpya.o(.text) for __aeabi_memcpy
    linkmanagemententity.o(.text) refers to msgmanager.o(.text) for MSGMAN_RxMsgListInsert
[...]
    DMA_DeInit                               0x080178b1   Thumb Code   218  stm32f10x_dma.o(.text)
    DMA_Init                                 0x0801798b   Thumb Code    58  stm32f10x_dma.o(.text)
    DMA_StructInit                           0x080179c5   Thumb Code    26  stm32f10x_dma.o(.text)
    DMA_Cmd                                  0x080179df   Thumb Code    22  stm32f10x_dma.o(.text)
    DMA_ITConfig                             0x080179f5   Thumb Code    16  stm32f10x_dma.o(.text)
    DMA_SetCurrDataCounter                   0x08017a05   Thumb Code     4  stm32f10x_dma.o(.text)
    DMA_GetCurrDataCounter                   0x08017a09   Thumb Code     6  stm32f10x_dma.o(.text)
    DMA_GetFlagStatus                        0x08017a0f   Thumb Code    28  stm32f10x_dma.o(.text)
    DMA_ClearFlag                            0x08017a2b   Thumb Code    20  stm32f10x_dma.o(.text)
    DMA_GetITStatus                          0x08017a3f   Thumb Code    28  stm32f10x_dma.o(.text)
    DMA_ClearITPendingBit                    0x08017a5b   Thumb Code    20  stm32f10x_dma.o(.text)
    EXTI_DeInit                              0x08017a79   Thumb Code    28  stm32f10x_exti.o(.text)
    EXTI_Init                                0x08017a95   Thumb Code   108  stm32f10x_exti.o(.text)
    EXTI_StructInit                          0x08017b01   Thumb Code    14  stm32f10x_exti.o(.text)
    EXTI_GenerateSWInterrupt                 0x08017b0f   Thumb Code    12  stm32f10x_exti.o(.text)
    EXTI_GetFlagStatus                       0x08017b1b   Thumb Code    18  stm32f10x_exti.o(.text)
    EXTI_ClearFlag                           0x08017b2d   Thumb Code     8  stm32f10x_exti.o(.text)
    EXTI_GetITStatus                         0x08017b35   Thumb Code    28  stm32f10x_exti.o(.text)
    EXTI_ClearITPendingBit                   0x08017b51   Thumb Code     8  stm32f10x_exti.o(.text)
    FLASH_SetLatency                         0x08017b61   Thumb Code    14  stm32f10x_flash_1.o(.text)
    FLASH_HalfCycleAccessCmd                 0x08017b6f   Thumb Code    18  stm32f10x_flash_1.o(.text)
    FLASH_PrefetchBufferCmd                  0x08017b81   Thumb Code    18  stm32f10x_flash_1.o(.text)
    FLASH_Unlock                             0x08017b93   Thumb Code    12  stm32f10x_flash_1.o(.text)
    FLASH_UnlockBank1                        0x08017b9f   Thumb Code    12  stm32f10x_flash_1.o(.text)
    FLASH_Lock                               0x08017bab   Thumb Code    12  stm32f10x_flash_1.o(.text)
    FLASH_LockBank1                          0x08017bb7   Thumb Code    12  stm32f10x_flash_1.o(.text)
    FLASH_GetBank1Status                     0x08017bc3   Thumb Code    34  stm32f10x_flash_1.o(.text)
    FLASH_WaitForLastOperation               0x08017be5   Thumb Code    34  stm32f10x_flash_1.o(.text)
    FLASH_ErasePage                          0x08017c07   Thumb Code    56  stm32f10x_flash_1.o(.text)
    FLASH_EraseAllPages                      0x08017c3f   Thumb Code    52  stm32f10x_flash_1.o(.text)
    FLASH_WaitForLastBank1Operation          0x08017c73   Thumb Code    34  stm32f10x_flash_1.o(.text)
    FLASH_EraseAllBank1Pages                 0x08017c95   Thumb Code    52  stm32f10x_flash_1.o(.text)
    FLASH_GetReadOutProtectionStatus         0x08017cc9   Thumb Code    14  stm32f10x_flash_1.o(.text)
    FLASH_EraseOptionBytes                   0x08017cd7   Thumb Code   108  stm32f10x_flash_1.o(.text)
    FLASH_ProgramWord                        0x08017d43   Thumb Code    72  stm32f10x_flash_1.o(.text)
    FLASH_ProgramHalfWord                    0x08017d8b   Thumb Code    48  stm32f10x_flash_1.o(.text)
    FLASH_ProgramOptionByteData              0x08017dbb   Thumb Code    62  stm32f10x_flash_1.o(.text)
    FLASH_EnableWriteProtection              0x08017df9   Thumb Code   158  stm32f10x_flash_1.o(.text)
    FLASH_ReadOutProtection                  0x08017e97   Thumb Code   118  stm32f10x_flash_1.o(.text)
    FLASH_UserOptionByteConfig               0x08017f0d   Thumb Code    92  stm32f10x_flash_1.o(.text)
    FLASH_GetUserOptionByte                  0x08017f69   Thumb Code     8  stm32f10x_flash_1.o(.text)
    FLASH_GetWriteProtectionOptionByte       0x08017f71   Thumb Code     6  stm32f10x_flash_1.o(.text)
    FLASH_GetPrefetchBufferStatus            0x08017f77   Thumb Code    14  stm32f10x_flash_1.o(.text)
    FLASH_ITConfig                           0x08017f85   Thumb Code    18  stm32f10x_flash_1.o(.text)
    FLASH_GetFlagStatus                      0x08017f97   Thumb Code    28  stm32f10x_flash_1.o(.text)
    FLASH_ClearFlag                          0x08017fb3   Thumb Code     6  stm32f10x_flash_1.o(.text)
    FLASH_GetStatus                          0x08017fb9   Thumb Code    34  stm32f10x_flash_1.o(.text)
    GPIO_DeInit                              0x08017fe1   Thumb Code   152  stm32f10x_gpio.o(.text)
    GPIO_AFIODeInit                          0x08018079   Thumb Code    22  stm32f10x_gpio.o(.text)
    GPIO_Init                                0x0801808f   Thumb Code   156  stm32f10x_gpio.o(.text)
    GPIO_StructInit                          0x0801812b   Thumb Code    16  stm32f10x_gpio.o(.text)
    GPIO_ReadInputDataBit                    0x0801813b   Thumb Code    14  stm32f10x_gpio.o(.text)
    GPIO_ReadInputData                       0x08018149   Thumb Code     6  stm32f10x_gpio.o(.text)
    GPIO_ReadOutputDataBit                   0x0801814f   Thumb Code    14  stm32f10x_gpio.o(.text)
    GPIO_ReadOutputData                      0x0801815d   Thumb Code     6  stm32f10x_gpio.o(.text)
    GPIO_SetBits                             0x08018163   Thumb Code     4  stm32f10x_gpio.o(.text)
    GPIO_ResetBits                           0x08018167   Thumb Code     4  stm32f10x_gpio.o(.text)
    GPIO_WriteBit                            0x0801816b   Thumb Code    10  stm32f10x_gpio.o(.text)
    GPIO_Write                               0x08018175   Thumb Code     4  stm32f10x_gpio.o(.text)
    GPIO_PinLockConfig                       0x08018179   Thumb Code    16  stm32f10x_gpio.o(.text)
    GPIO_EventOutputConfig                   0x08018189   Thumb Code    22  stm32f10x_gpio.o(.text)
    GPIO_EventOutputCmd                      0x0801819f   Thumb Code     6  stm32f10x_gpio.o(.text)
    GPIO_PinRemapConfig                      0x080181a5   Thumb Code    82  stm32f10x_gpio.o(.text)
    GPIO_EXTILineConfig                      0x080181f7   Thumb Code    34  stm32f10x_gpio.o(.text)
    GPIO_ETH_MediaInterfaceConfig            0x08018219   Thumb Code     8  stm32f10x_gpio.o(.text)
    IWDG_WriteAccessCmd                      0x08018245   Thumb Code     6  stm32f10x_iwdg.o(.text)
    IWDG_SetPrescaler                        0x0801824b   Thumb Code     6  stm32f10x_iwdg.o(.text)
    IWDG_SetReload                           0x08018251   Thumb Code     6  stm32f10x_iwdg.o(.text)
    IWDG_ReloadCounter                       0x08018257   Thumb Code    10  stm32f10x_iwdg.o(.text)
    IWDG_Enable                              0x08018261   Thumb Code    10  stm32f10x_iwdg.o(.text)
    IWDG_GetFlagStatus                       0x0801826b   Thumb Code    16  stm32f10x_iwdg.o(.text)
    PWR_DeInit                               0x08018281   Thumb Code    24  stm32f10x_pwr.o(.text)
    PWR_BackupAccessCmd                      0x08018299   Thumb Code     6  stm32f10x_pwr.o(.text)
    PWR_PVDCmd                               0x0801829f   Thumb Code     6  stm32f10x_pwr.o(.text)
    PWR_PVDLevelConfig                       0x080182a5   Thumb Code    14  stm32f10x_pwr.o(.text)
    PWR_WakeUpPinCmd                         0x080182b3   Thumb Code     8  stm32f10x_pwr.o(.text)
    PWR_EnterSTOPMode                        0x080182bb   Thumb Code    42  stm32f10x_pwr.o(.text)
    PWR_EnterSTANDBYMode                     0x080182e5   Thumb Code    32  stm32f10x_pwr.o(.text)
    PWR_GetFlagStatus                        0x08018305   Thumb Code    16  stm32f10x_pwr.o(.text)
    PWR_ClearFlag                            0x08018315   Thumb Code    12  stm32f10x_pwr.o(.text)
    RCC_DeInit                               0x0801832d   Thumb Code    50  stm32f10x_rcc.o(.text)
    RCC_HSEConfig                            0x0801835f   Thumb Code    48  stm32f10x_rcc.o(.text)
    RCC_GetFlagStatus                        0x0801838f   Thumb Code    42  stm32f10x_rcc.o(.text)
    RCC_WaitForHSEStartUp                    0x080183b9   Thumb Code    44  stm32f10x_rcc.o(.text)
    RCC_AdjustHSICalibrationValue            0x080183e5   Thumb Code    16  stm32f10x_rcc.o(.text)
    RCC_HSICmd                               0x080183f5   Thumb Code     6  stm32f10x_rcc.o(.text)
    RCC_PLLConfig                            0x080183fb   Thumb Code    16  stm32f10x_rcc.o(.text)
    RCC_PLLCmd                               0x0801840b   Thumb Code     6  stm32f10x_rcc.o(.text)
    RCC_SYSCLKConfig                         0x08018411   Thumb Code    14  stm32f10x_rcc.o(.text)
    RCC_GetSYSCLKSource                      0x0801841f   Thumb Code    10  stm32f10x_rcc.o(.text)
    RCC_HCLKConfig                           0x08018429   Thumb Code    14  stm32f10x_rcc.o(.text)
    RCC_PCLK1Config                          0x08018437   Thumb Code    14  stm32f10x_rcc.o(.text)
    RCC_PCLK2Config                          0x08018445   Thumb Code    16  stm32f10x_rcc.o(.text)
    RCC_ITConfig                             0x08018455   Thumb Code    18  stm32f10x_rcc.o(.text)
    RCC_USBCLKConfig                         0x08018467   Thumb Code     8  stm32f10x_rcc.o(.text)
    RCC_ADCCLKConfig                         0x0801846f   Thumb Code    14  stm32f10x_rcc.o(.text)
    RCC_LSEConfig                            0x0801847d   Thumb Code    28  stm32f10x_rcc.o(.text)
    RCC_LSICmd                               0x08018499   Thumb Code     6  stm32f10x_rcc.o(.text)
    RCC_RTCCLKConfig                         0x0801849f   Thumb Code    10  stm32f10x_rcc.o(.text)
    RCC_RTCCLKCmd                            0x080184a9   Thumb Code     8  stm32f10x_rcc.o(.text)
    RCC_GetClocksFreq                        0x080184b1   Thumb Code   132  stm32f10x_rcc.o(.text)
    RCC_AHBPeriphClockCmd                    0x08018535   Thumb Code    18  stm32f10x_rcc.o(.text)
    RCC_APB2PeriphClockCmd                   0x08018547   Thumb Code    18  stm32f10x_rcc.o(.text)
    RCC_APB1PeriphClockCmd                   0x08018559   Thumb Code    18  stm32f10x_rcc.o(.text)
    RCC_APB2PeriphResetCmd                   0x0801856b   Thumb Code    18  stm32f10x_rcc.o(.text)
    RCC_APB1PeriphResetCmd                   0x0801857d   Thumb Code    18  stm32f10x_rcc.o(.text)
    RCC_BackupResetCmd                       0x0801858f   Thumb Code     8  stm32f10x_rcc.o(.text)
    RCC_ClockSecuritySystemCmd               0x08018597   Thumb Code     6  stm32f10x_rcc.o(.text)
    RCC_MCOConfig                            0x0801859d   Thumb Code     6  stm32f10x_rcc.o(.text)
    RCC_ClearFlag                            0x080185a3   Thumb Code    12  stm32f10x_rcc.o(.text)
    RCC_GetITStatus                          0x080185af   Thumb Code    16  stm32f10x_rcc.o(.text)
    RCC_ClearITPendingBit                    0x080185bf   Thumb Code     6  stm32f10x_rcc.o(.text)
    RTC_ITConfig                             0x080185e5   Thumb Code    18  stm32f10x_rtc.o(.text)
    RTC_EnterConfigMode                      0x080185f7   Thumb Code    14  stm32f10x_rtc.o(.text)
    RTC_ExitConfigMode                       0x08018605   Thumb Code    14  stm32f10x_rtc.o(.text)
    RTC_GetCounter                           0x08018613   Thumb Code    18  stm32f10x_rtc.o(.text)
    RTC_SetCounter                           0x08018625   Thumb Code    26  stm32f10x_rtc.o(.text)
    RTC_SetPrescaler                         0x0801863f   Thumb Code    28  stm32f10x_rtc.o(.text)
    RTC_SetAlarm                             0x0801865b   Thumb Code    26  stm32f10x_rtc.o(.text)
    RTC_GetDivider                           0x08018675   Thumb Code    20  stm32f10x_rtc.o(.text)
    RTC_WaitForLastTask                      0x08018689   Thumb Code    12  stm32f10x_rtc.o(.text)
    RTC_WaitForSynchro                       0x08018695   Thumb Code    20  stm32f10x_rtc.o(.text)
    RTC_GetFlagStatus                        0x080186a9   Thumb Code    18  stm32f10x_rtc.o(.text)
    RTC_ClearFlag                            0x080186bb   Thumb Code    12  stm32f10x_rtc.o(.text)
    RTC_GetITStatus                          0x080186c7   Thumb Code    28  stm32f10x_rtc.o(.text)
    RTC_ClearITPendingBit                    0x080186e3   Thumb Code    12  stm32f10x_rtc.o(.text)
    SPI_I2S_DeInit                           0x080186f5   Thumb Code    72  stm32f10x_spi.o(.text)
    SPI_Init                                 0x0801873d   Thumb Code    56  stm32f10x_spi.o(.text)
    I2S_Init                                 0x08018775   Thumb Code   150  stm32f10x_spi.o(.text)
    SPI_StructInit                           0x0801880b   Thumb Code    24  stm32f10x_spi.o(.text)
    I2S_StructInit                           0x08018823   Thumb Code    18  stm32f10x_spi.o(.text)
    SPI_Cmd                                  0x08018835   Thumb Code    20  stm32f10x_spi.o(.text)
    I2S_Cmd                                  0x08018849   Thumb Code    20  stm32f10x_spi.o(.text)
    SPI_I2S_ITConfig                         0x0801885d   Thumb Code    24  stm32f10x_spi.o(.text)
    SPI_I2S_DMACmd                           0x08018875   Thumb Code    16  stm32f10x_spi.o(.text)
    SPI_I2S_SendData                         0x08018885   Thumb Code     4  stm32f10x_spi.o(.text)
    SPI_I2S_ReceiveData                      0x08018889   Thumb Code     4  stm32f10x_spi.o(.text)
    SPI_NSSInternalSoftwareConfig            0x0801888d   Thumb Code    24  stm32f10x_spi.o(.text)
    SPI_SSOutputCmd                          0x080188a5   Thumb Code    20  stm32f10x_spi.o(.text)
    SPI_DataSizeConfig                       0x080188b9   Thumb Code    16  stm32f10x_spi.o(.text)
    SPI_TransmitCRC                          0x080188c9   Thumb Code    10  stm32f10x_spi.o(.text)
    SPI_CalculateCRC                         0x080188d3   Thumb Code    20  stm32f10x_spi.o(.text)
    SPI_GetCRC                               0x080188e7   Thumb Code    12  stm32f10x_spi.o(.text)
    SPI_GetCRCPolynomial                     0x080188f3   Thumb Code     4  stm32f10x_spi.o(.text)
    SPI_BiDirectionalLineConfig              0x080188f7   Thumb Code    22  stm32f10x_spi.o(.text)
    SPI_I2S_GetFlagStatus                    0x0801890d   Thumb Code    14  stm32f10x_spi.o(.text)
    SPI_I2S_ClearFlag                        0x0801891b   Thumb Code     6  stm32f10x_spi.o(.text)
    SPI_I2S_GetITStatus                      0x08018921   Thumb Code    44  stm32f10x_spi.o(.text)
    SPI_I2S_ClearITPendingBit                0x0801894d   Thumb Code    14  stm32f10x_spi.o(.text)
    TIM_DeInit                               0x08018969   Thumb Code   304  stm32f10x_tim.o(.text)
    TIM_TimeBaseInit                         0x08018a99   Thumb Code   114  stm32f10x_tim.o(.text)
    TIM_OC1Init                              0x08018b0b   Thumb Code   106  stm32f10x_tim.o(.text)
    TIM_OC2Init                              0x08018b75   Thumb Code   120  stm32f10x_tim.o(.text)
    TIM_OC3Init                              0x08018bed   Thumb Code   116  stm32f10x_tim.o(.text)
    TIM_OC4Init                              0x08018c61   Thumb Code    90  stm32f10x_tim.o(.text)
    TIM_SetIC4Prescaler                      0x08018cbb   Thumb Code    24  stm32f10x_tim.o(.text)
    TIM_SetIC3Prescaler                      0x08018cd3   Thumb Code    16  stm32f10x_tim.o(.text)
    TIM_SetIC2Prescaler                      0x08018ce3   Thumb Code    24  stm32f10x_tim.o(.text)
    TIM_SetIC1Prescaler                      0x08018da1   Thumb Code    16  stm32f10x_tim.o(.text)
    TIM_ICInit                               0x08018e09   Thumb Code   270  stm32f10x_tim.o(.text)
    TIM_PWMIConfig                           0x08018f17   Thumb Code   104  stm32f10x_tim.o(.text)
    TIM_BDTRConfig                           0x08018f7f   Thumb Code    34  stm32f10x_tim.o(.text)
    TIM_TimeBaseStructInit                   0x08018fa1   Thumb Code    18  stm32f10x_tim.o(.text)
    TIM_OCStructInit                         0x08018fb3   Thumb Code    20  stm32f10x_tim.o(.text)
    TIM_ICStructInit                         0x08018fc7   Thumb Code    16  stm32f10x_tim.o(.text)
    TIM_BDTRStructInit                       0x08018fd7   Thumb Code    18  stm32f10x_tim.o(.text)
    TIM_Cmd                                  0x08018fe9   Thumb Code    20  stm32f10x_tim.o(.text)
    TIM_CtrlPWMOutputs                       0x08018ffd   Thumb Code    22  stm32f10x_tim.o(.text)
    TIM_ITConfig                             0x08019013   Thumb Code    16  stm32f10x_tim.o(.text)
    TIM_GenerateEvent                        0x08019023   Thumb Code     4  stm32f10x_tim.o(.text)
    TIM_DMAConfig                            0x08019027   Thumb Code     8  stm32f10x_tim.o(.text)
    TIM_DMACmd                               0x0801902f   Thumb Code    16  stm32f10x_tim.o(.text)
    TIM_InternalClockConfig                  0x0801903f   Thumb Code    10  stm32f10x_tim.o(.text)
    TIM_SelectInputTrigger                   0x08019049   Thumb Code    12  stm32f10x_tim.o(.text)
    TIM_ITRxExternalClockConfig              0x08019055   Thumb Code    18  stm32f10x_tim.o(.text)
    TIM_TIxExternalClockConfig               0x08019067   Thumb Code    46  stm32f10x_tim.o(.text)
    TIM_ETRConfig                            0x08019095   Thumb Code    24  stm32f10x_tim.o(.text)
    TIM_ETRClockMode1Config                  0x080190ad   Thumb Code    18  stm32f10x_tim.o(.text)
    TIM_ETRClockMode2Config                  0x080190bf   Thumb Code    18  stm32f10x_tim.o(.text)
    TIM_PrescalerConfig                      0x080190d1   Thumb Code     6  stm32f10x_tim.o(.text)
    TIM_CounterModeConfig                    0x080190d7   Thumb Code    12  stm32f10x_tim.o(.text)
    TIM_EncoderInterfaceConfig               0x080190e3   Thumb Code    50  stm32f10x_tim.o(.text)
    TIM_ForcedOC1Config                      0x08019115   Thumb Code    12  stm32f10x_tim.o(.text)
    TIM_ForcedOC2Config                      0x08019121   Thumb Code    20  stm32f10x_tim.o(.text)
    TIM_ForcedOC3Config                      0x08019135   Thumb Code    12  stm32f10x_tim.o(.text)
    TIM_ForcedOC4Config                      0x08019141   Thumb Code    20  stm32f10x_tim.o(.text)
    TIM_ARRPreloadConfig                     0x08019155   Thumb Code    20  stm32f10x_tim.o(.text)
    TIM_SelectCOM                            0x08019169   Thumb Code    20  stm32f10x_tim.o(.text)
    TIM_SelectCCDMA                          0x0801917d   Thumb Code    20  stm32f10x_tim.o(.text)
    TIM_CCPreloadControl                     0x08019191   Thumb Code    20  stm32f10x_tim.o(.text)
    TIM_OC1PreloadConfig                     0x080191a5   Thumb Code    32  stm32f10x_tim.o(.text)
    TIM_OC2PreloadConfig                     0x080191c5   Thumb Code    20  stm32f10x_tim.o(.text)
    TIM_OC3PreloadConfig                     0x080191d9   Thumb Code    12  stm32f10x_tim.o(.text)
    TIM_OC4PreloadConfig                     0x080191e5   Thumb Code    20  stm32f10x_tim.o(.text)
    TIM_OC1FastConfig                        0x080191f9   Thumb Code    12  stm32f10x_tim.o(.text)
    TIM_OC2FastConfig                        0x08019205   Thumb Code    20  stm32f10x_tim.o(.text)
    TIM_OC3FastConfig                        0x08019219   Thumb Code    12  stm32f10x_tim.o(.text)
    TIM_OC4FastConfig                        0x08019225   Thumb Code    20  stm32f10x_tim.o(.text)
    TIM_ClearOC1Ref                          0x08019239   Thumb Code    12  stm32f10x_tim.o(.text)
    TIM_ClearOC2Ref                          0x08019245   Thumb Code    20  stm32f10x_tim.o(.text)
    TIM_ClearOC3Ref                          0x08019259   Thumb Code    12  stm32f10x_tim.o(.text)
    TIM_ClearOC4Ref                          0x08019265   Thumb Code    20  stm32f10x_tim.o(.text)
    TIM_OC1PolarityConfig                    0x08019279   Thumb Code    12  stm32f10x_tim.o(.text)
    TIM_OC1NPolarityConfig                   0x08019285   Thumb Code    12  stm32f10x_tim.o(.text)
    TIM_OC2PolarityConfig                    0x08019291   Thumb Code    20  stm32f10x_tim.o(.text)
    TIM_OC2NPolarityConfig                   0x080192a5   Thumb Code    20  stm32f10x_tim.o(.text)
    TIM_OC3PolarityConfig                    0x080192b9   Thumb Code    20  stm32f10x_tim.o(.text)
    TIM_OC3NPolarityConfig                   0x080192cd   Thumb Code    20  stm32f10x_tim.o(.text)
    TIM_OC4PolarityConfig                    0x080192e1   Thumb Code    20  stm32f10x_tim.o(.text)
    TIM_CCxCmd                               0x080192f5   Thumb Code    22  stm32f10x_tim.o(.text)
    TIM_CCxNCmd                              0x0801930b   Thumb Code    22  stm32f10x_tim.o(.text)
    TIM_SelectOCxM                           0x08019321   Thumb Code    70  stm32f10x_tim.o(.text)
    TIM_UpdateDisableConfig                  0x08019367   Thumb Code    20  stm32f10x_tim.o(.text)
    TIM_UpdateRequestConfig                  0x0801937b   Thumb Code    20  stm32f10x_tim.o(.text)
    TIM_SelectHallSensor                     0x0801938f   Thumb Code    20  stm32f10x_tim.o(.text)
    TIM_SelectOnePulseMode                   0x080193a3   Thumb Code    16  stm32f10x_tim.o(.text)
    TIM_SelectOutputTrigger                  0x080193b3   Thumb Code    16  stm32f10x_tim.o(.text)
    TIM_SelectSlaveMode                      0x080193c3   Thumb Code    16  stm32f10x_tim.o(.text)
    TIM_SelectMasterSlaveMode                0x080193d3   Thumb Code    16  stm32f10x_tim.o(.text)
    TIM_SetCounter                           0x080193e3   Thumb Code     4  stm32f10x_tim.o(.text)
    TIM_SetAutoreload                        0x080193e7   Thumb Code     4  stm32f10x_tim.o(.text)
    TIM_SetCompare1                          0x080193eb   Thumb Code     4  stm32f10x_tim.o(.text)
    TIM_SetCompare2                          0x080193ef   Thumb Code     4  stm32f10x_tim.o(.text)
    TIM_SetCompare3                          0x080193f3   Thumb Code     4  stm32f10x_tim.o(.text)
    TIM_SetCompare4                          0x080193f7   Thumb Code     6  stm32f10x_tim.o(.text)
    TIM_SetClockDivision                     0x080193fd   Thumb Code    16  stm32f10x_tim.o(.text)
    TIM_GetCapture1                          0x0801940d   Thumb Code     4  stm32f10x_tim.o(.text)
    TIM_GetCapture2                          0x08019411   Thumb Code     4  stm32f10x_tim.o(.text)
    TIM_GetCapture3                          0x08019415   Thumb Code     4  stm32f10x_tim.o(.text)
    TIM_GetCapture4                          0x08019419   Thumb Code     6  stm32f10x_tim.o(.text)
    TIM_GetCounter                           0x0801941f   Thumb Code     4  stm32f10x_tim.o(.text)
    TIM_GetPrescaler                         0x08019423   Thumb Code     4  stm32f10x_tim.o(.text)
    TIM_GetFlagStatus                        0x08019427   Thumb Code    14  stm32f10x_tim.o(.text)
    TIM_ClearFlag                            0x08019435   Thumb Code     6  stm32f10x_tim.o(.text)
    TIM_GetITStatus                          0x0801943b   Thumb Code    24  stm32f10x_tim.o(.text)
    TIM_ClearITPendingBit                    0x08019453   Thumb Code     6  stm32f10x_tim.o(.text)
    USART_DeInit                             0x08019459   Thumb Code    96  stm32f10x_usart.o(.text)
    USART_Init                               0x080194b9   Thumb Code   166  stm32f10x_usart.o(.text)
    USART_StructInit                         0x0801955f   Thumb Code    22  stm32f10x_usart.o(.text)
    USART_ClockInit                          0x08019575   Thumb Code    30  stm32f10x_usart.o(.text)
    USART_ClockStructInit                    0x08019593   Thumb Code    12  stm32f10x_usart.o(.text)
    USART_Cmd                                0x0801959f   Thumb Code    20  stm32f10x_usart.o(.text)
    USART_ITConfig                           0x080195b3   Thumb Code    48  stm32f10x_usart.o(.text)
    USART_DMACmd                             0x080195e3   Thumb Code    16  stm32f10x_usart.o(.text)
    USART_SetAddress                         0x080195f3   Thumb Code    16  stm32f10x_usart.o(.text)
    USART_WakeUpConfig                       0x08019603   Thumb Code    16  stm32f10x_usart.o(.text)
    USART_ReceiverWakeUpCmd                  0x08019613   Thumb Code    20  stm32f10x_usart.o(.text)
    USART_LINBreakDetectLengthConfig         0x08019627   Thumb Code    16  stm32f10x_usart.o(.text)
    USART_LINCmd                             0x08019637   Thumb Code    20  stm32f10x_usart.o(.text)
    USART_SendData                           0x0801964b   Thumb Code     8  stm32f10x_usart.o(.text)
    USART_ReceiveData                        0x08019653   Thumb Code     8  stm32f10x_usart.o(.text)
    USART_SendBreak                          0x0801965b   Thumb Code    10  stm32f10x_usart.o(.text)
    USART_SetGuardTime                       0x08019665   Thumb Code    16  stm32f10x_usart.o(.text)
    USART_SetPrescaler                       0x08019675   Thumb Code    16  stm32f10x_usart.o(.text)
    USART_SmartCardCmd                       0x08019685   Thumb Code    20  stm32f10x_usart.o(.text)
    USART_SmartCardNACKCmd                   0x08019699   Thumb Code    20  stm32f10x_usart.o(.text)
    USART_HalfDuplexCmd                      0x080196ad   Thumb Code    20  stm32f10x_usart.o(.text)
    USART_OverSampling8Cmd                   0x080196c1   Thumb Code    20  stm32f10x_usart.o(.text)
    USART_OneBitMethodCmd                    0x080196d5   Thumb Code    20  stm32f10x_usart.o(.text)
    USART_IrDAConfig                         0x080196e9   Thumb Code    16  stm32f10x_usart.o(.text)
    USART_IrDACmd                            0x080196f9   Thumb Code    20  stm32f10x_usart.o(.text)
    USART_GetFlagStatus                      0x0801970d   Thumb Code    14  stm32f10x_usart.o(.text)
    USART_ClearFlag                          0x0801971b   Thumb Code     6  stm32f10x_usart.o(.text)
    USART_GetITStatus                        0x08019721   Thumb Code    62  stm32f10x_usart.o(.text)
    USART_ClearITPendingBit                  0x0801975f   Thumb Code    12  stm32f10x_usart.o(.text)
    NVIC_DeInit                              0x08019781   Thumb Code    44  migrate.o(.text)
    NVIC_GenerateSystemReset                 0x080197ad   Thumb Code     8  migrate.o(.text)
    PTT_Init_IO                              0x080197bd   Thumb Code   132  ptt_lnw.o(.text)
    PTT_OBJ_INIT                             0x08019841   Thumb Code    32  ptt_lnw.o(.text)
    PTT_Warnlight_Control                    0x08019861   Thumb Code    48  ptt_lnw.o(.text)
    PTT_WARNLIGHT_ENABLE                     0x08019891   Thumb Code    12  ptt_lnw.o(.text)
    PTT_TX_Control                           0x0801989d   Thumb Code   128  ptt_lnw.o(.text)
    PTT_LowPower_Get                         0x0801991d   Thumb Code     6  ptt_lnw.o(.text)
    PTT_MainPower_Check                      0x08019923   Thumb Code   114  ptt_lnw.o(.text)
    PTT_Work_Process                         0x08019995   Thumb Code     2  ptt_lnw.o(.text)
    PTT_Timer_Service                        0x08019997   Thumb Code    34  ptt_lnw.o(.text)
    rand                                     0x080199c9   Thumb Code    20  rand.o(.text)
    srand                                    0x080199dd   Thumb Code     6  rand.o(.text)
    __aeabi_memcpy                           0x080199ed   Thumb Code    36  memcpya.o(.text)
    __aeabi_memcpy4                          0x080199ed   Thumb Code     0  memcpya.o(.text)
    __aeabi_memcpy8                          0x080199ed   Thumb Code     0  memcpya.o(.text)
    __aeabi_memset                           0x08019a11   Thumb Code    14  memseta.o(.text)
    __aeabi_memset4                          0x08019a11   Thumb Code     0  memseta.o(.text)
    __aeabi_memset8                          0x08019a11   Thumb Code     0  memseta.o(.text)
    __aeabi_memclr                           0x08019a1f   Thumb Code     4  memseta.o(.text)
    __aeabi_memclr4                          0x08019a1f   Thumb Code     0  memseta.o(.text)
    __aeabi_memclr8                          0x08019a1f   Thumb Code     0  memseta.o(.text)
    _memset$wrapper                          0x08019a23   Thumb Code    18  memseta.o(.text)
    strcat                                   0x08019a35   Thumb Code    24  strcat.o(.text)
    strncpy                                  0x08019a4d   Thumb Code    24  strncpy.o(.text)
    strlen                                   0x08019a65   Thumb Code    14  strlen.o(.text)
    strncat                                  0x08019a73   Thumb Code    40  strncat.o(.text)
    strcpy                                   0x08019a9b   Thumb Code    18  strcpy.o(.text)
    strncmp                                  0x08019aad   Thumb Code    30  strncmp.o(.text)
    strtoul                                  0x08019acb   Thumb Code   114  strtoul.o(.text)
    atoi                                     0x08019b3d   Thumb Code    26  atoi.o(.text)
    atol                                     0x08019b57   Thumb Code    26  atol.o(.text)
    __aeabi_fmul                             0x08019b71   Thumb Code   100  fmul.o(.text)
    __aeabi_dadd                             0x08019bd5   Thumb Code   322  dadd.o(.text)
    __aeabi_dsub                             0x08019d17   Thumb Code     6  dadd.o(.text)
    __aeabi_drsub                            0x08019d1d   Thumb Code     6  dadd.o(.text)
    __aeabi_dmul                             0x08019d23   Thumb Code   228  dmul.o(.text)
    __aeabi_ddiv                             0x08019e07   Thumb Code   222  ddiv.o(.text)
    __ARM_scalbn                             0x08019ee5   Thumb Code    46  dscalb.o(.text)
    scalbn                                   0x08019ee5   Thumb Code     0  dscalb.o(.text)
    __aeabi_i2d                              0x08019f13   Thumb Code    34  dflti.o(.text)
    __aeabi_ui2d                             0x08019f35   Thumb Code    26  dfltui.o(.text)
    __aeabi_f2uiz                            0x08019f4f   Thumb Code    40  ffixui.o(.text)
    __aeabi_d2iz                             0x08019f77   Thumb Code    62  dfixi.o(.text)
    __aeabi_d2uiz                            0x08019fb5   Thumb Code    50  dfixui.o(.text)
    __aeabi_f2d                              0x08019fe7   Thumb Code    38  f2d.o(.text)
    __aeabi_cdcmpeq                          0x0801a00d   Thumb Code     0  cdcmple.o(.text)
    __aeabi_cdcmple                          0x0801a00d   Thumb Code    48  cdcmple.o(.text)
    __aeabi_cdrcmple                         0x0801a03d   Thumb Code    48  cdrcmple.o(.text)
    __aeabi_d2f                              0x0801a06d   Thumb Code    56  d2f.o(.text)
    __aeabi_uidiv                            0x0801a0a5   Thumb Code     0  uidiv.o(.text)
    __aeabi_uidivmod                         0x0801a0a5   Thumb Code    44  uidiv.o(.text)
    __aeabi_uldivmod                         0x0801a0d1   Thumb Code    98  uldiv.o(.text)
    __aeabi_llsl                             0x0801a133   Thumb Code    30  llshl.o(.text)
    _ll_shift_l                              0x0801a133   Thumb Code     0  llshl.o(.text)
    __aeabi_llsr                             0x0801a151   Thumb Code    32  llushr.o(.text)
    _ll_ushift_r                             0x0801a151   Thumb Code     0  llushr.o(.text)
    __aeabi_lasr                             0x0801a171   Thumb Code    36  llsshr.o(.text)
    _ll_sshift_r                             0x0801a171   Thumb Code     0  llsshr.o(.text)
    __rt_ctype_table                         0x0801a195   Thumb Code     4  ctype_o.o(.text)
    isspace                                  0x0801a19d   Thumb Code    18  isspace_o.o(.text)
    _strtoul                                 0x0801a1af   Thumb Code   158  _strtoul.o(.text)
    __strtod_int                             0x0801a283   Thumb Code    88  strtod.o(.text)
    strtol                                   0x0801a2e9   Thumb Code   112  strtol.o(.text)
    __I$use$fp                               0x0801a359   Thumb Code     0  iusefp.o(.text)
    _float_round                             0x0801a359   Thumb Code    18  fepilogue.o(.text)
    _float_epilogue                          0x0801a36b   Thumb Code    92  fepilogue.o(.text)
    _double_round                            0x0801a3c7   Thumb Code    30  depilogue.o(.text)
    _double_epilogue                         0x0801a3e5   Thumb Code   156  depilogue.o(.text)
    _dsqrt                                   0x0801a481   Thumb Code   162  dsqrt.o(.text)
    __aeabi_d2ulz                            0x0801a523   Thumb Code    48  dfixul.o(.text)
    __scatterload                            0x0801a555   Thumb Code    28  init.o(.text)
    __scatterload_rt2                        0x0801a555   Thumb Code     0  init.o(.text)
    _chval                                   0x0801a579   Thumb Code    28  _chval.o(.text)
    _scanf_real                              0x0801a695   Thumb Code     0  scanf_fp.o(.text)
    _scanf_really_real                       0x0801a695   Thumb Code   556  scanf_fp.o(.text)
    _sgetc                                   0x0801a8cd   Thumb Code    30  _sgetc.o(.text)
    _sbackspace                              0x0801a8eb   Thumb Code    34  _sgetc.o(.text)
    __aeabi_ul2d                             0x0801a90d   Thumb Code    24  dfltul.o(.text)
    __decompress                             0x0801a925   Thumb Code     0  __dczerorl2.o(.text)
    __decompress1                            0x0801a925   Thumb Code    86  __dczerorl2.o(.text)
    __0sprintf                               0x0801a97d   Thumb Code    34  printfa.o(i.__0sprintf)
    __1sprintf                               0x0801a97d   Thumb Code     0  printfa.o(i.__0sprintf)
    __2sprintf                               0x0801a97d   Thumb Code     0  printfa.o(i.__0sprintf)
    __c89sprintf                             0x0801a97d   Thumb Code     0  printfa.o(i.__0sprintf)
    sprintf                                  0x0801a97d   Thumb Code     0  printfa.o(i.__0sprintf)
    __0vsprintf                              0x0801a9a5   Thumb Code    30  printfa.o(i.__0vsprintf)
    __1vsprintf                              0x0801a9a5   Thumb Code     0  printfa.o(i.__0vsprintf)
    __2vsprintf                              0x0801a9a5   Thumb Code     0  printfa.o(i.__0vsprintf)
    __c89vsprintf                            0x0801a9a5   Thumb Code     0  printfa.o(i.__0vsprintf)
    vsprintf                                 0x0801a9a5   Thumb Code     0  printfa.o(i.__0vsprintf)
    __ARM_fpclassify                         0x0801a9c9   Thumb Code    40  fpclassify.o(i.__ARM_fpclassify)
    __aeabi_errno_addr                       0x0801a9f1   Thumb Code     4  errno.o(i.__aeabi_errno_addr)
    __rt_errno_addr                          0x0801a9f1   Thumb Code     0  errno.o(i.__aeabi_errno_addr)
    __ieee754_rem_pio2                       0x0801a9f9   Thumb Code   828  rred.o(i.__ieee754_rem_pio2)
    __kernel_cos                             0x0801ad81   Thumb Code   230  cos_i.o(i.__kernel_cos)
    __kernel_poly                            0x0801ae7d   Thumb Code   170  poly.o(i.__kernel_poly)
    __kernel_sin                             0x0801af29   Thumb Code   224  sin_i.o(i.__kernel_sin)
    __mathlib_dbl_divzero                    0x0801b015   Thumb Code    12  dunder.o(i.__mathlib_dbl_divzero)
    __mathlib_dbl_infnan                     0x0801b025   Thumb Code     6  dunder.o(i.__mathlib_dbl_infnan)
    __mathlib_dbl_infnan2                    0x0801b02b   Thumb Code     4  dunder.o(i.__mathlib_dbl_infnan2)
    __mathlib_dbl_invalid                    0x0801b02f   Thumb Code    12  dunder.o(i.__mathlib_dbl_invalid)
    __mathlib_dbl_overflow                   0x0801b03b   Thumb Code    14  dunder.o(i.__mathlib_dbl_overflow)
    __mathlib_dbl_underflow                  0x0801b049   Thumb Code    10  dunder.o(i.__mathlib_dbl_underflow)
    __read_errno                             0x0801b059   Thumb Code     6  errno.o(i.__read_errno)
    __scatterload_copy                       0x0801b065   Thumb Code    14  handlers.o(i.__scatterload_copy)
    __scatterload_null                       0x0801b073   Thumb Code     2  handlers.o(i.__scatterload_null)
    __scatterload_zeroinit                   0x0801b075   Thumb Code    14  handlers.o(i.__scatterload_zeroinit)
    __set_errno                              0x0801b085   Thumb Code     6  errno.o(i.__set_errno)
    _is_digit                                0x0801b1f5   Thumb Code    14  scanf_fp.o(i._is_digit)
    asin                                     0x0801b93d   Thumb Code   572  asin.o(i.asin)
    atof                                     0x0801bbad   Thumb Code    42  atof.o(i.atof)
    cos                                      0x0801bbd9   Thumb Code   148  cos.o(i.cos)
    free                                     0x0801bc75   Thumb Code    76  malloc.o(i.free)
    malloc                                   0x0801bcc5   Thumb Code    92  malloc.o(i.malloc)
    pow                                      0x0801bd31   Thumb Code  2512  pow.o(i.pow)
    sin                                      0x0801c709   Thumb Code   150  sin.o(i.sin)
    sqrt                                     0x0801c7a9   Thumb Code    76  sqrt.o(i.sqrt)
    strtod                                   0x0801c7f5   Thumb Code    28  strtod.o(i.strtod)
    ais_crc16_table                          0x0801c932   Data         512  common.o(.constdata)
    SingleTwo                                0x0801cc91   Data          21  testing.o(.constdata)
    SingleT2                                 0x0801cca6   Data          20  testing.o(.constdata)
    SingleT3                                 0x0801ccba   Data          21  testing.o(.constdata)
    STSignal_2                               0x0801cccf   Data          21  testing.o(.constdata)
    UBX_PRT_MSG_CFG_RXM_CONTINUOUS           0x0801cce4   Data           8  ubloxprotocol.o(.constdata)
    UBX_PRT_MSG_CFG_RXM_PSM                  0x0801ccec   Data           8  ubloxprotocol.o(.constdata)
    UBX_PRT_MSG_CFG_PM2_NORM                 0x0801ccf4   Data          50  ubloxprotocol.o(.constdata)
    UBX_PRT_MSG_CFG_PM2_SAVE                 0x0801cd26   Data          50  ubloxprotocol.o(.constdata)
    UBX_PRT_MSG_CFG_CFG_DEFAULT              0x0801cd58   Data          19  ubloxprotocol.o(.constdata)
    UBX_PRT_MSG_CFG_CFG_SAVE                 0x0801cd6b   Data          19  ubloxprotocol.o(.constdata)
    UBX_PRT_MSG_CFG_TP5_ACTIVE               0x0801cd7e   Data          38  ubloxprotocol.o(.constdata)
    UBX_PRT_MSG_CFG_TP5_INACTIVE             0x0801cda4   Data          38  ubloxprotocol.o(.constdata)
    UBX_PRT_MSG_CFG_MSG_R0_GXVTG             0x0801cdca   Data          14  ubloxprotocol.o(.constdata)
    UBX_PRT_MSG_CFG_MSG_R0_GXGGA             0x0801cdd8   Data          14  ubloxprotocol.o(.constdata)
    UBX_PRT_MSG_CFG_MSG_R0_GXGSA             0x0801cde6   Data          14  ubloxprotocol.o(.constdata)
    UBX_PRT_MSG_CFG_MSG_R0_GXGSV             0x0801cdf4   Data          14  ubloxprotocol.o(.constdata)
    UBX_PRT_MSG_CFG_MSG_R0_GXGLL             0x0801ce02   Data          14  ubloxprotocol.o(.constdata)
    UBX_PRT_MSG_CFG_MSG_R0_GXRMC             0x0801ce10   Data          14  ubloxprotocol.o(.constdata)
    UBX_PRT_MSG_CFG_MSG_R0_GXGBS             0x0801ce1e   Data          14  ubloxprotocol.o(.constdata)
    UBX_PRT_MSG_CFG_MSG_R1_GXVTG             0x0801ce2c   Data          14  ubloxprotocol.o(.constdata)
    UBX_PRT_MSG_CFG_MSG_R1_GXGGA             0x0801ce3a   Data          14  ubloxprotocol.o(.constdata)
    UBX_PRT_MSG_CFG_MSG_R1_GXGSA             0x0801ce48   Data          14  ubloxprotocol.o(.constdata)
    UBX_PRT_MSG_CFG_MSG_R1_GXGSV             0x0801ce56   Data          14  ubloxprotocol.o(.constdata)
    UBX_PRT_MSG_CFG_MSG_R1_GXGLL             0x0801ce64   Data          14  ubloxprotocol.o(.constdata)
    UBX_PRT_MSG_CFG_MSG_R1_GXRMC             0x0801ce72   Data          14  ubloxprotocol.o(.constdata)
    UBX_PRT_MSG_CFG_MSG_R1_GXGBS             0x0801ce80   Data          14  ubloxprotocol.o(.constdata)
    StSignal1                                0x0801ce8e   Data          21  transceiverctrl.o(.constdata)
    StSignal2                                0x0801cea3   Data          21  transceiverctrl.o(.constdata)
    StSignal3                                0x0801ceb8   Data          21  transceiverctrl.o(.constdata)
    __mathlib_zero                           0x0801d000   Data           8  qnan.o(.constdata)
    __ctype_table                            0x0801d0f8   Data         129  ctype_o.o(.constdata)
    Region$$Table$$Base                      0x0801d3dc   Number         0  anon$$obj.o(Region$$Table)
    Region$$Table$$Limit                     0x0801d3fc   Number         0  anon$$obj.o(Region$$Table)
    HSEStartUpStatus                         0x20000000   Data           1  stm32f10x_target.o(.data)
    Para_Addr_IndexBuf                       0x20000004   Data          22  parastorage.o(.data)
    Para_MaxLen_IndexBuf                     0x2000001a   Data          22  parastorage.o(.data)
    Para_Default_IndexBuf                    0x20000030   Data          88  parastorage.o(.data)
    LocalClockTick                           0x20000088   Data           8  systemtick.o(.data)
    usGPSSynContinueTime                     0x200000a0   Data           2  gpsctrl.o(.data)
    LastGPS_Latitude                         0x200000a8   Data           8  gpsctrl.o(.data)
    LastGPS_Longitud                         0x200000b0   Data           8  gpsctrl.o(.data)
    NowGPS_Latitude                          0x200000b8   Data           8  gpsctrl.o(.data)
    NowGPS_Longitud                          0x200000c0   Data           8  gpsctrl.o(.data)
    ucStandbyWakeupFlg                       0x200000c8   Data           1  powerup.o(.data)
    ucStandbyWakeupDelayFlg                  0x200000c9   Data           1  powerup.o(.data)
    gslTimToRtcCnt_2                         0x200000cc   Data           4  sleepctrl.o(.data)
    gslRtcToTimCnt_2                         0x200000d0   Data           4  sleepctrl.o(.data)
    gslTimToRtcIdleCnt_2                     0x200000d4   Data           4  sleepctrl.o(.data)
    struMsgTestPara                          0x200000d8   Data           1  testing.o(.data)
    RxTestInstance                           0x200000d9   Data           1  testing.o(.data)
    STM32_FLASH_Addr_IndexBuf                0x200000f0   Data          84  flashctrl.o(.data)
    STM32_FLASH_MaxLen_IndexBuf              0x20000144   Data          21  flashctrl.o(.data)
    STM32_FLASH_Default_IndexBuf             0x2000015c   Data          84  flashctrl.o(.data)
    ucADC1_ConvFinishFlag                    0x200001b0   Data           1  adc.o(.data)
    guiADC1_14_Val                           0x200001b2   Data           2  adc.o(.data)
    ssADC1_CalValue                          0x200001b4   Data           2  adc.o(.data)
    arrADC1_Val                              0x200001b6   Data           8  adc.o(.data)
    arrBKP_DR_INDEX                          0x200001be   Data          84  bkpregister.o(.data)
    GpsTimSaveFlag                           0x20000214   Data           1  gps.o(.data)
    GpsPulseEn                               0x20000215   Data           1  gps.o(.data)
    TimCntSave                               0x20000218   Data           4  gps.o(.data)
    RtcCntSave                               0x2000021c   Data           4  gps.o(.data)
    GpsTimCountSave                          0x20000220   Data           4  gps.o(.data)
    GpsRtcCountSave                          0x20000224   Data           4  gps.o(.data)
    struPinPulsePara                         0x20000228   Data           8  led.o(.data)
    RFPara                                   0x20000230   Data           1  power.o(.data)
    PowerPara                                0x20000231   Data           2  power.o(.data)
    RtcHighCountFlag                         0x20000238   Data           1  rtc.o(.data)
    RtcPhaseAdjust1                          0x2000023a   Data           2  rtc.o(.data)
    RtcPhaseAdjust10                         0x2000023c   Data           2  rtc.o(.data)
    RtcPhaseAdjust100                        0x2000023e   Data           2  rtc.o(.data)
    RtcCntAdjust1                            0x20000240   Data           2  rtc.o(.data)
    RtcCntAdjust10                           0x20000242   Data           2  rtc.o(.data)
    RtcCntAdjust100                          0x20000244   Data           2  rtc.o(.data)
    RTCIntCount                              0x20000248   Data           4  rtc.o(.data)
    GpsRtcCount                              0x2000024c   Data           4  rtc.o(.data)
    RtcSubCnt1                               0x20000250   Data           4  rtc.o(.data)
    RtcSubCnt2                               0x20000254   Data           4  rtc.o(.data)
    RtcSubCnt3                               0x20000258   Data           4  rtc.o(.data)
    RtcCnt                                   0x2000025c   Data           4  rtc.o(.data)
    RtcCnt1s                                 0x20000260   Data           4  rtc.o(.data)
    RtcCnt10s                                0x20000264   Data           4  rtc.o(.data)
    RtcCnt100s                               0x20000268   Data           4  rtc.o(.data)
    RtcTimPhaseCnt1                          0x20000270   Data           8  rtc.o(.data)
    RtcTimPhaseCnt10                         0x20000278   Data           8  rtc.o(.data)
    RtcTimPhaseCnt100                        0x20000280   Data           8  rtc.o(.data)
    struRtcPara                              0x20000288   Data           8  rtc.o(.data)
    gucFSKDataXmtEn                          0x20000290   Data           1  tim.o(.data)
    gucFetchFirstFskDataEn                   0x20000291   Data           1  tim.o(.data)
    capture                                  0x20000292   Data           2  tim.o(.data)
    CCR1_Val                                 0x20000294   Data           2  tim.o(.data)
    CCR2_Val                                 0x20000296   Data           2  tim.o(.data)
    CCR3_Val                                 0x20000298   Data           2  tim.o(.data)
    gsiPhaseCnt                              0x2000029a   Data           2  tim.o(.data)
    gsiSlotCnt                               0x2000029c   Data           2  tim.o(.data)
    TimAdjust1                               0x2000029e   Data           2  tim.o(.data)
    TimAdjust10                              0x200002a0   Data           2  tim.o(.data)
    TimAdjust100                             0x200002a2   Data           2  tim.o(.data)
    gslFrameCnt                              0x200002a4   Data           4  tim.o(.data)
    TimSubCnt1                               0x200002a8   Data           4  tim.o(.data)
    TimSubCnt2                               0x200002ac   Data           4  tim.o(.data)
    TimSubCnt3                               0x200002b0   Data           4  tim.o(.data)
    GpsTimCount                              0x200002b4   Data           4  tim.o(.data)
    TimCnt                                   0x200002b8   Data           4  tim.o(.data)
    TimCnt1s                                 0x200002bc   Data           4  tim.o(.data)
    TimCnt10s                                0x200002c0   Data           4  tim.o(.data)
    TimCnt100s                               0x200002c4   Data           4  tim.o(.data)
    Uart1Config                              0x200002c8   Data           8  usart.o(.data)
    Is_Feed_Dog                              0x200002d0   Data           1  wdg.o(.data)
    SI446X_FRE_BASE                          0x200002d4   Data           4  si446x.o(.data)
    DebugOutputFlag                          0x200004d1   Data           1  debug.o(.data)
    __microlib_freelist                      0x200004ec   Data           4  mvars.o(.data)
    __microlib_freelist_initialised          0x200004f0   Data           4  mvars.o(.data)
    pGpsCell                                 0x20002b38   Data         208  ais_msgmodu.o(.bss)
    AisDiSenQue                              0x20002c08   Data        1332  aisdigitalinterface.o(.bss)
    ABMPara                                  0x2000313c   Data         176  aisdigitalinterface.o(.bss)
    BBMPara                                  0x200031ec   Data         174  aisdigitalinterface.o(.bss)
    AISMsgBinBuff_1                          0x2000329c   Data          22  aismsgmodule.o(.bss)
    AISMsgBinBuff_2                          0x200032b2   Data          22  aismsgmodule.o(.bss)
    AISMsgBinBuff_3                          0x200032c8   Data          22  aismsgmodule.o(.bss)
    AISMsgBinBuff_4                          0x200032de   Data          22  aismsgmodule.o(.bss)
    AISMsgBinBuff_5                          0x200032f4   Data          54  aismsgmodule.o(.bss)
    AISMsgBinBuff_6                          0x2000332a   Data         127  aismsgmodule.o(.bss)
    AISMsgBinBuff_7                          0x200033a9   Data          22  aismsgmodule.o(.bss)
    AISMsgBinBuff_8                          0x200033bf   Data         127  aismsgmodule.o(.bss)
    AISMsgBinBuff_9                          0x2000343e   Data          22  aismsgmodule.o(.bss)
    AISMsgBinBuff_10                         0x20003454   Data          10  aismsgmodule.o(.bss)
    AISMsgBinBuff_11                         0x2000345e   Data          22  aismsgmodule.o(.bss)
    AISMsgBinBuff_12                         0x20003474   Data         127  aismsgmodule.o(.bss)
    AISMsgBinBuff_13                         0x200034f3   Data          22  aismsgmodule.o(.bss)
    AISMsgBinBuff_14                         0x20003509   Data         127  aismsgmodule.o(.bss)
    AISMsgBinBuff_15                         0x20003588   Data          21  aismsgmodule.o(.bss)
    AISMsgBinBuff_16                         0x2000359d   Data          19  aismsgmodule.o(.bss)
    AISMsgBinBuff_17                         0x200035b0   Data         103  aismsgmodule.o(.bss)
    AISMsgBinBuff_18                         0x20003617   Data          22  aismsgmodule.o(.bss)
    AISMsgBinBuff_19                         0x2000362d   Data          40  aismsgmodule.o(.bss)
    AISMsgBinBuff_20                         0x20003655   Data          21  aismsgmodule.o(.bss)
    AISMsgBinBuff_21                         0x2000366a   Data          46  aismsgmodule.o(.bss)
    AISMsgBinBuff_22                         0x20003698   Data          22  aismsgmodule.o(.bss)
    AISMsgBinBuff_23                         0x200036ae   Data          21  aismsgmodule.o(.bss)
    AISMsgBinBuff_24A                        0x200036c3   Data          21  aismsgmodule.o(.bss)
    AISMsgBinBuff_24B                        0x200036d8   Data          22  aismsgmodule.o(.bss)
    AISMsgBinBuff_25                         0x200036ee   Data          22  aismsgmodule.o(.bss)
    AISMsgBinBuff_26                         0x20003704   Data         134  aismsgmodule.o(.bss)
    AISMsgBinBuff_27                         0x2000378a   Data          13  aismsgmodule.o(.bss)
    AISMsg_1                                 0x20003798   Data          40  aismsgmodule.o(.bss)
    AISMsg_2                                 0x200037c0   Data          40  aismsgmodule.o(.bss)
    AISMsg_3                                 0x200037e8   Data          40  aismsgmodule.o(.bss)
    AISMsg_4                                 0x20003810   Data          32  aismsgmodule.o(.bss)
    AISMsg_5                                 0x20003830   Data          80  aismsgmodule.o(.bss)
    AISMsg_6                                 0x20003880   Data         140  aismsgmodule.o(.bss)
    AISMsg_7                                 0x2000390c   Data          40  aismsgmodule.o(.bss)
    AISMsg_8                                 0x20003934   Data         132  aismsgmodule.o(.bss)
    AISMsg_9                                 0x200039b8   Data          40  aismsgmodule.o(.bss)
    AISMsg_10                                0x200039e0   Data          12  aismsgmodule.o(.bss)
    AISMsg_11                                0x200039ec   Data          32  aismsgmodule.o(.bss)
    AISMsg_12                                0x20003a0c   Data         176  aismsgmodule.o(.bss)
    AISMsg_13                                0x20003abc   Data          40  aismsgmodule.o(.bss)
    AISMsg_14                                0x20003ae4   Data         172  aismsgmodule.o(.bss)
    AISMsg_15                                0x20003b90   Data          32  aismsgmodule.o(.bss)
    AISMsg_16                                0x20003bb0   Data          28  aismsgmodule.o(.bss)
    AISMsg_17                                0x20003bcc   Data         144  aismsgmodule.o(.bss)
    AISMsg_18                                0x20003c5c   Data          40  aismsgmodule.o(.bss)
    AISMsg_19                                0x20003c84   Data          56  aismsgmodule.o(.bss)
    AISMsg_20                                0x20003cbc   Data          36  aismsgmodule.o(.bss)
    AISMsg_21                                0x20003ce0   Data          68  aismsgmodule.o(.bss)
    AISMsg_22                                0x20003d24   Data          36  aismsgmodule.o(.bss)
    AISMsg_23                                0x20003d48   Data          32  aismsgmodule.o(.bss)
    AISMsg_24A                               0x20003d68   Data          32  aismsgmodule.o(.bss)
    AISMsg_24B                               0x20003d88   Data          36  aismsgmodule.o(.bss)
    AISMsg_25                                0x20003dac   Data          36  aismsgmodule.o(.bss)
    AISMsg_26                                0x20003dd0   Data         156  aismsgmodule.o(.bss)
    AISMsg_27                                0x20003e6c   Data          28  aismsgmodule.o(.bss)
    DevStaticPara                            0x200080d4   Data          28  deviceinfo.o(.bss)
    DevDynamicPara                           0x200080f0   Data          28  deviceinfo.o(.bss)
    AisStaticPara                            0x2000810c   Data          92  aisinfo.o(.bss)
    AisDynamicPara                           0x20008168   Data          32  aisinfo.o(.bss)
    TimAdjustPara                            0x20008b9c   Data          68  adjust.o(.bss)
    GpsPara                                  0x20008be0   Data         208  gpsctrl.o(.bss)
    GpsCtrlPara                              0x20008cb0   Data          84  gpsctrl.o(.bss)
    GpsSynCell                               0x20008d04   Data          52  gpsctrl.o(.bss)
    GPSCtrlMsgTestPara                       0x20008d38   Data          12  gpsctrl.o(.bss)
    GpsSelfCheckInst                         0x20008d44   Data          24  gpsctrl.o(.bss)
    LEDCtrlPara                              0x20008d5c   Data          88  ledctrl.o(.bss)
    SleepCtrlPara                            0x20008db4   Data          44  sleepctrl.o(.bss)
    TestCtrlPara                             0x20008de0   Data         120  testing.o(.bss)
    BatteryTestCtrlPara                      0x20008e58   Data          28  testing.o(.bss)
    MsgTestCtrlPara                          0x20008e74   Data          24  testing.o(.bss)
    SleepTestCtrlPara                        0x20008e8c   Data          12  testing.o(.bss)
    TransceiverTest1                         0x20009808   Data         184  transceiverctrl.o(.bss)
    TransceiverTest2                         0x200098c0   Data         184  transceiverctrl.o(.bss)
    TransceiverTxCtrlInstance                0x20009978   Data         184  transceiverctrl.o(.bss)
    RecordCloseTimeTask                      0x20009a64   Data          12  taskmanager.o(.bss)
    UpdateRecStationTask                     0x20009a70   Data          12  taskmanager.o(.bss)
    arrBKPDRData                             0x20009a7c   Data          84  bkpregister.o(.bss)
    Uart2TxFIFO                              0x20009ad0   Data        1030  gps.o(.bss)
    Uart2RxFIFO                              0x20009ed6   Data        1036  gps.o(.bss)
    struRtcTimPhase1                         0x2000a2e8   Data          40  rtc.o(.bss)
    Uart1TxFIFO                              0x2000a310   Data        1030  usart.o(.bss)
    Uart1RxFIFO                              0x2000a716   Data        1036  usart.o(.bss)
    PTT_OBJ                                  0x2000ae64   Data          36  ptt_lnw.o(.bss)
    __heap_base                              0x2000ae88   Data           0  stm32f10x_startup.o(HEAP)
    __heap_limit                             0x2000b288   Data           0  stm32f10x_startup.o(HEAP)
    __initial_sp                             0x2000b688   Data           0  stm32f10x_startup.o(STACK)



==============================================================================

Memory Map of the image

  Image Entry point : 0x08000131

  Load Region LR_IROM1 (Base: 0x08000000, Size: 0x0001d8f4, Max: 0x00040000, ABSOLUTE, COMPRESSED[0x0001d700])

    Execution Region ER_IROM1 (Base: 0x08000000, Size: 0x0001d3fc, Max: 0x00040000, ABSOLUTE)

    Base Addr    Size         Type   Attr      Idx    E Section Name        Object

    0x08000000   0x00000130   Data   RO          310    RESET               stm32f10x_startup.o
    0x08000130   0x00000000   Code   RO         1804  * .ARM.Collect$$$$00000000  mc_w.l(entry.o)
    0x08000130   0x00000004   Code   RO         2184    .ARM.Collect$$$$00000001  mc_w.l(entry2.o)
    0x08000134   0x00000004   Code   RO         2187    .ARM.Collect$$$$00000004  mc_w.l(entry5.o)
    0x08000138   0x00000000   Code   RO         2189    .ARM.Collect$$$$00000008  mc_w.l(entry7b.o)
    0x08000138   0x00000000   Code   RO         2191    .ARM.Collect$$$$0000000A  mc_w.l(entry8b.o)
    0x08000138   0x00000008   Code   RO         2192    .ARM.Collect$$$$0000000B  mc_w.l(entry9a.o)
    0x08000140   0x00000000   Code   RO         2194    .ARM.Collect$$$$0000000D  mc_w.l(entry10a.o)
    0x08000140   0x00000000   Code   RO         2196    .ARM.Collect$$$$0000000F  mc_w.l(entry11a.o)
    0x08000140   0x00000004   Code   RO         2185    .ARM.Collect$$$$00002712  mc_w.l(entry2.o)
    0x08000144   0x00000002   Code   RO          278    .emb_text           stm32f10x_it.o
    0x08000146   0x00000002   PAD
    0x08000148   0x00000294   Code   RO            6    .text               stm32f10x_target.o
    0x080003dc   0x000000f8   Code   RO          279    .text               stm32f10x_it.o
    0x080004d4   0x00000008   Code   RO          311    .text               stm32f10x_startup.o
    0x080004dc   0x000000d4   Code   RO          321    .text               ioctrl.o
    0x080005b0   0x000004e4   Code   RO          346    .text               parastorage.o
    0x08000a94   0x00000012   Code   RO          368    .text               rxtxctrl.o
    0x08000aa6   0x00000002   PAD
    0x08000aa8   0x00000060   Code   RO          390    .text               systemtick.o
    0x08000b08   0x00000c70   Code   RO          410    .text               datalinkservice.o
    0x08001778   0x000004b4   Code   RO          426    .text               linkmanagemententity.o
    0x08001c2c   0x000000ac   Code   RO          442    .text               physicallayer.o
    0x08001cd8   0x00000e9c   Code   RO          457    .text               ais_msgmodu.o
    0x08002b74   0x0000128c   Code   RO          479    .text               aisdigitalinterface.o
    0x08003e00   0x00004020   Code   RO          500    .text               aismsgmodule.o
    0x08007e20   0x00000358   Code   RO          521    .text               slot.o
    0x08008178   0x0000149c   Code   RO          535    .text               tdma.o
    0x08009614   0x00000088   Code   RO          552    .text               deviceinfo.o
    0x0800969c   0x00000174   Code   RO          570    .text               aisinfo.o
    0x08009810   0x00001304   Code   RO          588    .text               msgmanager.o
    0x0800ab14   0x00000026   Code   RO          604    .text               aisptlmain.o
    0x0800ab3a   0x00000002   PAD
    0x0800ab3c   0x00000720   Code   RO          616    .text               adjust.o
    0x0800b25c   0x000004a4   Code   RO          645    .text               common.o
    0x0800b700   0x000018f8   Code   RO          661    .text               gpsctrl.o
    0x0800cff8   0x00000074   Code   RO          702    .text               initial.o
    0x0800d06c   0x00000668   Code   RO          748    .text               ledctrl.o
    0x0800d6d4   0x00000118   Code   RO          768    .text               main.o
    0x0800d7ec   0x00000620   Code   RO          814    .text               powerup.o
    0x0800de0c   0x000001a0   Code   RO          840    .text               sleepctrl.o
    0x0800dfac   0x00000468   Code   RO          869    .text               testing.o
    0x0800e414   0x000027d4   Code   RO          895    .text               uartmsg.o
    0x08010be8   0x00000688   Code   RO          927    .text               ubloxprotocol.o
    0x08011270   0x00000740   Code   RO          949    .text               transceiverctrl.o
    0x080119b0   0x00000952   Code   RO          966    .text               selfcheck.o
    0x08012302   0x00000002   PAD
    0x08012304   0x00000120   Code   RO          982    .text               rflinkselfcheck.o
    0x08012424   0x0000020c   Code   RO          995    .text               taskmanager.o
    0x08012630   0x0000036c   Code   RO         1078    .text               flashctrl.o
    0x0801299c   0x00000270   Code   RO         1094    .text               encrypt.o
    0x08012c0c   0x00000426   Code   RO         1107    .text               24c02.o
    0x08013032   0x00000002   PAD
    0x08013034   0x00000224   Code   RO         1125    .text               adc.o
    0x08013258   0x000000cc   Code   RO         1144    .text               bkpregister.o
    0x08013324   0x00000080   Code   RO         1164    .text               dac.o
    0x080133a4   0x00000248   Code   RO         1180    .text               gps.o
    0x080135ec   0x00000100   Code   RO         1200    .text               led.o
    0x080136ec   0x0000013c   Code   RO         1218    .text               power.o
    0x08013828   0x000008e8   Code   RO         1235    .text               rtc.o
    0x08014110   0x00000068   Code   RO         1257    .text               rxtx.o
    0x08014178   0x00000194   Code   RO         1269    .text               spi.o
    0x0801430c   0x00000690   Code   RO         1281    .text               tim.o
    0x0801499c   0x000004d0   Code   RO         1304    .text               usart.o
    0x08014e6c   0x0000004c   Code   RO         1332    .text               wdg.o
    0x08014eb8   0x00000270   Code   RO         1350    .text               gpiospi.o
    0x08015128   0x0000205c   Code   RO         1364    .text               si446x.o
    0x08017184   0x00000190   Code   RO         1398    .text               debug.o
    0x08017314   0x000000b0   Code   RO         1422    .text               misc.o
    0x080173c4   0x00000330   Code   RO         1434    .text               stm32f10x_adc.o
    0x080176f4   0x00000098   Code   RO         1446    .text               stm32f10x_bkp.o
    0x0801778c   0x000000fc   Code   RO         1503    .text               stm32f10x_dac.o
    0x08017888   0x00000028   Code   RO         1515    .text               stm32f10x_dbgmcu.o
    0x080178b0   0x000001c8   Code   RO         1527    .text               stm32f10x_dma.o
    0x08017a78   0x000000e8   Code   RO         1539    .text               stm32f10x_exti.o
    0x08017b60   0x00000480   Code   RO         1551    .text               stm32f10x_flash_1.o
    0x08017fe0   0x00000264   Code   RO         1579    .text               stm32f10x_gpio.o
    0x08018244   0x0000003c   Code   RO         1606    .text               stm32f10x_iwdg.o
    0x08018280   0x000000ac   Code   RO         1618    .text               stm32f10x_pwr.o
    0x0801832c   0x000002b8   Code   RO         1630    .text               stm32f10x_rcc.o
    0x080185e4   0x00000110   Code   RO         1644    .text               stm32f10x_rtc.o
    0x080186f4   0x00000274   Code   RO         1669    .text               stm32f10x_spi.o
    0x08018968   0x00000af0   Code   RO         1681    .text               stm32f10x_tim.o
    0x08019458   0x00000328   Code   RO         1694    .text               stm32f10x_usart.o
    0x08019780   0x0000003c   Code   RO         1721    .text               migrate.o
    0x080197bc   0x0000020c   Code   RO         1733    .text               ptt_lnw.o
    0x080199c8   0x00000024   Code   RO         1807    .text               mc_w.l(rand.o)
    0x080199ec   0x00000024   Code   RO         1810    .text               mc_w.l(memcpya.o)
    0x08019a10   0x00000024   Code   RO         1812    .text               mc_w.l(memseta.o)
    0x08019a34   0x00000018   Code   RO         1814    .text               mc_w.l(strcat.o)
    0x08019a4c   0x00000018   Code   RO         1816    .text               mc_w.l(strncpy.o)
    0x08019a64   0x0000000e   Code   RO         1818    .text               mc_w.l(strlen.o)
    0x08019a72   0x00000028   Code   RO         1820    .text               mc_w.l(strncat.o)
    0x08019a9a   0x00000012   Code   RO         1822    .text               mc_w.l(strcpy.o)
    0x08019aac   0x0000001e   Code   RO         1824    .text               mc_w.l(strncmp.o)
    0x08019aca   0x00000072   Code   RO         2117    .text               mc_w.l(strtoul.o)
    0x08019b3c   0x0000001a   Code   RO         2119    .text               mc_w.l(atoi.o)
    0x08019b56   0x0000001a   Code   RO         2121    .text               mc_w.l(atol.o)
    0x08019b70   0x00000064   Code   RO         2123    .text               mf_w.l(fmul.o)
    0x08019bd4   0x0000014e   Code   RO         2125    .text               mf_w.l(dadd.o)
    0x08019d22   0x000000e4   Code   RO         2127    .text               mf_w.l(dmul.o)
    0x08019e06   0x000000de   Code   RO         2129    .text               mf_w.l(ddiv.o)
    0x08019ee4   0x0000002e   Code   RO         2131    .text               mf_w.l(dscalb.o)
    0x08019f12   0x00000022   Code   RO         2133    .text               mf_w.l(dflti.o)
    0x08019f34   0x0000001a   Code   RO         2135    .text               mf_w.l(dfltui.o)
    0x08019f4e   0x00000028   Code   RO         2137    .text               mf_w.l(ffixui.o)
    0x08019f76   0x0000003e   Code   RO         2139    .text               mf_w.l(dfixi.o)
    0x08019fb4   0x00000032   Code   RO         2141    .text               mf_w.l(dfixui.o)
    0x08019fe6   0x00000026   Code   RO         2143    .text               mf_w.l(f2d.o)
    0x0801a00c   0x00000030   Code   RO         2145    .text               mf_w.l(cdcmple.o)
    0x0801a03c   0x00000030   Code   RO         2147    .text               mf_w.l(cdrcmple.o)
    0x0801a06c   0x00000038   Code   RO         2149    .text               mf_w.l(d2f.o)
    0x0801a0a4   0x0000002c   Code   RO         2201    .text               mc_w.l(uidiv.o)
    0x0801a0d0   0x00000062   Code   RO         2203    .text               mc_w.l(uldiv.o)
    0x0801a132   0x0000001e   Code   RO         2205    .text               mc_w.l(llshl.o)
    0x0801a150   0x00000020   Code   RO         2207    .text               mc_w.l(llushr.o)
    0x0801a170   0x00000024   Code   RO         2209    .text               mc_w.l(llsshr.o)
    0x0801a194   0x00000008   Code   RO         2211    .text               mc_w.l(ctype_o.o)
    0x0801a19c   0x00000012   Code   RO         2233    .text               mc_w.l(isspace_o.o)
    0x0801a1ae   0x0000009e   Code   RO         2248    .text               mc_w.l(_strtoul.o)
    0x0801a24c   0x0000009c   Code   RO         2250    .text               mc_w.l(strtod.o)
    0x0801a2e8   0x00000070   Code   RO         2252    .text               mc_w.l(strtol.o)
    0x0801a358   0x00000000   Code   RO         2254    .text               mc_w.l(iusefp.o)
    0x0801a358   0x0000006e   Code   RO         2255    .text               mf_w.l(fepilogue.o)
    0x0801a3c6   0x000000ba   Code   RO         2257    .text               mf_w.l(depilogue.o)
    0x0801a480   0x000000a2   Code   RO         2259    .text               mf_w.l(dsqrt.o)
    0x0801a522   0x00000030   Code   RO         2261    .text               mf_w.l(dfixul.o)
    0x0801a552   0x00000002   PAD
    0x0801a554   0x00000024   Code   RO         2263    .text               mc_w.l(init.o)
    0x0801a578   0x0000001c   Code   RO         2268    .text               mc_w.l(_chval.o)
    0x0801a594   0x00000338   Code   RO         2270    .text               mc_w.l(scanf_fp.o)
    0x0801a8cc   0x00000040   Code   RO         2274    .text               mc_w.l(_sgetc.o)
    0x0801a90c   0x00000018   Code   RO         2280    .text               mf_w.l(dfltul.o)
    0x0801a924   0x00000056   Code   RO         2290    .text               mc_w.l(__dczerorl2.o)
    0x0801a97a   0x00000002   PAD
    0x0801a97c   0x00000028   Code   RO         2063    i.__0sprintf        mc_w.l(printfa.o)
    0x0801a9a4   0x00000024   Code   RO         2067    i.__0vsprintf       mc_w.l(printfa.o)
    0x0801a9c8   0x00000028   Code   RO         2168    i.__ARM_fpclassify  m_ws.l(fpclassify.o)
    0x0801a9f0   0x00000008   Code   RO         2241    i.__aeabi_errno_addr  mc_w.l(errno.o)
    0x0801a9f8   0x00000388   Code   RO         2173    i.__ieee754_rem_pio2  m_ws.l(rred.o)
    0x0801ad80   0x000000fc   Code   RO         2151    i.__kernel_cos      m_ws.l(cos_i.o)
    0x0801ae7c   0x000000aa   Code   RO         2170    i.__kernel_poly     m_ws.l(poly.o)
    0x0801af26   0x00000002   PAD
    0x0801af28   0x000000ec   Code   RO         2178    i.__kernel_sin      m_ws.l(sin_i.o)
    0x0801b014   0x00000010   Code   RO         2154    i.__mathlib_dbl_divzero  m_ws.l(dunder.o)
    0x0801b024   0x00000006   Code   RO         2155    i.__mathlib_dbl_infnan  m_ws.l(dunder.o)
    0x0801b02a   0x00000004   Code   RO         2156    i.__mathlib_dbl_infnan2  m_ws.l(dunder.o)
    0x0801b02e   0x0000000c   Code   RO         2157    i.__mathlib_dbl_invalid  m_ws.l(dunder.o)
    0x0801b03a   0x0000000e   Code   RO         2158    i.__mathlib_dbl_overflow  m_ws.l(dunder.o)
    0x0801b048   0x00000010   Code   RO         2160    i.__mathlib_dbl_underflow  m_ws.l(dunder.o)
    0x0801b058   0x0000000c   Code   RO         2242    i.__read_errno      mc_w.l(errno.o)
    0x0801b064   0x0000000e   Code   RO         2284    i.__scatterload_copy  mc_w.l(handlers.o)
    0x0801b072   0x00000002   Code   RO         2285    i.__scatterload_null  mc_w.l(handlers.o)
    0x0801b074   0x0000000e   Code   RO         2286    i.__scatterload_zeroinit  mc_w.l(handlers.o)
    0x0801b082   0x00000002   PAD
    0x0801b084   0x0000000c   Code   RO         2243    i.__set_errno       mc_w.l(errno.o)
    0x0801b090   0x00000164   Code   RO         2068    i._fp_digits        mc_w.l(printfa.o)
    0x0801b1f4   0x0000000e   Code   RO         2272    i._is_digit         mc_w.l(scanf_fp.o)
    0x0801b202   0x00000002   PAD
    0x0801b204   0x000006dc   Code   RO         2069    i._printf_core      mc_w.l(printfa.o)
    0x0801b8e0   0x00000024   Code   RO         2070    i._printf_post_padding  mc_w.l(printfa.o)
    0x0801b904   0x0000002e   Code   RO         2071    i._printf_pre_padding  mc_w.l(printfa.o)
    0x0801b932   0x0000000a   Code   RO         2073    i._sputc            mc_w.l(printfa.o)
    0x0801b93c   0x00000270   Code   RO         1753    i.asin              m_ws.l(asin.o)
    0x0801bbac   0x0000002a   Code   RO         1763    i.atof              m_ws.l(atof.o)
    0x0801bbd6   0x00000002   PAD
    0x0801bbd8   0x0000009c   Code   RO         1767    i.cos               m_ws.l(cos.o)
    0x0801bc74   0x00000050   Code   RO         2089    i.free              mc_w.l(malloc.o)
    0x0801bcc4   0x0000006c   Code   RO         2090    i.malloc            mc_w.l(malloc.o)
    0x0801bd30   0x000009d8   Code   RO         1775    i.pow               m_ws.l(pow.o)
    0x0801c708   0x000000a0   Code   RO         1785    i.sin               m_ws.l(sin.o)
    0x0801c7a8   0x0000004c   Code   RO         1793    i.sqrt              m_ws.l(sqrt.o)
    0x0801c7f4   0x0000001c   Code   RO         1801    i.strtod            m_ws.l(strtod.o)
    0x0801c810   0x00000013   Data   RO          481    .constdata          aisdigitalinterface.o
    0x0801c823   0x00000044   Data   RO          537    .constdata          tdma.o
    0x0801c867   0x000000ca   Data   RO          590    .constdata          msgmanager.o
    0x0801c931   0x00000001   PAD
    0x0801c932   0x00000200   Data   RO          646    .constdata          common.o
    0x0801cb32   0x0000000f   Data   RO          663    .constdata          gpsctrl.o
    0x0801cb41   0x00000150   Data   RO          750    .constdata          ledctrl.o
    0x0801cc91   0x00000053   Data   RO          871    .constdata          testing.o
    0x0801cce4   0x000001aa   Data   RO          929    .constdata          ubloxprotocol.o
    0x0801ce8e   0x00000056   Data   RO          951    .constdata          transceiverctrl.o
    0x0801cee4   0x00000011   Data   RO          997    .constdata          taskmanager.o
    0x0801cef5   0x00000003   PAD
    0x0801cef8   0x00000050   Data   RO         1754    .constdata          m_ws.l(asin.o)
    0x0801cf48   0x00000088   Data   RO         1776    .constdata          m_ws.l(pow.o)
    0x0801cfd0   0x00000030   Data   RO         2152    .constdata          m_ws.l(cos_i.o)
    0x0801d000   0x00000008   Data   RO         2172    .constdata          m_ws.l(qnan.o)
    0x0801d008   0x000000c8   Data   RO         2175    .constdata          m_ws.l(rred.o)
    0x0801d0d0   0x00000028   Data   RO         2179    .constdata          m_ws.l(sin_i.o)
    0x0801d0f8   0x00000081   Data   RO         2212    .constdata          mc_w.l(ctype_o.o)
    0x0801d179   0x00000003   PAD
    0x0801d17c   0x00000004   Data   RO         2213    .constdata          mc_w.l(ctype_o.o)
    0x0801d180   0x00000146   Data   RO          538    .conststring        tdma.o
    0x0801d2c6   0x00000002   PAD
    0x0801d2c8   0x00000086   Data   RO          664    .conststring        gpsctrl.o
    0x0801d34e   0x00000002   PAD
    0x0801d350   0x00000047   Data   RO          874    .conststring        testing.o
    0x0801d397   0x00000001   PAD
    0x0801d398   0x00000044   Data   RO          952    .conststring        transceiverctrl.o
    0x0801d3dc   0x00000020   Data   RO         2282    Region$$Table       anon$$obj.o


    Execution Region RW_IRAM1 (Base: 0x20000000, Size: 0x0000b688, Max: 0x0000c000, ABSOLUTE, COMPRESSED[0x00000304])

    Base Addr    Size         Type   Attr      Idx    E Section Name        Object

    0x20000000   0x00000001   Data   RW            8    .data               stm32f10x_target.o
    0x20000001   0x00000003   PAD
    0x20000004   0x00000084   Data   RW          347    .data               parastorage.o
    0x20000088   0x00000008   Data   RW          392    .data               systemtick.o
    0x20000090   0x00000006   Data   RW          443    .data               physicallayer.o
    0x20000096   0x00000003   Data   RW          462    .data               ais_msgmodu.o
    0x20000099   0x00000002   Data   RW          482    .data               aisdigitalinterface.o
    0x2000009b   0x00000005   PAD
    0x200000a0   0x00000028   Data   RW          665    .data               gpsctrl.o
    0x200000c8   0x00000002   Data   RW          815    .data               powerup.o
    0x200000ca   0x00000002   PAD
    0x200000cc   0x00000004   Data   RW          842    .data               sleepctrl.o
    0x200000d0   0x00000004   Data   RW          843    .data               sleepctrl.o
    0x200000d4   0x00000004   Data   RW          844    .data               sleepctrl.o
    0x200000d8   0x00000001   Data   RW          876    .data               testing.o
    0x200000d9   0x00000001   Data   RW          877    .data               testing.o
    0x200000da   0x00000015   Data   RW          968    .data               selfcheck.o
    0x200000ef   0x00000001   PAD
    0x200000f0   0x000000c0   Data   RW         1079    .data               flashctrl.o
    0x200001b0   0x0000000e   Data   RW         1126    .data               adc.o
    0x200001be   0x00000054   Data   RW         1146    .data               bkpregister.o
    0x20000212   0x00000002   PAD
    0x20000214   0x00000014   Data   RW         1182    .data               gps.o
    0x20000228   0x00000008   Data   RW         1201    .data               led.o
    0x20000230   0x00000003   Data   RW         1220    .data               power.o
    0x20000233   0x00000005   PAD
    0x20000238   0x00000058   Data   RW         1237    .data               rtc.o
    0x20000290   0x00000038   Data   RW         1282    .data               tim.o
    0x200002c8   0x00000008   Data   RW         1306    .data               usart.o
    0x200002d0   0x00000001   Data   RW         1333    .data               wdg.o
    0x200002d1   0x00000003   PAD
    0x200002d4   0x000001fd   Data   RW         1366    .data               si446x.o
    0x200004d1   0x00000001   Data   RW         1400    .data               debug.o
    0x200004d2   0x00000014   Data   RW         1631    .data               stm32f10x_rcc.o
    0x200004e6   0x00000002   PAD
    0x200004e8   0x00000004   Data   RW         1808    .data               mc_w.l(rand.o)
    0x200004ec   0x00000004   Data   RW         2239    .data               mc_w.l(mvars.o)
    0x200004f0   0x00000004   Data   RW         2240    .data               mc_w.l(mvars.o)
    0x200004f4   0x00000004   Data   RW         2244    .data               mc_w.l(errno.o)
    0x200004f8   0x00000014   Zero   RW            7    .bss                stm32f10x_target.o
    0x2000050c   0x0000181e   Zero   RW          411    .bss                datalinkservice.o
    0x20001d2a   0x00000002   PAD
    0x20001d2c   0x00000e0c   Zero   RW          427    .bss                linkmanagemententity.o
    0x20002b38   0x000000d0   Zero   RW          458    .bss                ais_msgmodu.o
    0x20002c08   0x00000692   Zero   RW          480    .bss                aisdigitalinterface.o
    0x2000329a   0x00000002   PAD
    0x2000329c   0x00000bec   Zero   RW          501    .bss                aismsgmodule.o
    0x20003e88   0x00003f50   Zero   RW          522    .bss                slot.o
    0x20007dd8   0x000002fc   Zero   RW          536    .bss                tdma.o
    0x200080d4   0x00000038   Zero   RW          553    .bss                deviceinfo.o
    0x2000810c   0x0000009c   Zero   RW          571    .bss                aisinfo.o
    0x200081a8   0x000009f4   Zero   RW          589    .bss                msgmanager.o
    0x20008b9c   0x00000044   Zero   RW          617    .bss                adjust.o
    0x20008be0   0x0000017c   Zero   RW          662    .bss                gpsctrl.o
    0x20008d5c   0x00000058   Zero   RW          749    .bss                ledctrl.o
    0x20008db4   0x0000002c   Zero   RW          841    .bss                sleepctrl.o
    0x20008de0   0x000000b8   Zero   RW          870    .bss                testing.o
    0x20008e98   0x00000970   Zero   RW          928    .bss                ubloxprotocol.o
    0x20009808   0x00000228   Zero   RW          950    .bss                transceiverctrl.o
    0x20009a30   0x00000034   Zero   RW          967    .bss                selfcheck.o
    0x20009a64   0x00000018   Zero   RW          996    .bss                taskmanager.o
    0x20009a7c   0x00000054   Zero   RW         1145    .bss                bkpregister.o
    0x20009ad0   0x00000812   Zero   RW         1181    .bss                gps.o
    0x2000a2e2   0x00000006   PAD
    0x2000a2e8   0x00000028   Zero   RW         1236    .bss                rtc.o
    0x2000a310   0x00000812   Zero   RW         1305    .bss                usart.o
    0x2000ab22   0x0000000a   Zero   RW         1351    .bss                gpiospi.o
    0x2000ab2c   0x00000038   Zero   RW         1365    .bss                si446x.o
    0x2000ab64   0x00000300   Zero   RW         1399    .bss                debug.o
    0x2000ae64   0x00000024   Zero   RW         1734    .bss                ptt_lnw.o
    0x2000ae88   0x00000400   Zero   RW          309    HEAP                stm32f10x_startup.o
    0x2000b288   0x00000400   Zero   RW          308    STACK               stm32f10x_startup.o


==============================================================================

Image component sizes


      Code (inc. data)   RO Data    RW Data    ZI Data      Debug   Object Name

      1062          6          0          0          0       5868   24c02.o
       548         18          0         14          0       3813   adc.o
      1824        806          0          0         68       4450   adjust.o
      3740        206          0          3        208      10366   ais_msgmodu.o
      4748        226         19          2       1682      12209   aisdigitalinterface.o
       372         60          0          0        156       6582   aisinfo.o
     16416        114          0          0       3052      45493   aismsgmodule.o
        38          0          0          0          0        454   aisptlmain.o
       204         10          0         84         84       2503   bkpregister.o
      1188         18        512          0          0       7053   common.o
         0          0          0          0          0         32   cortexm3_macro.o
       128          6          0          0          0       1282   dac.o
      3184         32          0          0       6174      17435   datalinkservice.o
       400         56          0          1        768       2750   debug.o
       136         14          0          0         56       3202   deviceinfo.o
       624          8          0          0          0       3592   encrypt.o
         0          0          0          0          0        568   ff.o
       876         68          0        192          0       5665   flashctrl.o
       624         12          0          0         10       4325   gpiospi.o
       584         64          0         20       2066       3707   gps.o
      6392        726        149         40        380      26272   gpsctrl.o
       116          8          0          0          0       1699   initial.o
       212         40          0          0          0       1035   ioctrl.o
       256          8          0          8          0       3344   led.o
      1640         44        336          0         88       6769   ledctrl.o
      1204         48          0          0       3596       7261   linkmanagemententity.o
       280         32          0          0          0       1899   main.o
        60          8          0          0          0        651   migrate.o
       176         14          0          0          0       1873   misc.o
      4868        420        202          0       2548      18335   msgmanager.o
      1252         82          0        132          0       4711   parastorage.o
       172          6          0          6          0       2860   physicallayer.o
       316         14          0          3          0       3122   power.o
      1568        386          0          2          0       3833   powerup.o
       524         16          0          0         36       4577   ptt_lnw.o
       288         38          0          0          0       1549   rflinkselfcheck.o
      2280        248          0         88         40       7318   rtc.o
       104          6          0          0          0        722   rxtx.o
        18          0          0          0          0        575   rxtxctrl.o
      2386         62          0         21         52       8634   selfcheck.o
      8284        510          0        509         56      23134   si446x.o
       416         18          0         12         44       5378   sleepctrl.o
       856         10          0          0      16208       5382   slot.o
       404         14          0          0          0       1532   spi.o
       816         24          0          0          0      11321   stm32f10x_adc.o
       152          8          0          0          0       3460   stm32f10x_bkp.o
       252          4          0          0          0       3730   stm32f10x_dac.o
        40          4          0          0          0        856   stm32f10x_dbgmcu.o
       456         10          0          0          0       4626   stm32f10x_dma.o
       232          8          0          0          0       2379   stm32f10x_exti.o
      1152         22          0          0          0       9224   stm32f10x_flash_1.o
       612         36          0          0          0       5997   stm32f10x_gpio.o
       250         62          0          0          0       7848   stm32f10x_it.o
        60          6          0          0          0       1297   stm32f10x_iwdg.o
       172         12          0          0          0       1967   stm32f10x_pwr.o
       696         32          0         20          0       8960   stm32f10x_rcc.o
       272          6          0          0          0       3192   stm32f10x_rtc.o
       628         14          0          0          0       7018   stm32f10x_spi.o
         8          4        304          0       2048        352   stm32f10x_startup.o
       660         18          0          1         20     360042   stm32f10x_target.o
      2800         84          0          0          0      23938   stm32f10x_tim.o
       808         22          0          0          0       8864   stm32f10x_usart.o
        96          4          0          8          0       2400   systemtick.o
       524        110         17          0         24       3344   taskmanager.o
      5276        268        394          0        764      23205   tdma.o
      1128        122        154          2        184       9565   testing.o
      1680        120          0         56          0       8840   tim.o
      1856        302        154          0        552       8794   transceiverctrl.o
     10196       1984          0          0          0      15147   uartmsg.o
      1672        114        426          0       2416      11755   ubloxprotocol.o
      1232         44          0          8       2066       7105   usart.o
        76          8          0          1          0        776   wdg.o

    ----------------------------------------------------------------------
    104580       7934       2708       1256      45456     839816   Object Totals
         0          0         32          0          0          0   (incl. Generated)
        10          0          9         23         10          0   (incl. Padding)

    ----------------------------------------------------------------------

      Code (inc. data)   RO Data    RW Data    ZI Data      Debug   Library Member Name

       624         52         80          0          0        168   asin.o
        42          0          0          0          0         84   atof.o
       156          8          0          0          0        104   cos.o
       252         22         48          0          0        124   cos_i.o
        68         10          0          0          0        408   dunder.o
        40          0          0          0          0         68   fpclassify.o
       170          0          0          0          0         96   poly.o
      2520        190        136          0          0        324   pow.o
         0          0          8          0          0          0   qnan.o
       904         76        200          0          0        140   rred.o
       160         10          0          0          0        108   sin.o
       236         12         40          0          0        128   sin_i.o
        76          0          0          0          0         84   sqrt.o
        28          0          0          0          0         80   strtod.o
        86          0          0          0          0          0   __dczerorl2.o
        28          0          0          0          0         68   _chval.o
        64          0          0          0          0         84   _sgetc.o
       158          0          0          0          0         92   _strtoul.o
        26          0          0          0          0         80   atoi.o
        26          0          0          0          0         80   atol.o
         8          4        133          0          0         68   ctype_o.o
         0          0          0          0          0          0   entry.o
         0          0          0          0          0          0   entry10a.o
         0          0          0          0          0          0   entry11a.o
         8          4          0          0          0          0   entry2.o
         4          0          0          0          0          0   entry5.o
         0          0          0          0          0          0   entry7b.o
         0          0          0          0          0          0   entry8b.o
         8          4          0          0          0          0   entry9a.o
        32         16          0          4          0        204   errno.o
        30          0          0          0          0          0   handlers.o
        36          8          0          0          0         68   init.o
        18          0          0          0          0         76   isspace_o.o
         0          0          0          0          0          0   iusefp.o
        30          0          0          0          0         68   llshl.o
        36          0          0          0          0         68   llsshr.o
        32          0          0          0          0         68   llushr.o
       188         20          0          0          0        160   malloc.o
        36          0          0          0          0         68   memcpya.o
        36          0          0          0          0        108   memseta.o
         0          0          0          8          0          0   mvars.o
      2280         92          0          0          0        592   printfa.o
        36         10          0          4          0        136   rand.o
       838         12          0          0          0        216   scanf_fp.o
        24          0          0          0          0         68   strcat.o
        18          0          0          0          0         68   strcpy.o
        14          0          0          0          0         68   strlen.o
        40          0          0          0          0         76   strncat.o
        30          0          0          0          0         80   strncmp.o
        24          0          0          0          0         76   strncpy.o
       156         14          0          0          0        120   strtod.o
       112          0          0          0          0         88   strtol.o
       114          0          0          0          0         92   strtoul.o
        44          0          0          0          0         80   uidiv.o
        98          0          0          0          0         92   uldiv.o
        48          0          0          0          0         68   cdcmple.o
        48          0          0          0          0         68   cdrcmple.o
        56          0          0          0          0         88   d2f.o
       334          0          0          0          0        148   dadd.o
       222          0          0          0          0        100   ddiv.o
       186          0          0          0          0        176   depilogue.o
        62          0          0          0          0         80   dfixi.o
        50          0          0          0          0         76   dfixui.o
        48          0          0          0          0         68   dfixul.o
        34          0          0          0          0         76   dflti.o
        26          0          0          0          0         76   dfltui.o
        24          0          0          0          0         76   dfltul.o
       228          0          0          0          0         96   dmul.o
        46          0          0          0          0         80   dscalb.o
       162          0          0          0          0        100   dsqrt.o
        38          0          0          0          0         68   f2d.o
       110          0          0          0          0        168   fepilogue.o
        40          0          0          0          0         68   ffixui.o
       100          0          0          0          0         76   fmul.o

    ----------------------------------------------------------------------
     11868        564        648         16          0       6884   Library Totals
        12          0          3          0          0          0   (incl. Padding)

    ----------------------------------------------------------------------

      Code (inc. data)   RO Data    RW Data    ZI Data      Debug   Library Name

      5276        380        512          0          0       1916   m_ws.l
      4718        184        133         16          0       3212   mc_w.l
      1862          0          0          0          0       1756   mf_w.l

    ----------------------------------------------------------------------
     11868        564        648         16          0       6884   Library Totals

    ----------------------------------------------------------------------

==============================================================================


      Code (inc. data)   RO Data    RW Data    ZI Data      Debug   

    116448       8498       3356       1272      45456     832320   Grand Totals
    116448       8498       3356        772      45456     832320   ELF Image Totals (compressed)
    116448       8498       3356        772          0          0   ROM Totals

==============================================================================

    Total RO  Size (Code + RO Data)               119804 ( 117.00kB)
    Total RW  Size (RW Data + ZI Data)             46728 (  45.63kB)
    Total ROM Size (Code + RO Data + RW Data)     120576 ( 117.75kB)

==============================================================================

